Archive member included to satisfy reference by file (symbol)

/usr/lib/gcc/arm-none-eabi/14.2.1/thumb/v6-m/nofp/libgcc.a(_dvmd_tls.o)
                              CMakeFiles/pio_dma_test.dir/home/user/src/pico/pico-sdk/src/rp2_common/pico_divider/divider_hardware.S.o (__aeabi_idiv0)
/usr/lib/gcc/arm-none-eabi/14.2.1/../../../arm-none-eabi/lib/thumb/v6-m/nofp/libg.a(libc_a-strlen-stub.o)
                              CMakeFiles/pio_dma_test.dir/CherryUSB/core/usbd_core.c.o (strlen)
/usr/lib/gcc/arm-none-eabi/14.2.1/../../../arm-none-eabi/lib/thumb/v6-m/nofp/libg.a(libc_a-calloc.o)
                              CMakeFiles/pio_dma_test.dir/home/user/src/pico/pico-sdk/src/rp2_common/pico_malloc/malloc.c.o (calloc)
/usr/lib/gcc/arm-none-eabi/14.2.1/../../../arm-none-eabi/lib/thumb/v6-m/nofp/libg.a(libc_a-callocr.o)
                              /usr/lib/gcc/arm-none-eabi/14.2.1/../../../arm-none-eabi/lib/thumb/v6-m/nofp/libg.a(libc_a-calloc.o) (_calloc_r)
/usr/lib/gcc/arm-none-eabi/14.2.1/../../../arm-none-eabi/lib/thumb/v6-m/nofp/libg.a(libc_a-realloc.o)
                              CMakeFiles/pio_dma_test.dir/home/user/src/pico/pico-sdk/src/rp2_common/pico_malloc/malloc.c.o (realloc)
/usr/lib/gcc/arm-none-eabi/14.2.1/../../../arm-none-eabi/lib/thumb/v6-m/nofp/libg.a(libc_a-mallocr.o)
                              /usr/lib/gcc/arm-none-eabi/14.2.1/../../../arm-none-eabi/lib/thumb/v6-m/nofp/libg.a(libc_a-callocr.o) (_malloc_r)
/usr/lib/gcc/arm-none-eabi/14.2.1/../../../arm-none-eabi/lib/thumb/v6-m/nofp/libg.a(libc_a-freer.o)
                              /usr/lib/gcc/arm-none-eabi/14.2.1/../../../arm-none-eabi/lib/thumb/v6-m/nofp/libg.a(libc_a-mallocr.o) (_free_r)
/usr/lib/gcc/arm-none-eabi/14.2.1/../../../arm-none-eabi/lib/thumb/v6-m/nofp/libg.a(libc_a-memcmp.o)
                              CMakeFiles/pio_dma_test.dir/home/user/src/pico/pico-sdk/src/rp2_common/pico_atomic/atomic.c.o (memcmp)
/usr/lib/gcc/arm-none-eabi/14.2.1/../../../arm-none-eabi/lib/thumb/v6-m/nofp/libg.a(libc_a-errno.o)
                              /usr/lib/gcc/arm-none-eabi/14.2.1/../../../arm-none-eabi/lib/thumb/v6-m/nofp/libg.a(libc_a-callocr.o) (__errno)
/usr/lib/gcc/arm-none-eabi/14.2.1/../../../arm-none-eabi/lib/thumb/v6-m/nofp/libg.a(libc_a-malloc.o)
                              CMakeFiles/pio_dma_test.dir/home/user/src/pico/pico-sdk/src/rp2_common/pico_malloc/malloc.c.o (malloc)
/usr/lib/gcc/arm-none-eabi/14.2.1/../../../arm-none-eabi/lib/thumb/v6-m/nofp/libg.a(libc_a-reallocr.o)
                              /usr/lib/gcc/arm-none-eabi/14.2.1/../../../arm-none-eabi/lib/thumb/v6-m/nofp/libg.a(libc_a-realloc.o) (_realloc_r)
/usr/lib/gcc/arm-none-eabi/14.2.1/../../../arm-none-eabi/lib/thumb/v6-m/nofp/libg.a(libc_a-mktime.o)
                              CMakeFiles/pio_dma_test.dir/home/user/src/pico/pico-sdk/src/common/pico_util/datetime.c.o (mktime)
/usr/lib/gcc/arm-none-eabi/14.2.1/../../../arm-none-eabi/lib/thumb/v6-m/nofp/libg.a(libc_a-mlock.o)
                              /usr/lib/gcc/arm-none-eabi/14.2.1/../../../arm-none-eabi/lib/thumb/v6-m/nofp/libg.a(libc_a-mallocr.o) (__malloc_lock)
/usr/lib/gcc/arm-none-eabi/14.2.1/../../../arm-none-eabi/lib/thumb/v6-m/nofp/libg.a(libc_a-tzlock.o)
                              /usr/lib/gcc/arm-none-eabi/14.2.1/../../../arm-none-eabi/lib/thumb/v6-m/nofp/libg.a(libc_a-mktime.o) (__tz_lock)
/usr/lib/gcc/arm-none-eabi/14.2.1/../../../arm-none-eabi/lib/thumb/v6-m/nofp/libg.a(libc_a-sbrkr.o)
                              /usr/lib/gcc/arm-none-eabi/14.2.1/../../../arm-none-eabi/lib/thumb/v6-m/nofp/libg.a(libc_a-mallocr.o) (_sbrk_r)
/usr/lib/gcc/arm-none-eabi/14.2.1/../../../arm-none-eabi/lib/thumb/v6-m/nofp/libg.a(libc_a-lcltime_r.o)
                              CMakeFiles/pio_dma_test.dir/home/user/src/pico/pico-sdk/src/common/pico_util/datetime.c.o (localtime_r)
/usr/lib/gcc/arm-none-eabi/14.2.1/../../../arm-none-eabi/lib/thumb/v6-m/nofp/libg.a(libc_a-impure.o)
                              /usr/lib/gcc/arm-none-eabi/14.2.1/../../../arm-none-eabi/lib/thumb/v6-m/nofp/libg.a(libc_a-calloc.o) (_impure_ptr)
/usr/lib/gcc/arm-none-eabi/14.2.1/../../../arm-none-eabi/lib/thumb/v6-m/nofp/libg.a(libc_a-div.o)
                              /usr/lib/gcc/arm-none-eabi/14.2.1/../../../arm-none-eabi/lib/thumb/v6-m/nofp/libg.a(libc_a-mktime.o) (div)
/usr/lib/gcc/arm-none-eabi/14.2.1/../../../arm-none-eabi/lib/thumb/v6-m/nofp/libg.a(libc_a-memmove.o)
                              /usr/lib/gcc/arm-none-eabi/14.2.1/../../../arm-none-eabi/lib/thumb/v6-m/nofp/libg.a(libc_a-reallocr.o) (memmove)
/usr/lib/gcc/arm-none-eabi/14.2.1/../../../arm-none-eabi/lib/thumb/v6-m/nofp/libg.a(libc_a-findfp.o)
                              /usr/lib/gcc/arm-none-eabi/14.2.1/../../../arm-none-eabi/lib/thumb/v6-m/nofp/libg.a(libc_a-impure.o) (__sf)
/usr/lib/gcc/arm-none-eabi/14.2.1/../../../arm-none-eabi/lib/thumb/v6-m/nofp/libg.a(libc_a-sysconf.o)
[...]
Memory Configuration

Name             Origin             Length             Attributes
FLASH            0x10000000         0x00200000         xr
XIP_RAM          0x15000000         0x00004000         xrw
RAM              0x20000000         0x00040000         xrw
SCRATCH_X        0x20040000         0x00001000         xrw
SCRATCH_Y        0x20041000         0x00001000         xrw
*default*        0x00000000         0xffffffff

Linker script and memory map

                0x20000000                        RAM_ORIGIN_DEFAULT = 0x20000000
                0x00040000                        RAM_LENGTH_DEFAULT = 0x40000
                0x20040000                        SCRATCH_X_ORIGIN_DEFAULT = 0x20040000
                0x00001000                        SCRATCH_X_LENGTH_DEFAULT = 0x1000
                0x20041000                        SCRATCH_Y_ORIGIN_DEFAULT = 0x20041000
                0x00001000                        SCRATCH_Y_LENGTH_DEFAULT = 0x1000
                0x15000000                        XIP_RAM_ORIGIN_DEFAULT = 0x15000000
                0x00004000                        XIP_RAM_LENGTH_DEFAULT = 0x4000
LOAD CMakeFiles/pio_dma_test.dir/src/main.c.o
LOAD CMakeFiles/pio_dma_test.dir/src/get_sine_approx_1025_0_q1.c.o
LOAD CMakeFiles/pio_dma_test.dir/src/audio_v2_mic_speaker_multichan_template.c.o
LOAD CMakeFiles/pio_dma_test.dir/CherryUSB/core/usbd_core.c.o
LOAD CMakeFiles/pio_dma_test.dir/CherryUSB/class/audio/usbd_audio.c.o
LOAD CMakeFiles/pio_dma_test.dir/CherryUSB/port/rp2040/usb_dc_rp2040.c.o
LOAD CMakeFiles/pio_dma_test.dir/home/user/src/pico/pico-sdk/src/rp2_common/pico_stdlib/stdlib.c.o
LOAD CMakeFiles/pio_dma_test.dir/home/user/src/pico/pico-sdk/src/rp2_common/hardware_gpio/gpio.c.o
LOAD CMakeFiles/pio_dma_test.dir/home/user/src/pico/pico-sdk/src/rp2040/pico_platform/platform.c.o
LOAD CMakeFiles/pio_dma_test.dir/home/user/src/pico/pico-sdk/src/rp2_common/pico_platform_common/common.c.o
LOAD CMakeFiles/pio_dma_test.dir/home/user/src/pico/pico-sdk/src/rp2_common/pico_platform_panic/panic.c.o
LOAD CMakeFiles/pio_dma_test.dir/home/user/src/pico/pico-sdk/src/rp2_common/pico_platform_panic/custom_panic_function.S.o
LOAD CMakeFiles/pio_dma_test.dir/home/user/src/pico/pico-sdk/src/common/hardware_claim/claim.c.o
LOAD CMakeFiles/pio_dma_test.dir/home/user/src/pico/pico-sdk/src/rp2_common/hardware_sync/sync.c.o
LOAD CMakeFiles/pio_dma_test.dir/home/user/src/pico/pico-sdk/src/rp2_common/hardware_sync_spin_lock/sync_spin_lock.c.o
LOAD CMakeFiles/pio_dma_test.dir/home/user/src/pico/pico-sdk/src/rp2_common/hardware_irq/irq.c.o
LOAD CMakeFiles/pio_dma_test.dir/home/user/src/pico/pico-sdk/src/rp2_common/hardware_irq/irq_handler_chain.S.o
LOAD CMakeFiles/pio_dma_test.dir/home/user/src/pico/pico-sdk/src/common/pico_sync/sem.c.o
LOAD CMakeFiles/pio_dma_test.dir/home/user/src/pico/pico-sdk/src/common/pico_sync/lock_core.c.o
LOAD CMakeFiles/pio_dma_test.dir/home/user/src/pico/pico-sdk/src/common/pico_sync/mutex.c.o
LOAD CMakeFiles/pio_dma_test.dir/home/user/src/pico/pico-sdk/src/common/pico_sync/critical_section.c.o
LOAD CMakeFiles/pio_dma_test.dir/home/user/src/pico/pico-sdk/src/common/pico_time/time.c.o
LOAD CMakeFiles/pio_dma_test.dir/home/user/src/pico/pico-sdk/src/common/pico_time/timeout_helper.c.o
LOAD CMakeFiles/pio_dma_test.dir/home/user/src/pico/pico-sdk/src/rp2_common/hardware_timer/timer.c.o
LOAD CMakeFiles/pio_dma_test.dir/home/user/src/pico/pico-sdk/src/common/pico_util/datetime.c.o
LOAD CMakeFiles/pio_dma_test.dir/home/user/src/pico/pico-sdk/src/common/pico_util/fixed_bitset.c.o
LOAD CMakeFiles/pio_dma_test.dir/home/user/src/pico/pico-sdk/src/common/pico_util/pheap.c.o
LOAD CMakeFiles/pio_dma_test.dir/home/user/src/pico/pico-sdk/src/common/pico_util/queue.c.o
LOAD CMakeFiles/pio_dma_test.dir/home/user/src/pico/pico-sdk/src/rp2_common/hardware_uart/uart.c.o
LOAD CMakeFiles/pio_dma_test.dir/home/user/src/pico/pico-sdk/src/rp2_common/hardware_clocks/clocks.c.o
LOAD CMakeFiles/pio_dma_test.dir/home/user/src/pico/pico-sdk/src/rp2_common/hardware_pll/pll.c.o
LOAD CMakeFiles/pio_dma_test.dir/home/user/src/pico/pico-sdk/src/rp2_common/hardware_vreg/vreg.c.o
LOAD CMakeFiles/pio_dma_test.dir/home/user/src/pico/pico-sdk/src/rp2_common/hardware_watchdog/watchdog.c.o
LOAD CMakeFiles/pio_dma_test.dir/home/user/src/pico/pico-sdk/src/rp2_common/hardware_ticks/ticks.c.o
LOAD CMakeFiles/pio_dma_test.dir/home/user/src/pico/pico-sdk/src/rp2_common/pico_bootrom/bootrom.c.o
LOAD CMakeFiles/pio_dma_test.dir/home/user/src/pico/pico-sdk/src/rp2_common/pico_bootrom/bootrom_lock.c.o
LOAD CMakeFiles/pio_dma_test.dir/home/user/src/pico/pico-sdk/src/rp2_common/hardware_boot_lock/boot_lock.c.o
LOAD CMakeFiles/pio_dma_test.dir/home/user/src/pico/pico-sdk/src/rp2_common/pico_flash/flash.c.o
LOAD CMakeFiles/pio_dma_test.dir/home/user/src/pico/pico-sdk/src/rp2_common/hardware_xosc/xosc.c.o
LOAD CMakeFiles/pio_dma_test.dir/home/user/src/pico/pico-sdk/src/rp2_common/hardware_divider/divider.S.o
LOAD CMakeFiles/pio_dma_test.dir/home/user/src/pico/pico-sdk/src/rp2_common/pico_runtime/runtime.c.o
LOAD CMakeFiles/pio_dma_test.dir/home/user/src/pico/pico-sdk/src/rp2_common/pico_runtime_init/runtime_init.c.o
LOAD CMakeFiles/pio_dma_test.dir/home/user/src/pico/pico-sdk/src/rp2_common/pico_runtime_init/runtime_init_clocks.c.o
LOAD CMakeFiles/pio_dma_test.dir/home/user/src/pico/pico-sdk/src/rp2_common/pico_runtime_init/runtime_init_stack_guard.c.o
LOAD CMakeFiles/pio_dma_test.dir/home/user/src/pico/pico-sdk/src/rp2_common/hardware_rtc/rtc.c.o
LOAD CMakeFiles/pio_dma_test.dir/home/user/src/pico/pico-sdk/src/rp2_common/pico_bit_ops/bit_ops_aeabi.S.o
LOAD CMakeFiles/pio_dma_test.dir/home/user/src/pico/pico-sdk/src/rp2_common/pico_divider/divider_hardware.S.o
LOAD CMakeFiles/pio_dma_test.dir/home/user/src/pico/pico-sdk/src/rp2_common/pico_double/double_aeabi_rp2040.S.o
LOAD CMakeFiles/pio_dma_test.dir/home/user/src/pico/pico-sdk/src/rp2_common/pico_double/double_init_rom_rp2040.c.o
LOAD CMakeFiles/pio_dma_test.dir/home/user/src/pico/pico-sdk/src/rp2_common/pico_double/double_math.c.o
LOAD CMakeFiles/pio_dma_test.dir/home/user/src/pico/pico-sdk/src/rp2_common/pico_double/double_v1_rom_shim_rp2040.S.o
LOAD CMakeFiles/pio_dma_test.dir/home/user/src/pico/pico-sdk/src/rp2_common/pico_int64_ops/pico_int64_ops_aeabi.S.o
LOAD CMakeFiles/pio_dma_test.dir/home/user/src/pico/pico-sdk/src/rp2_common/pico_float/float_aeabi_rp2040.S.o
LOAD CMakeFiles/pio_dma_test.dir/home/user/src/pico/pico-sdk/src/rp2_common/pico_float/float_init_rom_rp2040.c.o
LOAD CMakeFiles/pio_dma_test.dir/home/user/src/pico/pico-sdk/src/rp2_common/pico_float/float_math.c.o
LOAD CMakeFiles/pio_dma_test.dir/home/user/src/pico/pico-sdk/src/rp2_common/pico_float/float_v1_rom_shim_rp2040.S.o
LOAD CMakeFiles/pio_dma_test.dir/home/user/src/pico/pico-sdk/src/rp2_common/pico_malloc/malloc.c.o
LOAD CMakeFiles/pio_dma_test.dir/home/user/src/pico/pico-sdk/src/rp2_common/pico_mem_ops/mem_ops_aeabi.S.o
LOAD CMakeFiles/pio_dma_test.dir/home/user/src/pico/pico-sdk/src/rp2_common/pico_atomic/atomic.c.o
LOAD CMakeFiles/pio_dma_test.dir/home/user/src/pico/pico-sdk/src/rp2_common/pico_cxx_options/new_delete.cpp.o
LOAD CMakeFiles/pio_dma_test.dir/home/user/src/pico/pico-sdk/src/rp2_common/pico_standard_binary_info/standard_binary_info.c.o
LOAD CMakeFiles/pio_dma_test.dir/home/user/src/pico/pico-sdk/src/rp2_common/pico_printf/printf.c.o
LOAD CMakeFiles/pio_dma_test.dir/home/user/src/pico/pico-sdk/src/rp2_common/pico_crt0/crt0.S.o
LOAD CMakeFiles/pio_dma_test.dir/home/user/src/pico/pico-sdk/src/rp2_common/pico_clib_interface/newlib_interface.c.o
LOAD CMakeFiles/pio_dma_test.dir/home/user/src/pico/pico-sdk/src/rp2_common/pico_clib_interface/cxa_guard.c.o
LOAD CMakeFiles/pio_dma_test.dir/home/user/src/pico/pico-sdk/src/rp2_common/pico_stdio/stdio.c.o
LOAD CMakeFiles/pio_dma_test.dir/home/user/src/pico/pico-sdk/src/rp2_common/pico_stdio_uart/stdio_uart.c.o
LOAD CMakeFiles/pio_dma_test.dir/home/user/src/pico/pico-sdk/src/rp2_common/pico_thread_local/thread_local.c.o
LOAD CMakeFiles/pio_dma_test.dir/home/user/src/pico/pico-sdk/src/rp2_common/cmsis/stub/CMSIS/Device/RP2040/Source/system_RP2040.c.o
LOAD CMakeFiles/pio_dma_test.dir/home/user/src/pico/pico-sdk/src/rp2_common/pico_multicore/multicore.c.o
LOAD CMakeFiles/pio_dma_test.dir/home/user/src/pico/pico-sdk/src/rp2_common/hardware_pio/pio.c.o
LOAD CMakeFiles/pio_dma_test.dir/home/user/src/pico/pico-sdk/src/rp2_common/hardware_dma/dma.c.o
LOAD pico-sdk/src/rp2040/boot_stage2/CMakeFiles/bs2_default_library.dir/bs2_default_padded_checksummed.S.o
LOAD /usr/lib/gcc/arm-none-eabi/14.2.1/../../../arm-none-eabi/lib/thumb/v6-m/nofp/libstdc++.a
LOAD /usr/lib/gcc/arm-none-eabi/14.2.1/../../../arm-none-eabi/lib/thumb/v6-m/nofp/libm.a
START GROUP
LOAD /usr/lib/gcc/arm-none-eabi/14.2.1/thumb/v6-m/nofp/libgcc.a
LOAD /usr/lib/gcc/arm-none-eabi/14.2.1/../../../arm-none-eabi/lib/thumb/v6-m/nofp/libg.a
LOAD /usr/lib/gcc/arm-none-eabi/14.2.1/../../../arm-none-eabi/lib/thumb/v6-m/nofp/libc.a
END GROUP
                0x20000000                        PROVIDE (RAM_ORIGIN = RAM_ORIGIN_DEFAULT)
                0x00040000                        PROVIDE (RAM_LENGTH = RAM_LENGTH_DEFAULT)
                0x20040000                        PROVIDE (SCRATCH_X_ORIGIN = SCRATCH_X_ORIGIN_DEFAULT)
                0x00001000                        PROVIDE (SCRATCH_X_LENGTH = SCRATCH_X_LENGTH_DEFAULT)
                0x20041000                        PROVIDE (SCRATCH_Y_ORIGIN = SCRATCH_Y_ORIGIN_DEFAULT)
                0x00001000                        PROVIDE (SCRATCH_Y_LENGTH = SCRATCH_Y_LENGTH_DEFAULT)
                0x15000000                        PROVIDE (XIP_RAM_ORIGIN = XIP_RAM_ORIGIN_DEFAULT)
                0x00004000                        PROVIDE (XIP_RAM_LENGTH = XIP_RAM_LENGTH_DEFAULT)
                0x20000000                        RAM_ORIGIN = DEFINED (RAM_ORIGIN)?RAM_ORIGIN:RAM_ORIGIN_DEFAULT
                0x00040000                        RAM_LENGTH = DEFINED (RAM_LENGTH)?RAM_LENGTH:RAM_LENGTH_DEFAULT
                0x20040000                        SCRATCH_X_ORIGIN = DEFINED (SCRATCH_X_ORIGIN)?SCRATCH_X_ORIGIN:SCRATCH_X_ORIGIN_DEFAULT
                0x00001000                        SCRATCH_X_LENGTH = DEFINED (SCRATCH_X_LENGTH)?SCRATCH_X_LENGTH:SCRATCH_X_LENGTH_DEFAULT
                0x20041000                        SCRATCH_Y_ORIGIN = DEFINED (SCRATCH_Y_ORIGIN)?SCRATCH_Y_ORIGIN:SCRATCH_Y_ORIGIN_DEFAULT
                0x00001000                        SCRATCH_Y_LENGTH = DEFINED (SCRATCH_Y_LENGTH)?SCRATCH_Y_LENGTH:SCRATCH_Y_LENGTH_DEFAULT
                0x15000000                        XIP_RAM_ORIGIN = DEFINED (XIP_RAM_ORIGIN)?XIP_RAM_ORIGIN:XIP_RAM_ORIGIN_DEFAULT
                0x00004000                        XIP_RAM_LENGTH = DEFINED (XIP_RAM_LENGTH)?XIP_RAM_LENGTH:XIP_RAM_LENGTH_DEFAULT

.flash_begin    0x10000000        0x0
                0x10000000                        __flash_binary_start = .

.boot2          0x10000000      0x100
                0x10000000                        __boot2_start__ = .
 *(.boot2)
 .boot2         0x10000000      0x100 pico-sdk/src/rp2040/boot_stage2/CMakeFiles/bs2_default_library.dir/bs2_default_padded_checksummed.S.o
                0x10000100                        __boot2_end__ = .
                0x00000001                        ASSERT (((__boot2_end__ - __boot2_start__) == 0x100), ERROR: Pico second stage bootloader must be exactly 256 bytes in size for RP2040)

.text           0x10000100     0x664c
                0x10000100                        __logical_binary_start = .
 *(.vectors)
 .vectors       0x10000100       0xd4 CMakeFiles/pio_dma_test.dir/home/user/src/pico/pico-sdk/src/rp2_common/pico_crt0/crt0.S.o
                0x10000100                __vectors
                0x10000100                __VECTOR_TABLE
                0x100001c0                TIMER_IRQ_1_Handler
                0x100001c0                TIMER_IRQ_3_Handler
                0x100001c0                isr_irq30
                0x100001c0                UART0_IRQ_Handler
                0x100001c0                __unhandled_user_irq
                0x100001c0                IO_IRQ_BANK0_Handler
                0x100001c0                PIO0_IRQ_0_Handler
                0x100001c0                USBCTRL_IRQ_Handler
                0x100001c0                SPI1_IRQ_Handler
                0x100001c0                isr_irq27
                0x100001c0                isr_irq31
                0x100001c0                PIO1_IRQ_1_Handler
                0x100001c0                DMA_IRQ_1_Handler
                0x100001c0                I2C1_IRQ_Handler
                0x100001c0                SPI0_IRQ_Handler
                0x100001c0                isr_irq28
                0x100001c0                PIO0_IRQ_1_Handler
                0x100001c0                I2C0_IRQ_Handler
                0x100001c0                SIO_IRQ_PROC1_Handler
                0x100001c0                TIMER_IRQ_0_Handler
                0x100001c0                __vectors_end
                0x100001c0                UART1_IRQ_Handler
                0x100001c0                __default_isrs_start
                0x100001c0                DMA_IRQ_0_Handler
                0x100001c0                RTC_IRQ_Handler
                0x100001c0                TIMER_IRQ_2_Handler
                0x100001c0                CLOCKS_IRQ_Handler
                0x100001c0                PIO1_IRQ_0_Handler
                0x100001c0                ADC_IRQ_FIFO_Handler
                0x100001c0                IO_IRQ_QSPI_Handler
                0x100001c0                SIO_IRQ_PROC0_Handler
                0x100001c0                XIP_IRQ_Handler
                0x100001c0                isr_irq29
                0x100001c0                isr_irq26
                0x100001c0                PWM_IRQ_WRAP_Handler
                0x100001c6                unhandled_user_irq_num_in_r0
                0x100001c8                isr_invalid
                0x100001ca                NMI_Handler
                0x100001cc                HardFault_Handler
                0x100001ce                SVC_Handler
                0x100001d0                PendSV_Handler
                0x100001d2                SysTick_Handler
                0x100001d4                __default_isrs_end
 *(.binary_info_header)
 .binary_info_header
                0x100001d4       0x14 CMakeFiles/pio_dma_test.dir/home/user/src/pico/pico-sdk/src/rp2_common/pico_crt0/crt0.S.o
                0x100001e8                        __binary_info_header_end = .
 *(.embedded_block)
                0x100001e8                        __embedded_block_end = .
 *(.reset)
 .reset         0x100001e8       0x98 CMakeFiles/pio_dma_test.dir/home/user/src/pico/pico-sdk/src/rp2_common/pico_crt0/crt0.S.o
                0x100001e8                _entry_point
 *(.init)
 *libgcc.a:cmse_nonsecure_call.o()
 *(EXCLUDE_FILE(*libm.a: *lib*_a-mem*.o *libc.a: *libgcc.a:) .text*)
 .text.dma_irq0_handler
                0x10000280       0x3c CMakeFiles/pio_dma_test.dir/src/main.c.o
                0x10000280                dma_irq0_handler
 .text.core1_routine
                0x100002bc       0x44 CMakeFiles/pio_dma_test.dir/src/main.c.o
                0x100002bc                core1_routine
 .text.dma_test_pio_program_init
                0x10000300       0xa8 CMakeFiles/pio_dma_test.dir/src/main.c.o
 .text.init_out_pins
                0x100003a8       0x34 CMakeFiles/pio_dma_test.dir/src/main.c.o
                0x100003a8                init_out_pins
 .text.generate_sine_wave16
                0x100003dc       0x7c CMakeFiles/pio_dma_test.dir/src/main.c.o
                0x100003dc                generate_sine_wave16
 .text.startup.main
                0x10000458      0x21c CMakeFiles/pio_dma_test.dir/src/main.c.o
                0x10000458                main
 .text.get_sine_int32
                0x10000674       0xc4 CMakeFiles/pio_dma_test.dir/src/get_sine_approx_1025_0_q1.c.o
                0x10000674                get_sine_int32
 .text.device_descriptor_callback
                0x10000738        0x8 CMakeFiles/pio_dma_test.dir/src/audio_v2_mic_speaker_multichan_template.c.o
 .text.config_descriptor_callback
                0x10000740        0x8 CMakeFiles/pio_dma_test.dir/src/audio_v2_mic_speaker_multichan_template.c.o
 .text.device_quality_descriptor_callback
                0x10000748        0x8 CMakeFiles/pio_dma_test.dir/src/audio_v2_mic_speaker_multichan_template.c.o
 .text.string_descriptor_callback
                0x10000750       0x14 CMakeFiles/pio_dma_test.dir/src/audio_v2_mic_speaker_multichan_template.c.o
 .text.usbd_event_handler
                0x10000764       0x20 CMakeFiles/pio_dma_test.dir/src/audio_v2_mic_speaker_multichan_template.c.o
 .text.usbd_audio_iso_in_callback
                0x10000784        0xc CMakeFiles/pio_dma_test.dir/src/audio_v2_mic_speaker_multichan_template.c.o
                0x10000784                usbd_audio_iso_in_callback
 .text.usbd_audio_iso_out_callback
                0x10000790       0x20 CMakeFiles/pio_dma_test.dir/src/audio_v2_mic_speaker_multichan_template.c.o
                0x10000790                usbd_audio_iso_out_callback
 .text.usbd_audio_iso_out_feedback_callback
                0x100007b0       0x44 CMakeFiles/pio_dma_test.dir/src/audio_v2_mic_speaker_multichan_template.c.o
                0x100007b0                usbd_audio_iso_out_feedback_callback
 .text.usbd_audio_open
                0x100007f4       0x58 CMakeFiles/pio_dma_test.dir/src/audio_v2_mic_speaker_multichan_template.c.o
                0x100007f4                usbd_audio_open
 .text.usbd_audio_close
                0x1000084c       0x1c CMakeFiles/pio_dma_test.dir/src/audio_v2_mic_speaker_multichan_template.c.o
                0x1000084c                usbd_audio_close
 .text.usbd_audio_set_sampling_freq
                0x10000868       0x20 CMakeFiles/pio_dma_test.dir/src/audio_v2_mic_speaker_multichan_template.c.o
                0x10000868                usbd_audio_set_sampling_freq
 .text.usbd_audio_get_sampling_freq
                0x10000888       0x20 CMakeFiles/pio_dma_test.dir/src/audio_v2_mic_speaker_multichan_template.c.o
                0x10000888                usbd_audio_get_sampling_freq
 .text.usbd_audio_get_sampling_freq_table
                0x100008a8       0x20 CMakeFiles/pio_dma_test.dir/src/audio_v2_mic_speaker_multichan_template.c.o
                0x100008a8                usbd_audio_get_sampling_freq_table
 .text.audio_v2_init
                0x100008c8       0xa4 CMakeFiles/pio_dma_test.dir/src/audio_v2_mic_speaker_multichan_template.c.o
                0x100008c8                audio_v2_init
 .text.audio_v2_test
                0x1000096c       0x6c CMakeFiles/pio_dma_test.dir/src/audio_v2_mic_speaker_multichan_template.c.o
                0x1000096c                audio_v2_test
 .text.usbd_event_ep0_in_complete_handler
                0x100009d8       0x7c CMakeFiles/pio_dma_test.dir/CherryUSB/core/usbd_core.c.o
 .text.usbd_setup_request_handler
                0x10000a54      0xaf8 CMakeFiles/pio_dma_test.dir/CherryUSB/core/usbd_core.c.o
 .text.usbd_event_ep0_out_complete_handler
                0x1000154c       0x8c CMakeFiles/pio_dma_test.dir/CherryUSB/core/usbd_core.c.o
 .text.usbd_event_resume_handler
                0x100015d8       0x30 CMakeFiles/pio_dma_test.dir/CherryUSB/core/usbd_core.c.o
                0x100015d8                usbd_event_resume_handler
 .text.usbd_event_suspend_handler
                0x10001608       0x40 CMakeFiles/pio_dma_test.dir/CherryUSB/core/usbd_core.c.o
                0x10001608                usbd_event_suspend_handler
 .text.usbd_event_reset_handler
                0x10001648      0x100 CMakeFiles/pio_dma_test.dir/CherryUSB/core/usbd_core.c.o
                0x10001648                usbd_event_reset_handler
 .text.usbd_event_ep0_setup_complete_handler
                0x10001748      0x544 CMakeFiles/pio_dma_test.dir/CherryUSB/core/usbd_core.c.o
                0x10001748                usbd_event_ep0_setup_complete_handler
 .text.usbd_event_ep_in_complete_handler
                0x10001c8c       0x28 CMakeFiles/pio_dma_test.dir/CherryUSB/core/usbd_core.c.o
                0x10001c8c                usbd_event_ep_in_complete_handler
 .text.usbd_event_ep_out_complete_handler
                0x10001cb4       0x28 CMakeFiles/pio_dma_test.dir/CherryUSB/core/usbd_core.c.o
                0x10001cb4                usbd_event_ep_out_complete_handler
 .text.usbd_desc_register
                0x10001cdc       0x50 CMakeFiles/pio_dma_test.dir/CherryUSB/core/usbd_core.c.o
                0x10001cdc                usbd_desc_register
 .text.usbd_add_interface
                0x10001d2c       0x34 CMakeFiles/pio_dma_test.dir/CherryUSB/core/usbd_core.c.o
                0x10001d2c                usbd_add_interface
 .text.usbd_add_endpoint
                0x10001d60       0x68 CMakeFiles/pio_dma_test.dir/CherryUSB/core/usbd_core.c.o
                0x10001d60                usbd_add_endpoint
 .text.usbd_initialize
                0x10001dc8       0x64 CMakeFiles/pio_dma_test.dir/CherryUSB/core/usbd_core.c.o
                0x10001dc8                usbd_initialize
 .text.usbd_audio_init_intf
                0x10001e2c       0x44 CMakeFiles/pio_dma_test.dir/CherryUSB/class/audio/usbd_audio.c.o
                0x10001e2c                usbd_audio_init_intf
 .text.usbd_audio_set_volume
                0x10001e70        0x4 CMakeFiles/pio_dma_test.dir/CherryUSB/class/audio/usbd_audio.c.o
                0x10001e70                usbd_audio_set_volume
 .text.usbd_audio_get_volume
                0x10001e74        0x4 CMakeFiles/pio_dma_test.dir/CherryUSB/class/audio/usbd_audio.c.o
                0x10001e74                usbd_audio_get_volume
 .text.usbd_audio_set_mute
                0x10001e78        0x4 CMakeFiles/pio_dma_test.dir/CherryUSB/class/audio/usbd_audio.c.o
                0x10001e78                usbd_audio_set_mute
 .text.usbd_audio_get_mute
                0x10001e7c        0x4 CMakeFiles/pio_dma_test.dir/CherryUSB/class/audio/usbd_audio.c.o
                0x10001e7c                usbd_audio_get_mute
 .text.audio_class_endpoint_request_handler
                0x10001e80       0xec CMakeFiles/pio_dma_test.dir/CherryUSB/class/audio/usbd_audio.c.o
 .text.audio_class_interface_request_handler
                0x10001f6c      0x68c CMakeFiles/pio_dma_test.dir/CherryUSB/class/audio/usbd_audio.c.o
 .text.audio_notify_handler
                0x100025f8       0x1c CMakeFiles/pio_dma_test.dir/CherryUSB/class/audio/usbd_audio.c.o
 .text.usb_handle_ep_buff_done
                0x10002614      0xa50 CMakeFiles/pio_dma_test.dir/CherryUSB/port/rp2040/usb_dc_rp2040.c.o
 .text.usb_dc_init
                0x10003064      0x4c0 CMakeFiles/pio_dma_test.dir/CherryUSB/port/rp2040/usb_dc_rp2040.c.o
                0x10003064                usb_dc_init
 .text.usbd_set_address
                0x10003524        0xc CMakeFiles/pio_dma_test.dir/CherryUSB/port/rp2040/usb_dc_rp2040.c.o
                0x10003524                usbd_set_address
 .text.usbd_get_port_speed
                0x10003530        0x4 CMakeFiles/pio_dma_test.dir/CherryUSB/port/rp2040/usb_dc_rp2040.c.o
                0x10003530                usbd_get_port_speed
 .text.usbd_ep_open
                0x10003534       0xbc CMakeFiles/pio_dma_test.dir/CherryUSB/port/rp2040/usb_dc_rp2040.c.o
                0x10003534                usbd_ep_open
 .text.usbd_ep_close
                0x100035f0        0x4 CMakeFiles/pio_dma_test.dir/CherryUSB/port/rp2040/usb_dc_rp2040.c.o
                0x100035f0                usbd_ep_close
 .text.usbd_ep_set_stall
                0x100035f4       0x54 CMakeFiles/pio_dma_test.dir/CherryUSB/port/rp2040/usb_dc_rp2040.c.o
                0x100035f4                usbd_ep_set_stall
 .text.usbd_ep_clear_stall
                0x10003648       0x58 CMakeFiles/pio_dma_test.dir/CherryUSB/port/rp2040/usb_dc_rp2040.c.o
                0x10003648                usbd_ep_clear_stall
 .text.usbd_ep_is_stalled
                0x100036a0       0x3c CMakeFiles/pio_dma_test.dir/CherryUSB/port/rp2040/usb_dc_rp2040.c.o
                0x100036a0                usbd_ep_is_stalled
 .text.usbd_ep_start_write
                0x100036dc      0x400 CMakeFiles/pio_dma_test.dir/CherryUSB/port/rp2040/usb_dc_rp2040.c.o
                0x100036dc                usbd_ep_start_write
 .text.usbd_ep_start_read
                0x10003adc      0x470 CMakeFiles/pio_dma_test.dir/CherryUSB/port/rp2040/usb_dc_rp2040.c.o
                0x10003adc                usbd_ep_start_read
 .text.USBD_IRQHandler
                0x10003f4c      0x148 CMakeFiles/pio_dma_test.dir/CherryUSB/port/rp2040/usb_dc_rp2040.c.o
                0x10003f4c                USBD_IRQHandler
 .text.rp2040_usbd_irq
                0x10004094       0x18 CMakeFiles/pio_dma_test.dir/CherryUSB/port/rp2040/usb_dc_rp2040.c.o
                0x10004094                rp2040_usbd_irq
 .text.gpio_set_function
                0x100040ac       0x34 CMakeFiles/pio_dma_test.dir/home/user/src/pico/pico-sdk/src/rp2_common/hardware_gpio/gpio.c.o
                0x100040ac                gpio_set_function
 .text.gpio_init
                0x100040e0       0x40 CMakeFiles/pio_dma_test.dir/home/user/src/pico/pico-sdk/src/rp2_common/hardware_gpio/gpio.c.o
                0x100040e0                gpio_init
 .text.panic    0x10004120       0x30 CMakeFiles/pio_dma_test.dir/home/user/src/pico/pico-sdk/src/rp2_common/pico_platform_panic/panic.c.o
                0x10004120                panic
 .text.hw_claim_lock
                0x10004150       0x18 CMakeFiles/pio_dma_test.dir/home/user/src/pico/pico-sdk/src/common/hardware_claim/claim.c.o
                0x10004150                hw_claim_lock
 .text.hw_claim_unlock
                0x10004168       0x14 CMakeFiles/pio_dma_test.dir/home/user/src/pico/pico-sdk/src/common/hardware_claim/claim.c.o
                0x10004168                hw_claim_unlock
 .text.hw_claim_or_assert
                0x1000417c       0x44 CMakeFiles/pio_dma_test.dir/home/user/src/pico/pico-sdk/src/common/hardware_claim/claim.c.o
                0x1000417c                hw_claim_or_assert
 .text.hw_claim_unused_from_range
                0x100041c0       0x88 CMakeFiles/pio_dma_test.dir/home/user/src/pico/pico-sdk/src/common/hardware_claim/claim.c.o
                0x100041c0                hw_claim_unused_from_range
 .text.next_striped_spin_lock_num
                0x10004248       0x18 CMakeFiles/pio_dma_test.dir/home/user/src/pico/pico-sdk/src/rp2_common/hardware_sync/sync.c.o
                0x10004248                next_striped_spin_lock_num
 .text.spin_locks_reset
                0x10004260       0x1c CMakeFiles/pio_dma_test.dir/home/user/src/pico/pico-sdk/src/rp2_common/hardware_sync_spin_lock/sync_spin_lock.c.o
                0x10004260                spin_locks_reset
 .text.runtime_init_per_core_irq_priorities
                0x1000427c       0x24 CMakeFiles/pio_dma_test.dir/home/user/src/pico/pico-sdk/src/rp2_common/hardware_irq/irq.c.o
                0x1000427c                runtime_init_per_core_irq_priorities
 .text.irq_set_enabled
                0x100042a0       0x24 CMakeFiles/pio_dma_test.dir/home/user/src/pico/pico-sdk/src/rp2_common/hardware_irq/irq.c.o
                0x100042a0                irq_set_enabled
 .text.irq_is_enabled
                0x100042c4       0x18 CMakeFiles/pio_dma_test.dir/home/user/src/pico/pico-sdk/src/rp2_common/hardware_irq/irq.c.o
                0x100042c4                irq_is_enabled
 .text.irq_set_exclusive_handler
                0x100042dc       0x54 CMakeFiles/pio_dma_test.dir/home/user/src/pico/pico-sdk/src/rp2_common/hardware_irq/irq.c.o
                0x100042dc                irq_set_exclusive_handler
 .text.irq_add_shared_handler
                0x10004330      0x1d8 CMakeFiles/pio_dma_test.dir/home/user/src/pico/pico-sdk/src/rp2_common/hardware_irq/irq.c.o
                0x10004330                irq_add_shared_handler
 .text.irq_remove_handler
                0x10004508      0x1d0 CMakeFiles/pio_dma_test.dir/home/user/src/pico/pico-sdk/src/rp2_common/hardware_irq/irq.c.o
                0x10004508                irq_remove_handler
 .text.irq_add_tail_to_free_list
                0x100046d8       0xb4 CMakeFiles/pio_dma_test.dir/home/user/src/pico/pico-sdk/src/rp2_common/hardware_irq/irq.c.o
                0x100046d8                irq_add_tail_to_free_list
 .text.lock_init
                0x1000478c       0x10 CMakeFiles/pio_dma_test.dir/home/user/src/pico/pico-sdk/src/common/pico_sync/lock_core.c.o
                0x1000478c                lock_init
 .text.runtime_init_mutex
                0x1000479c       0x50 CMakeFiles/pio_dma_test.dir/home/user/src/pico/pico-sdk/src/common/pico_sync/mutex.c.o
                0x1000479c                runtime_init_mutex
 .text.sleep_until_callback
                0x100047ec       0x30 CMakeFiles/pio_dma_test.dir/home/user/src/pico/pico-sdk/src/common/pico_time/time.c.o
 .text.alarm_pool_irq_handler
                0x1000481c      0x300 CMakeFiles/pio_dma_test.dir/home/user/src/pico/pico-sdk/src/common/pico_time/time.c.o
 .text.runtime_init_default_alarm_pool
                0x10004b1c       0xdc CMakeFiles/pio_dma_test.dir/home/user/src/pico/pico-sdk/src/common/pico_time/time.c.o
                0x10004b1c                runtime_init_default_alarm_pool
 .text.alarm_pool_add_alarm_at_force_in_context
                0x10004bf8       0xb0 CMakeFiles/pio_dma_test.dir/home/user/src/pico/pico-sdk/src/common/pico_time/time.c.o
                0x10004bf8                alarm_pool_add_alarm_at_force_in_context
 .text.alarm_pool_cancel_alarm
                0x10004ca8       0x74 CMakeFiles/pio_dma_test.dir/home/user/src/pico/pico-sdk/src/common/pico_time/time.c.o
                0x10004ca8                alarm_pool_cancel_alarm
 .text.sleep_ms
                0x10004d1c       0xfc CMakeFiles/pio_dma_test.dir/home/user/src/pico/pico-sdk/src/common/pico_time/time.c.o
                0x10004d1c                sleep_ms
 .text.best_effort_wfe_or_timeout
                0x10004e18      0x13c CMakeFiles/pio_dma_test.dir/home/user/src/pico/pico-sdk/src/common/pico_time/time.c.o
                0x10004e18                best_effort_wfe_or_timeout
 .text.timer_hardware_alarm_claim
                0x10004f54       0x14 CMakeFiles/pio_dma_test.dir/home/user/src/pico/pico-sdk/src/rp2_common/hardware_timer/timer.c.o
                0x10004f54                timer_hardware_alarm_claim
 .text.timer_time_us_64
                0x10004f68       0x10 CMakeFiles/pio_dma_test.dir/home/user/src/pico/pico-sdk/src/rp2_common/hardware_timer/timer.c.o
                0x10004f68                timer_time_us_64
 .text.time_us_64
                0x10004f78       0x14 CMakeFiles/pio_dma_test.dir/home/user/src/pico/pico-sdk/src/rp2_common/hardware_timer/timer.c.o
                0x10004f78                time_us_64
 .text.busy_wait_us
                0x10004f8c       0x68 CMakeFiles/pio_dma_test.dir/home/user/src/pico/pico-sdk/src/rp2_common/hardware_timer/timer.c.o
                0x10004f8c                busy_wait_us
 .text.busy_wait_until
                0x10004ff4       0x20 CMakeFiles/pio_dma_test.dir/home/user/src/pico/pico-sdk/src/rp2_common/hardware_timer/timer.c.o
                0x10004ff4                busy_wait_until
 .text.uart_init
                0x10005014      0x120 CMakeFiles/pio_dma_test.dir/home/user/src/pico/pico-sdk/src/rp2_common/hardware_uart/uart.c.o
                0x10005014                uart_init
 .text.clock_configure_int_divider
                0x10005134       0xf4 CMakeFiles/pio_dma_test.dir/home/user/src/pico/pico-sdk/src/rp2_common/hardware_clocks/clocks.c.o
                0x10005134                clock_configure_int_divider
 .text.clock_configure_undivided
                0x10005228       0xe8 CMakeFiles/pio_dma_test.dir/home/user/src/pico/pico-sdk/src/rp2_common/hardware_clocks/clocks.c.o
                0x10005228                clock_configure_undivided
 .text.clock_get_hz
                0x10005310        0xc CMakeFiles/pio_dma_test.dir/home/user/src/pico/pico-sdk/src/rp2_common/hardware_clocks/clocks.c.o
                0x10005310                clock_get_hz
 .text.set_sys_clock_pll
                0x1000531c      0x1b8 CMakeFiles/pio_dma_test.dir/home/user/src/pico/pico-sdk/src/rp2_common/hardware_clocks/clocks.c.o
                0x1000531c                set_sys_clock_pll
 .text.check_sys_clock_khz
                0x100054d4      0x26c CMakeFiles/pio_dma_test.dir/home/user/src/pico/pico-sdk/src/rp2_common/hardware_clocks/clocks.c.o
                0x100054d4                check_sys_clock_khz
 .text.pll_init
                0x10005740       0xa4 CMakeFiles/pio_dma_test.dir/home/user/src/pico/pico-sdk/src/rp2_common/hardware_pll/pll.c.o
                0x10005740                pll_init
 .text.tick_start
                0x100057e4       0x10 CMakeFiles/pio_dma_test.dir/home/user/src/pico/pico-sdk/src/rp2_common/hardware_ticks/ticks.c.o
                0x100057e4                tick_start
 .text.rom_func_lookup
                0x100057f4       0x10 CMakeFiles/pio_dma_test.dir/home/user/src/pico/pico-sdk/src/rp2_common/pico_bootrom/bootrom.c.o
                0x100057f4                rom_func_lookup
 .text.rom_data_lookup
                0x10005804       0x10 CMakeFiles/pio_dma_test.dir/home/user/src/pico/pico-sdk/src/rp2_common/pico_bootrom/bootrom.c.o
                0x10005804                rom_data_lookup
 .text.rom_funcs_lookup
                0x10005814       0x44 CMakeFiles/pio_dma_test.dir/home/user/src/pico/pico-sdk/src/rp2_common/pico_bootrom/bootrom.c.o
                0x10005814                rom_funcs_lookup
 .text.xosc_init
                0x10005858       0x28 CMakeFiles/pio_dma_test.dir/home/user/src/pico/pico-sdk/src/rp2_common/hardware_xosc/xosc.c.o
                0x10005858                xosc_init
 .text.first_per_core_initializer
                0x10005880        0x4 CMakeFiles/pio_dma_test.dir/home/user/src/pico/pico-sdk/src/rp2_common/pico_runtime/runtime.c.o
 .text.hard_assertion_failure
                0x10005884        0xc CMakeFiles/pio_dma_test.dir/home/user/src/pico/pico-sdk/src/rp2_common/pico_runtime/runtime.c.o
                0x10005884                hard_assertion_failure
 .text.runtime_run_initializers
                0x10005890       0x28 CMakeFiles/pio_dma_test.dir/home/user/src/pico/pico-sdk/src/rp2_common/pico_runtime/runtime.c.o
                0x10005890                runtime_run_initializers
 .text.runtime_run_per_core_initializers
                0x100058b8       0x28 CMakeFiles/pio_dma_test.dir/home/user/src/pico/pico-sdk/src/rp2_common/pico_runtime/runtime.c.o
                0x100058b8                runtime_run_per_core_initializers
 .text.runtime_init_early_resets
                0x100058e0       0x2c CMakeFiles/pio_dma_test.dir/home/user/src/pico/pico-sdk/src/rp2_common/pico_runtime_init/runtime_init.c.o
                0x100058e0                runtime_init_early_resets
 .text.runtime_init_usb_power_down
                0x1000590c       0x1c CMakeFiles/pio_dma_test.dir/home/user/src/pico/pico-sdk/src/rp2_common/pico_runtime_init/runtime_init.c.o
                0x1000590c                runtime_init_usb_power_down
 .text.runtime_init_post_clock_resets
                0x10005928       0x20 CMakeFiles/pio_dma_test.dir/home/user/src/pico/pico-sdk/src/rp2_common/pico_runtime_init/runtime_init.c.o
                0x10005928                runtime_init_post_clock_resets
 .text.runtime_init_rp2040_gpio_ie_disable
                0x10005948       0x14 CMakeFiles/pio_dma_test.dir/home/user/src/pico/pico-sdk/src/rp2_common/pico_runtime_init/runtime_init.c.o
                0x10005948                runtime_init_rp2040_gpio_ie_disable
 .text.runtime_init_spin_locks_reset
                0x1000595c        0x8 CMakeFiles/pio_dma_test.dir/home/user/src/pico/pico-sdk/src/rp2_common/pico_runtime_init/runtime_init.c.o
                0x1000595c                runtime_init_spin_locks_reset
 .text.runtime_init_install_ram_vector_table
                0x10005964       0xb4 CMakeFiles/pio_dma_test.dir/home/user/src/pico/pico-sdk/src/rp2_common/pico_runtime_init/runtime_init.c.o
                0x10005964                runtime_init_install_ram_vector_table
 .text.runtime_init_clocks
                0x10005a18       0xd8 CMakeFiles/pio_dma_test.dir/home/user/src/pico/pico-sdk/src/rp2_common/pico_runtime_init/runtime_init_clocks.c.o
                0x10005a18                runtime_init_clocks
 .text          0x10005af0       0x10 CMakeFiles/pio_dma_test.dir/home/user/src/pico/pico-sdk/src/rp2_common/pico_bit_ops/bit_ops_aeabi.S.o
 .text.__wrap___aeabi_idiv
                0x10005b00       0x50 CMakeFiles/pio_dma_test.dir/home/user/src/pico/pico-sdk/src/rp2_common/pico_divider/divider_hardware.S.o
                0x10005b00                __wrap___aeabi_idivmod
                0x10005b00                divmod_s32s32
                0x10005b00                div_s32s32
                0x10005b00                __wrap___aeabi_idiv
                0x10005b34                divmod_s32s32_savestate
 .text.__wrap___aeabi_uidiv
                0x10005b50       0x4c CMakeFiles/pio_dma_test.dir/home/user/src/pico/pico-sdk/src/rp2_common/pico_divider/divider_hardware.S.o
                0x10005b50                __wrap___aeabi_uidiv
                0x10005b50                __wrap___aeabi_uidivmod
                0x10005b50                div_u32u32
                0x10005b50                divmod_u32u32
                0x10005b80                divmod_u32u32_savestate
 .text.__aeabi_double_init
                0x10005b9c       0xa4 CMakeFiles/pio_dma_test.dir/home/user/src/pico/pico-sdk/src/rp2_common/pico_double/double_init_rom_rp2040.c.o
                0x10005b9c                __aeabi_double_init
 .text.double_table_shim_on_use_helper
                0x10005c40       0x2c CMakeFiles/pio_dma_test.dir/home/user/src/pico/pico-sdk/src/rp2_common/pico_double/double_v1_rom_shim_rp2040.S.o
                0x10005c40                double_table_shim_on_use_helper
 .text.__aeabi_lmul
                0x10005c6c       0x32 CMakeFiles/pio_dma_test.dir/home/user/src/pico/pico-sdk/src/rp2_common/pico_int64_ops/pico_int64_ops_aeabi.S.o
                0x10005c6c                __wrap___aeabi_lmul
 *fill*         0x10005c9e        0x2 
 .text.__aeabi_float_init
                0x10005ca0       0x64 CMakeFiles/pio_dma_test.dir/home/user/src/pico/pico-sdk/src/rp2_common/pico_float/float_init_rom_rp2040.c.o
                0x10005ca0                __aeabi_float_init
 .text.float_table_shim_on_use_helper
                0x10005d04       0x2c CMakeFiles/pio_dma_test.dir/home/user/src/pico/pico-sdk/src/rp2_common/pico_float/float_v1_rom_shim_rp2040.S.o
                0x10005d04                float_table_shim_on_use_helper
 .text          0x10005d30       0x10 CMakeFiles/pio_dma_test.dir/home/user/src/pico/pico-sdk/src/rp2_common/pico_mem_ops/mem_ops_aeabi.S.o
                0x10005d30                __aeabi_mem_init
 .text.memset   0x10005d40        0xc CMakeFiles/pio_dma_test.dir/home/user/src/pico/pico-sdk/src/rp2_common/pico_mem_ops/mem_ops_aeabi.S.o
                0x10005d40                __wrap_memset
 .text.memcpy   0x10005d4c        0xc CMakeFiles/pio_dma_test.dir/home/user/src/pico/pico-sdk/src/rp2_common/pico_mem_ops/mem_ops_aeabi.S.o
                0x10005d4c                __wrap___aeabi_memcpy
                0x10005d4c                __wrap_memcpy
 .text._out_char
                0x10005d58       0x10 CMakeFiles/pio_dma_test.dir/home/user/src/pico/pico-sdk/src/rp2_common/pico_printf/printf.c.o
 .text.weak_raw_vprintf
                0x10005d68       0x30 CMakeFiles/pio_dma_test.dir/home/user/src/pico/pico-sdk/src/rp2_common/pico_printf/printf.c.o
                0x10005d68                weak_raw_vprintf
 .text._exit    0x10005d98        0x4 CMakeFiles/pio_dma_test.dir/home/user/src/pico/pico-sdk/src/rp2_common/pico_clib_interface/newlib_interface.c.o
                0x10005d98                _exit
 .text._fini    0x10005d9c        0x4 CMakeFiles/pio_dma_test.dir/home/user/src/pico/pico-sdk/src/rp2_common/pico_clib_interface/newlib_interface.c.o
                0x10005d9c                _fini
 .text.exit     0x10005da0        0x8 CMakeFiles/pio_dma_test.dir/home/user/src/pico/pico-sdk/src/rp2_common/pico_clib_interface/newlib_interface.c.o
                0x10005da0                exit
 .text.runtime_init
                0x10005da8       0x2c CMakeFiles/pio_dma_test.dir/home/user/src/pico/pico-sdk/src/rp2_common/pico_clib_interface/newlib_interface.c.o
                0x10005da8                runtime_init
 .text.stdio_out_chars_no_crlf
                0x10005dd4       0x10 CMakeFiles/pio_dma_test.dir/home/user/src/pico/pico-sdk/src/rp2_common/pico_stdio/stdio.c.o
 .text.stdio_out_chars_crlf
                0x10005de4       0xb0 CMakeFiles/pio_dma_test.dir/home/user/src/pico/pico-sdk/src/rp2_common/pico_stdio/stdio.c.o
 .text.stdio_put_string
                0x10005e94       0xfc CMakeFiles/pio_dma_test.dir/home/user/src/pico/pico-sdk/src/rp2_common/pico_stdio/stdio.c.o
                0x10005e94                stdio_put_string
 .text.stdio_set_driver_enabled
                0x10005f90       0x30 CMakeFiles/pio_dma_test.dir/home/user/src/pico/pico-sdk/src/rp2_common/pico_stdio/stdio.c.o
                0x10005f90                stdio_set_driver_enabled
 .text.stdio_init_all
                0x10005fc0        0xc CMakeFiles/pio_dma_test.dir/home/user/src/pico/pico-sdk/src/rp2_common/pico_stdio/stdio.c.o
                0x10005fc0                stdio_init_all
 .text.__wrap_putchar
                0x10005fcc       0x94 CMakeFiles/pio_dma_test.dir/home/user/src/pico/pico-sdk/src/rp2_common/pico_stdio/stdio.c.o
                0x10005fcc                stdio_putchar
                0x10005fcc                __wrap_putchar
 .text.__wrap_puts
                0x10006060       0x3c CMakeFiles/pio_dma_test.dir/home/user/src/pico/pico-sdk/src/rp2_common/pico_stdio/stdio.c.o
                0x10006060                __wrap_puts
                0x10006060                stdio_puts
 .text.stdio_uart_out_chars
                0x1000609c       0x4c CMakeFiles/pio_dma_test.dir/home/user/src/pico/pico-sdk/src/rp2_common/pico_stdio_uart/stdio_uart.c.o
 .text.stdio_uart_in_chars
                0x100060e8       0x90 CMakeFiles/pio_dma_test.dir/home/user/src/pico/pico-sdk/src/rp2_common/pico_stdio_uart/stdio_uart.c.o
                0x100060e8                stdio_uart_in_chars
 .text.on_uart_rx
                0x10006178       0x28 CMakeFiles/pio_dma_test.dir/home/user/src/pico/pico-sdk/src/rp2_common/pico_stdio_uart/stdio_uart.c.o
 .text.stdio_uart_out_flush
                0x100061a0       0x14 CMakeFiles/pio_dma_test.dir/home/user/src/pico/pico-sdk/src/rp2_common/pico_stdio_uart/stdio_uart.c.o
 .text.stdio_uart_set_chars_available_callback
                0x100061b4       0x84 CMakeFiles/pio_dma_test.dir/home/user/src/pico/pico-sdk/src/rp2_common/pico_stdio_uart/stdio_uart.c.o
 .text.stdio_uart_init
                0x10006238       0x50 CMakeFiles/pio_dma_test.dir/home/user/src/pico/pico-sdk/src/rp2_common/pico_stdio_uart/stdio_uart.c.o
                0x10006238                stdio_uart_init
 .text.runtime_init_per_core_tls_setup
                0x10006288        0xc CMakeFiles/pio_dma_test.dir/home/user/src/pico/pico-sdk/src/rp2_common/pico_thread_local/thread_local.c.o
                0x10006288                runtime_init_per_core_tls_setup
 .text.startup.SystemInit
                0x10006294       0x14 CMakeFiles/pio_dma_test.dir/home/user/src/pico/pico-sdk/src/rp2_common/cmsis/stub/CMSIS/Device/RP2040/Source/system_RP2040.c.o
                0x10006294                SystemInit
 .text.core1_trampoline
                0x100062a8        0x4 CMakeFiles/pio_dma_test.dir/home/user/src/pico/pico-sdk/src/rp2_common/pico_multicore/multicore.c.o
 .text.core1_wrapper
                0x100062ac        0xc CMakeFiles/pio_dma_test.dir/home/user/src/pico/pico-sdk/src/rp2_common/pico_multicore/multicore.c.o
                0x100062ac                core1_wrapper
 .text.multicore_reset_core1
                0x100062b8       0x60 CMakeFiles/pio_dma_test.dir/home/user/src/pico/pico-sdk/src/rp2_common/pico_multicore/multicore.c.o
                0x100062b8                multicore_reset_core1
 .text.multicore_launch_core1_raw
                0x10006318       0x94 CMakeFiles/pio_dma_test.dir/home/user/src/pico/pico-sdk/src/rp2_common/pico_multicore/multicore.c.o
                0x10006318                multicore_launch_core1_raw
 .text.multicore_launch_core1
                0x100063ac       0x58 CMakeFiles/pio_dma_test.dir/home/user/src/pico/pico-sdk/src/rp2_common/pico_multicore/multicore.c.o
                0x100063ac                multicore_launch_core1
 .text.pio_claim_unused_sm
                0x10006404       0x38 CMakeFiles/pio_dma_test.dir/home/user/src/pico/pico-sdk/src/rp2_common/hardware_pio/pio.c.o
                0x10006404                pio_claim_unused_sm
 .text.pio_add_program
                0x1000643c       0xec CMakeFiles/pio_dma_test.dir/home/user/src/pico/pico-sdk/src/rp2_common/hardware_pio/pio.c.o
                0x1000643c                pio_add_program
 .text.pio_sm_set_consecutive_pindirs
                0x10006528       0xb4 CMakeFiles/pio_dma_test.dir/home/user/src/pico/pico-sdk/src/rp2_common/hardware_pio/pio.c.o
                0x10006528                pio_sm_set_consecutive_pindirs
 .text.pio_sm_init
                0x100065dc       0x9c CMakeFiles/pio_dma_test.dir/home/user/src/pico/pico-sdk/src/rp2_common/hardware_pio/pio.c.o
                0x100065dc                pio_sm_init
 .text          0x10006678       0x5c /usr/lib/gcc/arm-none-eabi/14.2.1/../../../arm-none-eabi/lib/thumb/v6-m/nofp/libg.a(libc_a-strlen-stub.o)
                0x10006678                strlen
 *fill*         0x100066d4        0x4 
 .text.__stub   0x100066d8       0x30 linker stubs
 *(.fini)
 *crtbegin.o(.ctors)
 *crtbegin?.o(.ctors)
 *(EXCLUDE_FILE(*crtend.o *crtend?.o) .ctors)
 *(SORT_BY_NAME(.ctors.*))
 *(.ctors)
 *crtbegin.o(.dtors)
 *crtbegin?.o(.dtors)
 *(EXCLUDE_FILE(*crtend.o *crtend?.o) .dtors)
 *(SORT_BY_NAME(.dtors.*))
 *(.dtors)
                0x10006708                        . = ALIGN (0x4)
                [!provide]                        PROVIDE (__bothinit_array_start = .)
                0x10006708                        PROVIDE (__preinit_array_start = .)
 *(SORT_BY_NAME(.preinit_array.*))
 .preinit_array.00100
                0x10006708        0x4 CMakeFiles/pio_dma_test.dir/home/user/src/pico/pico-sdk/src/rp2_common/pico_runtime_init/runtime_init.c.o
                0x10006708                __pre_init_runtime_init_early_resets
 .preinit_array.00101
                0x1000670c        0x4 CMakeFiles/pio_dma_test.dir/home/user/src/pico/pico-sdk/src/rp2_common/pico_runtime_init/runtime_init.c.o
                0x1000670c                __pre_init_runtime_init_usb_power_down
 .preinit_array.00275
                0x10006710        0x4 CMakeFiles/pio_dma_test.dir/home/user/src/pico/pico-sdk/src/rp2_common/pico_bit_ops/bit_ops_aeabi.S.o
 .preinit_array.00300
                0x10006714        0x4 CMakeFiles/pio_dma_test.dir/home/user/src/pico/pico-sdk/src/rp2_common/pico_mem_ops/mem_ops_aeabi.S.o
 .preinit_array.00350
                0x10006718        0x4 CMakeFiles/pio_dma_test.dir/home/user/src/pico/pico-sdk/src/rp2_common/pico_double/double_aeabi_rp2040.S.o
 .preinit_array.00350
                0x1000671c        0x4 CMakeFiles/pio_dma_test.dir/home/user/src/pico/pico-sdk/src/rp2_common/pico_float/float_aeabi_rp2040.S.o
 .preinit_array.00500
                0x10006720        0x4 CMakeFiles/pio_dma_test.dir/home/user/src/pico/pico-sdk/src/rp2_common/pico_runtime_init/runtime_init.c.o
                0x10006720                __pre_init_runtime_init_clocks
 .preinit_array.00600
                0x10006724        0x4 CMakeFiles/pio_dma_test.dir/home/user/src/pico/pico-sdk/src/rp2_common/pico_runtime_init/runtime_init.c.o
                0x10006724                __pre_init_runtime_init_post_clock_resets
 .preinit_array.00700
                0x10006728        0x4 CMakeFiles/pio_dma_test.dir/home/user/src/pico/pico-sdk/src/rp2_common/pico_runtime_init/runtime_init.c.o
                0x10006728                __pre_init_runtime_init_rp2040_gpio_ie_disable
 .preinit_array.01000
                0x1000672c        0x4 CMakeFiles/pio_dma_test.dir/home/user/src/pico/pico-sdk/src/rp2_common/pico_runtime_init/runtime_init.c.o
                0x1000672c                __pre_init_runtime_init_spin_locks_reset
 .preinit_array.01100
                0x10006730        0x4 CMakeFiles/pio_dma_test.dir/home/user/src/pico/pico-sdk/src/common/pico_sync/mutex.c.o
                0x10006730                __pre_init_runtime_init_mutex
 .preinit_array.10080
                0x10006734        0x4 CMakeFiles/pio_dma_test.dir/home/user/src/pico/pico-sdk/src/rp2_common/pico_runtime_init/runtime_init.c.o
                0x10006734                __pre_init_runtime_init_install_ram_vector_table
 .preinit_array.11000
                0x10006738        0x4 CMakeFiles/pio_dma_test.dir/home/user/src/pico/pico-sdk/src/common/pico_time/time.c.o
                0x10006738                __pre_init_runtime_init_default_alarm_pool
 .preinit_array.YYYYY
                0x1000673c        0x4 CMakeFiles/pio_dma_test.dir/home/user/src/pico/pico-sdk/src/rp2_common/pico_runtime/runtime.c.o
                0x1000673c                __pre_init_first_per_core_initializer
 .preinit_array.ZZZZZ.01200
                0x10006740        0x4 CMakeFiles/pio_dma_test.dir/home/user/src/pico/pico-sdk/src/rp2_common/hardware_irq/irq.c.o
                0x10006740                __pre_init_runtime_init_per_core_irq_priorities
 .preinit_array.ZZZZZ.10060
                0x10006744        0x4 CMakeFiles/pio_dma_test.dir/home/user/src/pico/pico-sdk/src/rp2_common/pico_thread_local/thread_local.c.o
                0x10006744                __pre_init_runtime_init_per_core_tls_setup
 *(.preinit_array)
                0x10006748                        PROVIDE (__preinit_array_end = .)
                0x10006748                        . = ALIGN (0x4)
                0x10006748                        PROVIDE (__init_array_start = .)
 *(SORT_BY_NAME(.init_array.*))
 *(.init_array)
 .init_array    0x10006748        0x4 CMakeFiles/pio_dma_test.dir/home/user/src/pico/pico-sdk/src/rp2_common/cmsis/stub/CMSIS/Device/RP2040/Source/system_RP2040.c.o
                0x1000674c                        PROVIDE (__init_array_end = .)
                [!provide]                        PROVIDE (__bothinit_array_end = .)
                0x1000674c                        . = ALIGN (0x4)
                [!provide]                        PROVIDE (__fini_array_start = .)
 *(SORT_BY_NAME(.fini_array.*))
 *(.fini_array)
                [!provide]                        PROVIDE (__fini_array_end = .)
                [!provide]                        PROVIDE (__dso_handle = 0x0)
 *(.eh_frame*)
                0x1000674c                        . = ALIGN (0x4)

.glue_7         0x1000674c        0x0
 .glue_7        0x1000674c        0x0 linker stubs

.glue_7t        0x1000674c        0x0
 .glue_7t       0x1000674c        0x0 linker stubs

.vfp11_veneer   0x1000674c        0x0
 .vfp11_veneer  0x1000674c        0x0 linker stubs

.v4_bx          0x1000674c        0x0
 .v4_bx         0x1000674c        0x0 linker stubs

.iplt           0x1000674c        0x0
 .iplt          0x1000674c        0x0 CMakeFiles/pio_dma_test.dir/src/main.c.o

.rodata         0x1000674c      0x424
 *(EXCLUDE_FILE(*libm.a: *lib*_a-mem*.o *libc.a: *libgcc.a:) .rodata*)
 .rodata.main.str1.4
                0x1000674c      0x140 CMakeFiles/pio_dma_test.dir/src/main.c.o
                                 0x32 (size before relaxing)
 .rodata.dma_test_pio_program
                0x1000688c        0x8 CMakeFiles/pio_dma_test.dir/src/main.c.o
 .rodata.dma_test_pio_program_instructions
                0x10006894        0x2 CMakeFiles/pio_dma_test.dir/src/main.c.o
 *fill*         0x10006896        0x2 
 .rodata        0x10006898       0x18 CMakeFiles/pio_dma_test.dir/src/main.c.o
 .rodata.sampling_freq_table_96K
                0x100068b0       0x3e CMakeFiles/pio_dma_test.dir/src/audio_v2_mic_speaker_multichan_template.c.o
 *fill*         0x100068ee        0x2 
 .rodata.sampling_freq_table_48K
                0x100068f0       0x32 CMakeFiles/pio_dma_test.dir/src/audio_v2_mic_speaker_multichan_template.c.o
 *fill*         0x10006922        0x2 
 .rodata.audio_v2_descriptor
                0x10006924       0x24 CMakeFiles/pio_dma_test.dir/src/audio_v2_mic_speaker_multichan_template.c.o
                0x10006924                audio_v2_descriptor
 .rodata.str1.4
                0x10006948       0x37 CMakeFiles/pio_dma_test.dir/src/audio_v2_mic_speaker_multichan_template.c.o
 .rodata.string_descriptors
                0x10006948       0x10 CMakeFiles/pio_dma_test.dir/src/audio_v2_mic_speaker_multichan_template.c.o
 .rodata.__compound_literal.0
                0x10006958        0x2 CMakeFiles/pio_dma_test.dir/src/audio_v2_mic_speaker_multichan_template.c.o
 *fill*         0x1000695a        0x2 
 .rodata.device_quality_descriptor
                0x1000695c        0xa CMakeFiles/pio_dma_test.dir/src/audio_v2_mic_speaker_multichan_template.c.o
 *fill*         0x10006966        0x2 
 .rodata.config_descriptor
                0x10006968      0x116 CMakeFiles/pio_dma_test.dir/src/audio_v2_mic_speaker_multichan_template.c.o
 *fill*         0x10006a7e        0x2 
 .rodata.device_descriptor
                0x10006a80       0x12 CMakeFiles/pio_dma_test.dir/src/audio_v2_mic_speaker_multichan_template.c.o
 *fill*         0x10006a92        0x2 
 .rodata.usbd_setup_request_handler
                0x10006a94       0x68 CMakeFiles/pio_dma_test.dir/CherryUSB/core/usbd_core.c.o
 .rodata.panic.str1.4
                0x10006afc       0x11 CMakeFiles/pio_dma_test.dir/home/user/src/pico/pico-sdk/src/rp2_common/pico_platform_panic/panic.c.o
 .rodata.timer_hardware_alarm_claim.str1.4
                0x10006afc       0x22 CMakeFiles/pio_dma_test.dir/home/user/src/pico/pico-sdk/src/rp2_common/hardware_timer/timer.c.o
 .rodata.hard_assertion_failure.str1.4
                0x10006afc        0xc CMakeFiles/pio_dma_test.dir/home/user/src/pico/pico-sdk/src/rp2_common/pico_runtime/runtime.c.o
 .rodata.str1.4
                0x10006afc       0x44 CMakeFiles/pio_dma_test.dir/home/user/src/pico/pico-sdk/src/rp2_common/pico_standard_binary_info/standard_binary_info.c.o
 .rodata.__bi_84
                0x10006afc        0xc CMakeFiles/pio_dma_test.dir/home/user/src/pico/pico-sdk/src/rp2_common/pico_standard_binary_info/standard_binary_info.c.o
 .rodata.__bi_78
                0x10006b08        0xc CMakeFiles/pio_dma_test.dir/home/user/src/pico/pico-sdk/src/rp2_common/pico_standard_binary_info/standard_binary_info.c.o
 .rodata.__bi_54
                0x10006b14        0xc CMakeFiles/pio_dma_test.dir/home/user/src/pico/pico-sdk/src/rp2_common/pico_standard_binary_info/standard_binary_info.c.o
 .rodata.__bi_48
                0x10006b20        0xc CMakeFiles/pio_dma_test.dir/home/user/src/pico/pico-sdk/src/rp2_common/pico_standard_binary_info/standard_binary_info.c.o
 .rodata.__bi_42
                0x10006b2c        0xc CMakeFiles/pio_dma_test.dir/home/user/src/pico/pico-sdk/src/rp2_common/pico_standard_binary_info/standard_binary_info.c.o
 .rodata.__bi_34
                0x10006b38        0xc CMakeFiles/pio_dma_test.dir/home/user/src/pico/pico-sdk/src/rp2_common/pico_standard_binary_info/standard_binary_info.c.o
 .rodata.__bi_26
                0x10006b44        0xc CMakeFiles/pio_dma_test.dir/home/user/src/pico/pico-sdk/src/rp2_common/pico_standard_binary_info/standard_binary_info.c.o
 .rodata.crlf_str.0
                0x10006b50        0x2 CMakeFiles/pio_dma_test.dir/home/user/src/pico/pico-sdk/src/rp2_common/pico_stdio/stdio.c.o
 .rodata.str1.4
                0x10006b52       0x2c CMakeFiles/pio_dma_test.dir/home/user/src/pico/pico-sdk/src/rp2_common/pico_stdio_uart/stdio_uart.c.o
 *fill*         0x10006b52        0x2 
 .rodata.__bi_45.4
                0x10006b54        0xc CMakeFiles/pio_dma_test.dir/home/user/src/pico/pico-sdk/src/rp2_common/pico_stdio_uart/stdio_uart.c.o
 .rodata.__bi_49.5
                0x10006b60        0x8 CMakeFiles/pio_dma_test.dir/home/user/src/pico/pico-sdk/src/rp2_common/pico_stdio_uart/stdio_uart.c.o
 .rodata.__bi_50.6
                0x10006b68        0x8 CMakeFiles/pio_dma_test.dir/home/user/src/pico/pico-sdk/src/rp2_common/pico_stdio_uart/stdio_uart.c.o
 .rodata.pio_claim_unused_sm.str1.4
                0x10006b70       0x24 CMakeFiles/pio_dma_test.dir/home/user/src/pico/pico-sdk/src/rp2_common/hardware_pio/pio.c.o
 *(.srodata*)
                0x10006b94                        . = ALIGN (0x4)
 *(SORT_BY_ALIGNMENT(SORT_BY_NAME(.flashdata*)))
                0x10006b94                        . = ALIGN (0x4)

.ARM.extab
 *(.ARM.extab* .gnu.linkonce.armextab.*)
                0x10006b70                        __exidx_start = .

.ARM.exidx
 *(.ARM.exidx* .gnu.linkonce.armexidx.*)
                0x10006b70                        __exidx_end = .
                0x10006b94                        . = ALIGN (0x4)
                0x10006b70                        __binary_info_start = .

.binary_info    0x10006b70       0x28
 *(.binary_info.keep.*)
 .binary_info.keep.__bi_ptr84
                0x10006b70        0x4 CMakeFiles/pio_dma_test.dir/home/user/src/pico/pico-sdk/src/rp2_common/pico_standard_binary_info/standard_binary_info.c.o
 .binary_info.keep.__bi_ptr78
                0x10006b74        0x4 CMakeFiles/pio_dma_test.dir/home/user/src/pico/pico-sdk/src/rp2_common/pico_standard_binary_info/standard_binary_info.c.o
 .binary_info.keep.__bi_ptr54
                0x10006b78        0x4 CMakeFiles/pio_dma_test.dir/home/user/src/pico/pico-sdk/src/rp2_common/pico_standard_binary_info/standard_binary_info.c.o
 .binary_info.keep.__bi_ptr48
                0x10006b7c        0x4 CMakeFiles/pio_dma_test.dir/home/user/src/pico/pico-sdk/src/rp2_common/pico_standard_binary_info/standard_binary_info.c.o
 .binary_info.keep.__bi_ptr42
                0x10006b80        0x4 CMakeFiles/pio_dma_test.dir/home/user/src/pico/pico-sdk/src/rp2_common/pico_standard_binary_info/standard_binary_info.c.o
 .binary_info.keep.__bi_ptr34
                0x10006b84        0x4 CMakeFiles/pio_dma_test.dir/home/user/src/pico/pico-sdk/src/rp2_common/pico_standard_binary_info/standard_binary_info.c.o
 .binary_info.keep.__bi_ptr26
                0x10006b88        0x4 CMakeFiles/pio_dma_test.dir/home/user/src/pico/pico-sdk/src/rp2_common/pico_standard_binary_info/standard_binary_info.c.o
 *(.binary_info.*)
 .binary_info.__bi_ptr50
                0x10006b8c        0x4 CMakeFiles/pio_dma_test.dir/home/user/src/pico/pico-sdk/src/rp2_common/pico_stdio_uart/stdio_uart.c.o
 .binary_info.__bi_ptr49
                0x10006b90        0x4 CMakeFiles/pio_dma_test.dir/home/user/src/pico/pico-sdk/src/rp2_common/pico_stdio_uart/stdio_uart.c.o
 .binary_info.__bi_ptr45
                0x10006b94        0x4 CMakeFiles/pio_dma_test.dir/home/user/src/pico/pico-sdk/src/rp2_common/pico_stdio_uart/stdio_uart.c.o
                0x10006b98                        __binary_info_end = .
                0x10006b98                        . = ALIGN (0x4)

.xip_ram        0x15000000        0x0 load address 0x10006b98
                0x15000000                        __xip_ram_start__ = .
                0x15000000                        . = ALIGN (0x4)
 *(.xip_ram*)
                0x15000000                        . = ALIGN (0x4)
                0x15000000                        __xip_ram_end__ = .
                0x10006b98                        __xip_ram_source__ = LOADADDR (.xip_ram)

.ram_vector_table
                0x20000000       0xc0
 *(.ram_vector_table)
 .ram_vector_table
                0x20000000       0xc0 CMakeFiles/pio_dma_test.dir/home/user/src/pico/pico-sdk/src/rp2_common/pico_runtime_init/runtime_init.c.o
                0x20000000                ram_vector_table

.uninitialized_data
                0x200000c0        0x0
                0x200000c0                        . = ALIGN (0x4)
 *(.uninitialized_data*)

.data           0x200000c0     0x1208 load address 0x10006b98
                0x200000c0                        __data_start__ = .
 *(vtable)
 *(.time_critical*)
 .time_critical.mutex_try_enter
                0x200000c0       0x40 CMakeFiles/pio_dma_test.dir/home/user/src/pico/pico-sdk/src/common/pico_sync/mutex.c.o
                0x200000c0                mutex_try_enter
 .time_critical.mutex_enter_block_until
                0x20000100       0x70 CMakeFiles/pio_dma_test.dir/home/user/src/pico/pico-sdk/src/common/pico_sync/mutex.c.o
                0x20000100                mutex_enter_block_until
 .time_critical.mutex_try_enter_block_until
                0x20000170       0x34 CMakeFiles/pio_dma_test.dir/home/user/src/pico/pico-sdk/src/common/pico_sync/mutex.c.o
                0x20000170                mutex_try_enter_block_until
 .time_critical.mutex_exit
                0x200001a4       0x28 CMakeFiles/pio_dma_test.dir/home/user/src/pico/pico-sdk/src/common/pico_sync/mutex.c.o
                0x200001a4                mutex_exit
 *(.text*)
 .text          0x200001cc        0x4 /usr/lib/gcc/arm-none-eabi/14.2.1/thumb/v6-m/nofp/libgcc.a(_dvmd_tls.o)
                0x200001cc                __aeabi_ldiv0
                0x200001cc                __aeabi_idiv0
 .text.__stub   0x200001d0       0x10 linker stubs
                0x200001e0                        . = ALIGN (0x4)
 *(.rodata*)
                0x200001e0                        . = ALIGN (0x4)
                [!provide]                        PROVIDE (__emutls_array_start = .)
 *(.*.__emutls_v.*)
                [!provide]                        PROVIDE (__emutls_array_end = .)
                0x200001e0                        . = ALIGN (0x4)
 *(.data*)
 .data.sine_freq
                0x200001e0        0x4 CMakeFiles/pio_dma_test.dir/src/main.c.o
                0x200001e0                sine_freq
 .data.dma_pio  0x200001e4        0x4 CMakeFiles/pio_dma_test.dir/src/main.c.o
                0x200001e4                dma_pio
 .data.sine_approx_1025_0_q1
                0x200001e8     0x1004 CMakeFiles/pio_dma_test.dir/src/get_sine_approx_1025_0_q1.c.o
                0x200001e8                sine_approx_1025_0_q1
 .data.audio_entity_table
                0x200011ec        0xc CMakeFiles/pio_dma_test.dir/src/audio_v2_mic_speaker_multichan_template.c.o
                0x200011ec                audio_entity_table
 .data.audio_out_feedback_ep
                0x200011f8        0x8 CMakeFiles/pio_dma_test.dir/src/audio_v2_mic_speaker_multichan_template.c.o
 .data.audio_in_ep
                0x20001200        0x8 CMakeFiles/pio_dma_test.dir/src/audio_v2_mic_speaker_multichan_template.c.o
 .data.audio_out_ep
                0x20001208        0x8 CMakeFiles/pio_dma_test.dir/src/audio_v2_mic_speaker_multichan_template.c.o
 .data.striped_spin_lock_num
                0x20001210        0x1 CMakeFiles/pio_dma_test.dir/home/user/src/pico/pico-sdk/src/rp2_common/hardware_sync/sync.c.o
 *fill*         0x20001211        0x3 
 .data          0x20001214       0x48 CMakeFiles/pio_dma_test.dir/home/user/src/pico/pico-sdk/src/rp2_common/hardware_irq/irq_handler_chain.S.o
                0x20001214                irq_handler_chain_slots
                0x20001244                irq_handler_chain_first_slot
                0x2000124e                irq_handler_chain_remove_tail
 *fill*         0x2000125c        0x4 
 .data.last_added.0
                0x20001260        0x8 CMakeFiles/pio_dma_test.dir/home/user/src/pico/pico-sdk/src/common/pico_time/time.c.o
 .data.default_alarm_pool
                0x20001268       0x18 CMakeFiles/pio_dma_test.dir/home/user/src/pico/pico-sdk/src/common/pico_time/time.c.o
 .data.aeabi_bits_funcs
                0x20001280       0x10 CMakeFiles/pio_dma_test.dir/home/user/src/pico/pico-sdk/src/rp2_common/pico_bit_ops/bit_ops_aeabi.S.o
                0x20001280                aeabi_bits_funcs
                0x20001290                aeabi_bits_funcs_end
 .data.aeabi_mem_funcs
                0x20001290       0x10 CMakeFiles/pio_dma_test.dir/home/user/src/pico/pico-sdk/src/rp2_common/pico_mem_ops/mem_ops_aeabi.S.o
                0x20001290                aeabi_mem_funcs
                0x200012a0                aeabi_mem_funcs_end
 .data.stdio_uart
                0x200012a0       0x18 CMakeFiles/pio_dma_test.dir/home/user/src/pico/pico-sdk/src/rp2_common/pico_stdio_uart/stdio_uart.c.o
                0x200012a0                stdio_uart
 *(.sdata*)
                0x200012b8                        . = ALIGN (0x4)
 *(.after_data.*)
                0x200012b8                        . = ALIGN (0x4)
                0x200012b8                        PROVIDE (__mutex_array_start = .)
 *(SORT_BY_NAME(.mutex_array.*))
 *(.mutex_array)
 .mutex_array   0x200012b8        0x8 CMakeFiles/pio_dma_test.dir/home/user/src/pico/pico-sdk/src/rp2_common/pico_malloc/malloc.c.o
 .mutex_array   0x200012c0        0x8 CMakeFiles/pio_dma_test.dir/home/user/src/pico/pico-sdk/src/rp2_common/pico_stdio/stdio.c.o
                0x200012c8                        PROVIDE (__mutex_array_end = .)
 *(.jcr)
                0x200012c8                        . = ALIGN (0x4)

.igot.plt       0x200012c8        0x0 load address 0x10007da0
 .igot.plt      0x200012c8        0x0 CMakeFiles/pio_dma_test.dir/src/main.c.o

.tdata          0x200012c8        0x0 load address 0x10007da0
                0x200012c8                        . = ALIGN (0x4)
 *(.tdata .tdata.* .gnu.linkonce.td.*)
                0x200012c8                        __tdata_end = .
                0x200012c8                        PROVIDE (__data_end__ = .)
                0x10006b98                        __etext = LOADADDR (.data)
                0x200012c8                        . = ALIGN (0x4)

.tbss           0x200012c8        0x0 load address 0x10007da0
                0x200012c8                        __bss_start__ = .
                0x200012c8                        __tls_base = .
 *(.tbss .tbss.* .gnu.linkonce.tb.*)
 *(.tcommon)
                0x200012c8                        . = ALIGN (0x4)
                0x200012c8                        __tls_end = .

.tbss_space     0x200012c8        0x0 load address 0x10007da0
                0x200012c8                        . = (__bss_start__ + SIZEOF (.tbss))

.bss            0x20001300     0x1458 load address 0x10007da0
                0x20001300                        . = ALIGN (0x4)
                0x20001300                        __tbss_end = .
 *(SORT_BY_ALIGNMENT(SORT_BY_NAME(.bss*)))
 .bss.dma_buff_A
                0x20001300       0x80 CMakeFiles/pio_dma_test.dir/src/main.c.o
                0x20001300                dma_buff_A
 .bss.dma_buff_B
                0x20001380       0x80 CMakeFiles/pio_dma_test.dir/src/main.c.o
                0x20001380                dma_buff_B
 .bss.default_alarm_pool_entries
                0x20001400      0x180 CMakeFiles/pio_dma_test.dir/home/user/src/pico/pico-sdk/src/common/pico_time/time.c.o
 .bss.g_rp2040_udc
                0x20001580      0x48c CMakeFiles/pio_dma_test.dir/CherryUSB/port/rp2040/usb_dc_rp2040.c.o
                0x20001580                g_rp2040_udc
 *fill*         0x20001a0c        0x4 
 .bss.sd_table  0x20001a10      0x100 CMakeFiles/pio_dma_test.dir/home/user/src/pico/pico-sdk/src/rp2_common/pico_double/double_init_rom_rp2040.c.o
                0x20001a10                sd_table
 .bss.sf_table  0x20001b10      0x100 CMakeFiles/pio_dma_test.dir/home/user/src/pico/pico-sdk/src/rp2_common/pico_float/float_init_rom_rp2040.c.o
                0x20001b10                sf_table
 .bss.SystemCoreClock
                0x20001c10        0x4 CMakeFiles/pio_dma_test.dir/home/user/src/pico/pico-sdk/src/rp2_common/cmsis/stub/CMSIS/Device/RP2040/Source/system_RP2040.c.o
                0x20001c10                SystemCoreClock
 .bss.__tls_adjusted_by_core
                0x20001c14        0x8 CMakeFiles/pio_dma_test.dir/home/user/src/pico/pico-sdk/src/rp2_common/pico_thread_local/thread_local.c.o
 .bss._used_instruction_space
                0x20001c1c        0x8 CMakeFiles/pio_dma_test.dir/home/user/src/pico/pico-sdk/src/rp2_common/hardware_pio/pio.c.o
 .bss.chars_available_callback
                0x20001c24        0x4 CMakeFiles/pio_dma_test.dir/home/user/src/pico/pico-sdk/src/rp2_common/pico_stdio_uart/stdio_uart.c.o
 .bss.chars_available_param
                0x20001c28        0x4 CMakeFiles/pio_dma_test.dir/home/user/src/pico/pico-sdk/src/rp2_common/pico_stdio_uart/stdio_uart.c.o
 .bss.claimed   0x20001c2c        0x1 CMakeFiles/pio_dma_test.dir/home/user/src/pico/pico-sdk/src/rp2_common/hardware_timer/timer.c.o
 *fill*         0x20001c2d        0x3 
 .bss.claimed   0x20001c30        0x1 CMakeFiles/pio_dma_test.dir/home/user/src/pico/pico-sdk/src/rp2_common/hardware_pio/pio.c.o
 *fill*         0x20001c31        0x3 
 .bss.configured_freq
                0x20001c34       0x28 CMakeFiles/pio_dma_test.dir/home/user/src/pico/pico-sdk/src/rp2_common/hardware_clocks/clocks.c.o
 .bss.core_status
                0x20001c5c        0x2 CMakeFiles/pio_dma_test.dir/home/user/src/pico/pico-sdk/src/rp2_common/pico_multicore/multicore.c.o
 *fill*         0x20001c5e        0x2 
 .bss.drivers   0x20001c60        0x4 CMakeFiles/pio_dma_test.dir/home/user/src/pico/pico-sdk/src/rp2_common/pico_stdio/stdio.c.o
 .bss.filter    0x20001c64        0x4 CMakeFiles/pio_dma_test.dir/home/user/src/pico/pico-sdk/src/rp2_common/pico_stdio/stdio.c.o
 .bss.g_core1_rdy
                0x20001c68        0x4 CMakeFiles/pio_dma_test.dir/src/main.c.o
                0x20001c68                g_core1_rdy
 .bss.g_usbd_audio
                0x20001c6c        0x8 CMakeFiles/pio_dma_test.dir/CherryUSB/class/audio/usbd_audio.c.o
                0x20001c6c                g_usbd_audio
 .bss.g_usbd_core
                0x20001c74      0x5fc CMakeFiles/pio_dma_test.dir/CherryUSB/core/usbd_core.c.o
                0x20001c74                g_usbd_core
 .bss.g_usbdev_bus
                0x20002270        0x8 CMakeFiles/pio_dma_test.dir/CherryUSB/core/usbd_core.c.o
                0x20002270                g_usbdev_bus
 .bss.intf0     0x20002278       0x1c CMakeFiles/pio_dma_test.dir/src/audio_v2_mic_speaker_multichan_template.c.o
                0x20002278                intf0
 .bss.intf1     0x20002294       0x1c CMakeFiles/pio_dma_test.dir/src/audio_v2_mic_speaker_multichan_template.c.o
                0x20002294                intf1
 .bss.intf2     0x200022b0       0x1c CMakeFiles/pio_dma_test.dir/src/audio_v2_mic_speaker_multichan_template.c.o
                0x200022b0                intf2
 .bss.last_out_bytes
                0x200022cc        0x4 CMakeFiles/pio_dma_test.dir/src/audio_v2_mic_speaker_multichan_template.c.o
                0x200022cc                last_out_bytes
 .bss.lazy_vsnprintf
                0x200022d0        0x4 CMakeFiles/pio_dma_test.dir/home/user/src/pico/pico-sdk/src/rp2_common/pico_printf/printf.c.o
 .bss.pools     0x200022d4       0x10 CMakeFiles/pio_dma_test.dir/home/user/src/pico/pico-sdk/src/common/pico_time/time.c.o
 .bss.s_mic_sample_rate
                0x200022e4        0x4 CMakeFiles/pio_dma_test.dir/src/audio_v2_mic_speaker_multichan_template.c.o
                0x200022e4                s_mic_sample_rate
 .bss.s_speaker_feedback_buffer
                0x200022e8        0x4 CMakeFiles/pio_dma_test.dir/src/audio_v2_mic_speaker_multichan_template.c.o
                0x200022e8                s_speaker_feedback_buffer
 .bss.s_speaker_sample_rate
                0x200022ec        0x4 CMakeFiles/pio_dma_test.dir/src/audio_v2_mic_speaker_multichan_template.c.o
                0x200022ec                s_speaker_sample_rate
 .bss.sf_clz_func
                0x200022f0        0x4 CMakeFiles/pio_dma_test.dir/home/user/src/pico/pico-sdk/src/rp2_common/pico_double/double_init_rom_rp2040.c.o
                0x200022f0                sf_clz_func
 .bss.sine_phase
                0x200022f4        0x4 CMakeFiles/pio_dma_test.dir/src/main.c.o
                0x200022f4                sine_phase
 .bss.sleep_notifier
                0x200022f8        0x4 CMakeFiles/pio_dma_test.dir/home/user/src/pico/pico-sdk/src/common/pico_time/time.c.o
 .bss.uac_read_buffer
                0x200022fc      0x1e0 CMakeFiles/pio_dma_test.dir/src/audio_v2_mic_speaker_multichan_template.c.o
                0x200022fc                uac_read_buffer
 .bss.uac_write_buffer
                0x200024dc      0x270 CMakeFiles/pio_dma_test.dir/src/audio_v2_mic_speaker_multichan_template.c.o
                0x200024dc                uac_write_buffer
 .bss.uart_char_to_line_feed
                0x2000274c        0x4 CMakeFiles/pio_dma_test.dir/home/user/src/pico/pico-sdk/src/rp2_common/hardware_uart/uart.c.o
                0x2000274c                uart_char_to_line_feed
 .bss.uart_instance
                0x20002750        0x4 CMakeFiles/pio_dma_test.dir/home/user/src/pico/pico-sdk/src/rp2_common/pico_stdio_uart/stdio_uart.c.o
 .bss.g_USB_tx_state
                0x20002754        0x1 CMakeFiles/pio_dma_test.dir/src/audio_v2_mic_speaker_multichan_template.c.o
                0x20002754                g_USB_tx_state
 .bss.irq_handler_chain_free_slot_head
                0x20002755        0x1 CMakeFiles/pio_dma_test.dir/home/user/src/pico/pico-sdk/src/rp2_common/hardware_irq/irq.c.o
 .bss.rx_flag   0x20002756        0x1 CMakeFiles/pio_dma_test.dir/src/audio_v2_mic_speaker_multichan_template.c.o
                0x20002756                rx_flag
 .bss.usb_is_ready
                0x20002757        0x1 CMakeFiles/pio_dma_test.dir/src/audio_v2_mic_speaker_multichan_template.c.o
                0x20002757                usb_is_ready
 *(COMMON)
                [!provide]                        PROVIDE (__global_pointer$ = (. + 0x800))
 *(.sbss*)
                0x20002758                        . = ALIGN (0x4)
                0x20002758                        __bss_end__ = .
                [!provide]                        PROVIDE (__tls_start = SIZEOF (.tdata)?ADDR (.tdata):ADDR (.tbss))
                [!provide]                        PROVIDE (__tls_size = (__tls_end - __tls_start))
                0x00000001                        PROVIDE (__tls_align = MAX (ALIGNOF (.tdata), ALIGNOF (.tbss)))
                [!provide]                        PROVIDE (__tls_size_align = ALIGN (__tls_size, __tls_align))
                0x00000008                        PROVIDE (__arm32_tls_tcb_offset = MAX (0x8, __tls_align))
                0x00000000                        PROVIDE (__tdata_size = SIZEOF (.tdata))
                0x10007da0                        PROVIDE (__tdata_source = LOADADDR (.tdata))
                0x00000000                        PROVIDE (__tbss_size = SIZEOF (.tbss))
                [!provide]                        PROVIDE (__tbss_offset = (ADDR (.tbss) - __tls_start))

.tlsX_not_needed_marker
 *(.tlsX_not_needed_marker)
                [!provide]                        PROVIDE (__tlsX_align = (SIZEOF (.tlsX_not_needed_marker) > 0x0)?0x4:__tls_align)
                [!provide]                        PROVIDE (__tlsX_size_align = (SIZEOF (.tlsX_not_needed_marker) > 0x0)?0x0:__tls_size_align)
                0x200012c8                        __tls_start = DEFINED (__tls_start)?__tls_start:SIZEOF (.tdata)?ADDR (.tdata):ADDR (.tbss)
                0x00000000                        __tls_size = DEFINED (__tls_size)?__tls_size:(__tls_end - __tls_start)
                0x00000001                        __tls_align = DEFINED (__tls_align)?__tls_align:MAX (ALIGNOF (.tdata), ALIGNOF (.tbss))
                0x00000000                        __tls_size_align = DEFINED (__tls_size_align)?__tls_size_align:ALIGN (__tls_size, __tls_align)
                0x00000008                        __arm32_tls_tcb_offset = DEFINED (__arm32_tls_tcb_offset)?__arm32_tls_tcb_offset:MAX (0x8, __tls_align)
                0x00000000                        __tdata_size = DEFINED (__tdata_size)?__tdata_size:SIZEOF (.tdata)
                0x10007da0                        __tdata_source = DEFINED (__tdata_source)?__tdata_source:LOADADDR (.tdata)
                0x00000000                        __tbss_size = DEFINED (__tbss_size)?__tbss_size:SIZEOF (.tbss)
                0x00000000                        __tbss_offset = DEFINED (__tbss_offset)?__tbss_offset:(ADDR (.tbss) - __tls_start)
                0x00000001                        __tlsX_align = DEFINED (__tlsX_align)?__tlsX_align:(SIZEOF (.tlsX_not_needed_marker) > 0x0)?0x4:__tls_align
                0x00000000                        __tlsX_size_align = DEFINED (__tlsX_size_align)?__tlsX_size_align:(SIZEOF (.tlsX_not_needed_marker) > 0x0)?0x0:__tls_size_align

.tls0           0x20002758        0x0 load address 0x10007da0
                0x20002758                        . = ALIGN (__tlsX_align)
                0x20002758                        PROVIDE (__tls0_base = .)
                0x20002758                        . = (. + __tlsX_size_align)

.tls1           0x20002758        0x0 load address 0x10007da0
                0x20002758                        . = ALIGN (__tlsX_align)
                0x20002758                        PROVIDE (__tls1_base = .)
                0x20002758                        . = (. + __tlsX_size_align)

.persistent_data
                0x20002758        0x0 load address 0x10007da0
                0x20002758                        __persistent_data_start__ = .
 *(.persistent_data*)
                0x20002758                        . = ALIGN (0x4)
                [!provide]                        PROVIDE (__persistent_data_end__ = .)

.dummy_pre_heap
                0x20002758        0x0 load address 0x10007da0
                0x20002758                        . = .

.heap           0x20002758      0x800
                0x20002758                        __end__ = .
                0x20002758                        end = __end__
 *(.heap*)
 .heap          0x20002758      0x800 CMakeFiles/pio_dma_test.dir/home/user/src/pico/pico-sdk/src/rp2_common/pico_crt0/crt0.S.o
                0x20040000                        __HeapLimit = DEFINED (HEAP_LIMIT)?HEAP_LIMIT:(ORIGIN (RAM) + LENGTH (RAM))

.scratch_x      0x20040000        0x0 load address 0x10007da0
                0x20040000                        __scratch_x_start__ = .
 *(.scratch_x.*)
                0x20040000                        . = ALIGN (0x4)
                0x20040000                        __scratch_x_end__ = .
                0x10007da0                        __scratch_x_source__ = LOADADDR (.scratch_x)

.scratch_y      0x20041000        0x0 load address 0x10007da0
                0x20041000                        __scratch_y_start__ = .
 *(.scratch_y.*)
                0x20041000                        . = ALIGN (0x4)
                0x20041000                        __scratch_y_end__ = .
                0x10007da0                        __scratch_y_source__ = LOADADDR (.scratch_y)

.stack1_dummy   0x20040000      0x800
 *(.stack1*)
 .stack1        0x20040000      0x800 CMakeFiles/pio_dma_test.dir/home/user/src/pico/pico-sdk/src/rp2_common/pico_multicore/multicore.c.o

.stack_dummy    0x20041000      0x800
 *(.stack*)
 .stack         0x20041000      0x800 CMakeFiles/pio_dma_test.dir/home/user/src/pico/pico-sdk/src/rp2_common/pico_crt0/crt0.S.o

.rel.dyn        0x20041800        0x0
 .rel.iplt      0x20041800        0x0 CMakeFiles/pio_dma_test.dir/src/main.c.o

.flash_end      0x10007da0        0x0
 *(.embedded_end_block*)
                0x10007da0                        PROVIDE (__flash_binary_end = .)
                0x20040000                        __StackLimit = (ORIGIN (RAM) + LENGTH (RAM))
                0x20041000                        __StackOneTop = (ORIGIN (SCRATCH_X) + LENGTH (SCRATCH_X))
                0x20042000                        __StackTop = (ORIGIN (SCRATCH_Y) + LENGTH (SCRATCH_Y))
                0x20040800                        __StackOneBottom = (__StackOneTop - SIZEOF (.stack1_dummy))
                0x20041800                        __StackBottom = (__StackTop - SIZEOF (.stack_dummy))
                [!provide]                        PROVIDE (__stack = __StackTop)
                [!provide]                        PROVIDE (__heap_start = __end__)
                [!provide]                        PROVIDE (__heap_end = __HeapLimit)
                0x00000001                        PROVIDE (__tls_align = MAX (ALIGNOF (.tdata), ALIGNOF (.tbss)))
                [!provide]                        PROVIDE (__tls_size_align = (((__tls_size + __tls_align) - 0x1) & ~ ((__tls_align - 0x1))))
                0x00000008                        PROVIDE (__arm32_tls_tcb_offset = MAX (0x8, __tls_align))
                [!provide]                        PROVIDE (_end = __end__)
                [!provide]                        PROVIDE (__llvm_libc_heap_limit = __HeapLimit)
                0x00000001                        ASSERT ((__StackLimit >= __HeapLimit), region RAM overflowed)
                0x00000001                        ASSERT (((__binary_info_header_end - __logical_binary_start) <= 0x100), Binary info must be in first 256 bytes of the binary)
OUTPUT(../bin/pio_dma_test.elf elf32-littlearm)
LOAD linker stubs

.debug_info     0x00000000    0x2bdba
 .debug_info    0x00000000     0x29f3 CMakeFiles/pio_dma_test.dir/src/main.c.o
 .debug_info    0x000029f3      0x12e CMakeFiles/pio_dma_test.dir/src/get_sine_approx_1025_0_q1.c.o
 .debug_info    0x00002b21     0x1264 CMakeFiles/pio_dma_test.dir/src/audio_v2_mic_speaker_multichan_template.c.o
 .debug_info    0x00003d85     0x25dd CMakeFiles/pio_dma_test.dir/CherryUSB/core/usbd_core.c.o
 .debug_info    0x00006362     0x1336 CMakeFiles/pio_dma_test.dir/CherryUSB/class/audio/usbd_audio.c.o
 .debug_info    0x00007698     0x22e3 CMakeFiles/pio_dma_test.dir/CherryUSB/port/rp2040/usb_dc_rp2040.c.o
 .debug_info    0x0000997b     0x235c CMakeFiles/pio_dma_test.dir/home/user/src/pico/pico-sdk/src/rp2_common/hardware_gpio/gpio.c.o
 .debug_info    0x0000bcd7      0x1bf CMakeFiles/pio_dma_test.dir/home/user/src/pico/pico-sdk/src/rp2_common/pico_platform_panic/panic.c.o
 .debug_info    0x0000be96      0x986 CMakeFiles/pio_dma_test.dir/home/user/src/pico/pico-sdk/src/common/hardware_claim/claim.c.o
 .debug_info    0x0000c81c      0x440 CMakeFiles/pio_dma_test.dir/home/user/src/pico/pico-sdk/src/rp2_common/hardware_sync/sync.c.o
 .debug_info    0x0000cc5c      0x237 CMakeFiles/pio_dma_test.dir/home/user/src/pico/pico-sdk/src/rp2_common/hardware_sync_spin_lock/sync_spin_lock.c.o
 .debug_info    0x0000ce93     0x22a2 CMakeFiles/pio_dma_test.dir/home/user/src/pico/pico-sdk/src/rp2_common/hardware_irq/irq.c.o
 .debug_info    0x0000f135      0x155 CMakeFiles/pio_dma_test.dir/home/user/src/pico/pico-sdk/src/common/pico_sync/lock_core.c.o
 .debug_info    0x0000f28a     0x1baf CMakeFiles/pio_dma_test.dir/home/user/src/pico/pico-sdk/src/common/pico_sync/mutex.c.o
 .debug_info    0x00010e39     0x5042 CMakeFiles/pio_dma_test.dir/home/user/src/pico/pico-sdk/src/common/pico_time/time.c.o
 .debug_info    0x00015e7b     0x2afb CMakeFiles/pio_dma_test.dir/home/user/src/pico/pico-sdk/src/rp2_common/hardware_timer/timer.c.o
 .debug_info    0x00018976     0x1a9e CMakeFiles/pio_dma_test.dir/home/user/src/pico/pico-sdk/src/rp2_common/hardware_uart/uart.c.o
 .debug_info    0x0001a414     0x2eca CMakeFiles/pio_dma_test.dir/home/user/src/pico/pico-sdk/src/rp2_common/hardware_clocks/clocks.c.o
 .debug_info    0x0001d2de      0x4d9 CMakeFiles/pio_dma_test.dir/home/user/src/pico/pico-sdk/src/rp2_common/hardware_pll/pll.c.o
 .debug_info    0x0001d7b7      0x230 CMakeFiles/pio_dma_test.dir/home/user/src/pico/pico-sdk/src/rp2_common/hardware_ticks/ticks.c.o
 .debug_info    0x0001d9e7      0x654 CMakeFiles/pio_dma_test.dir/home/user/src/pico/pico-sdk/src/rp2_common/pico_bootrom/bootrom.c.o
 .debug_info    0x0001e03b      0x1b8 CMakeFiles/pio_dma_test.dir/home/user/src/pico/pico-sdk/src/rp2_common/hardware_xosc/xosc.c.o
 .debug_info    0x0001e1f3      0x20e CMakeFiles/pio_dma_test.dir/home/user/src/pico/pico-sdk/src/rp2_common/pico_runtime/runtime.c.o
 .debug_info    0x0001e401      0x7d2 CMakeFiles/pio_dma_test.dir/home/user/src/pico/pico-sdk/src/rp2_common/pico_runtime_init/runtime_init.c.o
 .debug_info    0x0001ebd3      0x769 CMakeFiles/pio_dma_test.dir/home/user/src/pico/pico-sdk/src/rp2_common/pico_runtime_init/runtime_init_clocks.c.o
 .debug_info    0x0001f33c       0x23 CMakeFiles/pio_dma_test.dir/home/user/src/pico/pico-sdk/src/rp2_common/pico_bit_ops/bit_ops_aeabi.S.o
 .debug_info    0x0001f35f       0x23 CMakeFiles/pio_dma_test.dir/home/user/src/pico/pico-sdk/src/rp2_common/pico_divider/divider_hardware.S.o
 .debug_info    0x0001f382       0x23 CMakeFiles/pio_dma_test.dir/home/user/src/pico/pico-sdk/src/rp2_common/pico_double/double_aeabi_rp2040.S.o
 .debug_info    0x0001f3a5      0x268 CMakeFiles/pio_dma_test.dir/home/user/src/pico/pico-sdk/src/rp2_common/pico_double/double_init_rom_rp2040.c.o
 .debug_info    0x0001f60d       0x23 CMakeFiles/pio_dma_test.dir/home/user/src/pico/pico-sdk/src/rp2_common/pico_double/double_v1_rom_shim_rp2040.S.o
 .debug_info    0x0001f630       0x24 CMakeFiles/pio_dma_test.dir/home/user/src/pico/pico-sdk/src/rp2_common/pico_int64_ops/pico_int64_ops_aeabi.S.o
 .debug_info    0x0001f654       0x23 CMakeFiles/pio_dma_test.dir/home/user/src/pico/pico-sdk/src/rp2_common/pico_float/float_aeabi_rp2040.S.o
 .debug_info    0x0001f677      0x268 CMakeFiles/pio_dma_test.dir/home/user/src/pico/pico-sdk/src/rp2_common/pico_float/float_init_rom_rp2040.c.o
 .debug_info    0x0001f8df       0x23 CMakeFiles/pio_dma_test.dir/home/user/src/pico/pico-sdk/src/rp2_common/pico_float/float_v1_rom_shim_rp2040.S.o
 .debug_info    0x0001f902      0x625 CMakeFiles/pio_dma_test.dir/home/user/src/pico/pico-sdk/src/rp2_common/pico_malloc/malloc.c.o
 .debug_info    0x0001ff27       0x23 CMakeFiles/pio_dma_test.dir/home/user/src/pico/pico-sdk/src/rp2_common/pico_mem_ops/mem_ops_aeabi.S.o
 .debug_info    0x0001ff4a      0x278 CMakeFiles/pio_dma_test.dir/home/user/src/pico/pico-sdk/src/rp2_common/pico_standard_binary_info/standard_binary_info.c.o
 .debug_info    0x000201c2     0x22da CMakeFiles/pio_dma_test.dir/home/user/src/pico/pico-sdk/src/rp2_common/pico_printf/printf.c.o
 .debug_info    0x0002249c       0x23 CMakeFiles/pio_dma_test.dir/home/user/src/pico/pico-sdk/src/rp2_common/pico_crt0/crt0.S.o
 .debug_info    0x000224bf      0xbd0 CMakeFiles/pio_dma_test.dir/home/user/src/pico/pico-sdk/src/rp2_common/pico_clib_interface/newlib_interface.c.o
 .debug_info    0x0002308f     0x1e03 CMakeFiles/pio_dma_test.dir/home/user/src/pico/pico-sdk/src/rp2_common/pico_stdio/stdio.c.o
 .debug_info    0x00024e92     0x1592 CMakeFiles/pio_dma_test.dir/home/user/src/pico/pico-sdk/src/rp2_common/pico_stdio_uart/stdio_uart.c.o
 .debug_info    0x00026424      0x49f CMakeFiles/pio_dma_test.dir/home/user/src/pico/pico-sdk/src/rp2_common/pico_thread_local/thread_local.c.o
 .debug_info    0x000268c3      0x2a7 CMakeFiles/pio_dma_test.dir/home/user/src/pico/pico-sdk/src/rp2_common/cmsis/stub/CMSIS/Device/RP2040/Source/system_RP2040.c.o
 .debug_info    0x00026b6a     0x20ab CMakeFiles/pio_dma_test.dir/home/user/src/pico/pico-sdk/src/rp2_common/pico_multicore/multicore.c.o
 .debug_info    0x00028c15     0x307e CMakeFiles/pio_dma_test.dir/home/user/src/pico/pico-sdk/src/rp2_common/hardware_pio/pio.c.o
 .debug_info    0x0002bc93       0x3c /usr/lib/gcc/arm-none-eabi/14.2.1/thumb/v6-m/nofp/libgcc.a(_dvmd_tls.o)
 .debug_info    0x0002bccf       0xeb /usr/lib/gcc/arm-none-eabi/14.2.1/../../../arm-none-eabi/lib/thumb/v6-m/nofp/libg.a(libc_a-strlen-stub.o)

.debug_abbrev   0x00000000     0x7b1d
 .debug_abbrev  0x00000000      0x57f CMakeFiles/pio_dma_test.dir/src/main.c.o
 .debug_abbrev  0x0000057f       0xb9 CMakeFiles/pio_dma_test.dir/src/get_sine_approx_1025_0_q1.c.o
 .debug_abbrev  0x00000638      0x426 CMakeFiles/pio_dma_test.dir/src/audio_v2_mic_speaker_multichan_template.c.o
 .debug_abbrev  0x00000a5e      0x50a CMakeFiles/pio_dma_test.dir/CherryUSB/core/usbd_core.c.o
 .debug_abbrev  0x00000f68      0x425 CMakeFiles/pio_dma_test.dir/CherryUSB/class/audio/usbd_audio.c.o
 .debug_abbrev  0x0000138d      0x55e CMakeFiles/pio_dma_test.dir/CherryUSB/port/rp2040/usb_dc_rp2040.c.o
 .debug_abbrev  0x000018eb      0x4d9 CMakeFiles/pio_dma_test.dir/home/user/src/pico/pico-sdk/src/rp2_common/hardware_gpio/gpio.c.o
 .debug_abbrev  0x00001dc4      0x12b CMakeFiles/pio_dma_test.dir/home/user/src/pico/pico-sdk/src/rp2_common/pico_platform_panic/panic.c.o
 .debug_abbrev  0x00001eef      0x32a CMakeFiles/pio_dma_test.dir/home/user/src/pico/pico-sdk/src/common/hardware_claim/claim.c.o
 .debug_abbrev  0x00002219      0x212 CMakeFiles/pio_dma_test.dir/home/user/src/pico/pico-sdk/src/rp2_common/hardware_sync/sync.c.o
 .debug_abbrev  0x0000242b      0x1ae CMakeFiles/pio_dma_test.dir/home/user/src/pico/pico-sdk/src/rp2_common/hardware_sync_spin_lock/sync_spin_lock.c.o
 .debug_abbrev  0x000025d9      0x5ed CMakeFiles/pio_dma_test.dir/home/user/src/pico/pico-sdk/src/rp2_common/hardware_irq/irq.c.o
 .debug_abbrev  0x00002bc6       0xee CMakeFiles/pio_dma_test.dir/home/user/src/pico/pico-sdk/src/common/pico_sync/lock_core.c.o
 .debug_abbrev  0x00002cb4      0x454 CMakeFiles/pio_dma_test.dir/home/user/src/pico/pico-sdk/src/common/pico_sync/mutex.c.o
 .debug_abbrev  0x00003108      0x67d CMakeFiles/pio_dma_test.dir/home/user/src/pico/pico-sdk/src/common/pico_time/time.c.o
 .debug_abbrev  0x00003785      0x4f3 CMakeFiles/pio_dma_test.dir/home/user/src/pico/pico-sdk/src/rp2_common/hardware_timer/timer.c.o
 .debug_abbrev  0x00003c78      0x364 CMakeFiles/pio_dma_test.dir/home/user/src/pico/pico-sdk/src/rp2_common/hardware_uart/uart.c.o
 .debug_abbrev  0x00003fdc      0x56e CMakeFiles/pio_dma_test.dir/home/user/src/pico/pico-sdk/src/rp2_common/hardware_clocks/clocks.c.o
 .debug_abbrev  0x0000454a      0x1d2 CMakeFiles/pio_dma_test.dir/home/user/src/pico/pico-sdk/src/rp2_common/hardware_pll/pll.c.o
 .debug_abbrev  0x0000471c      0x145 CMakeFiles/pio_dma_test.dir/home/user/src/pico/pico-sdk/src/rp2_common/hardware_ticks/ticks.c.o
 .debug_abbrev  0x00004861      0x1bc CMakeFiles/pio_dma_test.dir/home/user/src/pico/pico-sdk/src/rp2_common/pico_bootrom/bootrom.c.o
 .debug_abbrev  0x00004a1d      0x11d CMakeFiles/pio_dma_test.dir/home/user/src/pico/pico-sdk/src/rp2_common/hardware_xosc/xosc.c.o
 .debug_abbrev  0x00004b3a      0x185 CMakeFiles/pio_dma_test.dir/home/user/src/pico/pico-sdk/src/rp2_common/pico_runtime/runtime.c.o
 .debug_abbrev  0x00004cbf      0x26b CMakeFiles/pio_dma_test.dir/home/user/src/pico/pico-sdk/src/rp2_common/pico_runtime_init/runtime_init.c.o
 .debug_abbrev  0x00004f2a      0x2af CMakeFiles/pio_dma_test.dir/home/user/src/pico/pico-sdk/src/rp2_common/pico_runtime_init/runtime_init_clocks.c.o
 .debug_abbrev  0x000051d9       0x12 CMakeFiles/pio_dma_test.dir/home/user/src/pico/pico-sdk/src/rp2_common/pico_bit_ops/bit_ops_aeabi.S.o
 .debug_abbrev  0x000051eb       0x12 CMakeFiles/pio_dma_test.dir/home/user/src/pico/pico-sdk/src/rp2_common/pico_divider/divider_hardware.S.o
 .debug_abbrev  0x000051fd       0x12 CMakeFiles/pio_dma_test.dir/home/user/src/pico/pico-sdk/src/rp2_common/pico_double/double_aeabi_rp2040.S.o
 .debug_abbrev  0x0000520f      0x17a CMakeFiles/pio_dma_test.dir/home/user/src/pico/pico-sdk/src/rp2_common/pico_double/double_init_rom_rp2040.c.o
 .debug_abbrev  0x00005389       0x12 CMakeFiles/pio_dma_test.dir/home/user/src/pico/pico-sdk/src/rp2_common/pico_double/double_v1_rom_shim_rp2040.S.o
 .debug_abbrev  0x0000539b       0x14 CMakeFiles/pio_dma_test.dir/home/user/src/pico/pico-sdk/src/rp2_common/pico_int64_ops/pico_int64_ops_aeabi.S.o
 .debug_abbrev  0x000053af       0x12 CMakeFiles/pio_dma_test.dir/home/user/src/pico/pico-sdk/src/rp2_common/pico_float/float_aeabi_rp2040.S.o
 .debug_abbrev  0x000053c1      0x173 CMakeFiles/pio_dma_test.dir/home/user/src/pico/pico-sdk/src/rp2_common/pico_float/float_init_rom_rp2040.c.o
 .debug_abbrev  0x00005534       0x12 CMakeFiles/pio_dma_test.dir/home/user/src/pico/pico-sdk/src/rp2_common/pico_float/float_v1_rom_shim_rp2040.S.o
 .debug_abbrev  0x00005546      0x211 CMakeFiles/pio_dma_test.dir/home/user/src/pico/pico-sdk/src/rp2_common/pico_malloc/malloc.c.o
 .debug_abbrev  0x00005757       0x12 CMakeFiles/pio_dma_test.dir/home/user/src/pico/pico-sdk/src/rp2_common/pico_mem_ops/mem_ops_aeabi.S.o
 .debug_abbrev  0x00005769       0xb9 CMakeFiles/pio_dma_test.dir/home/user/src/pico/pico-sdk/src/rp2_common/pico_standard_binary_info/standard_binary_info.c.o
 .debug_abbrev  0x00005822      0x50c CMakeFiles/pio_dma_test.dir/home/user/src/pico/pico-sdk/src/rp2_common/pico_printf/printf.c.o
 .debug_abbrev  0x00005d2e       0x12 CMakeFiles/pio_dma_test.dir/home/user/src/pico/pico-sdk/src/rp2_common/pico_crt0/crt0.S.o
 .debug_abbrev  0x00005d40      0x36b CMakeFiles/pio_dma_test.dir/home/user/src/pico/pico-sdk/src/rp2_common/pico_clib_interface/newlib_interface.c.o
 .debug_abbrev  0x000060ab      0x5d9 CMakeFiles/pio_dma_test.dir/home/user/src/pico/pico-sdk/src/rp2_common/pico_stdio/stdio.c.o
 .debug_abbrev  0x00006684      0x494 CMakeFiles/pio_dma_test.dir/home/user/src/pico/pico-sdk/src/rp2_common/pico_stdio_uart/stdio_uart.c.o
 .debug_abbrev  0x00006b18      0x2b9 CMakeFiles/pio_dma_test.dir/home/user/src/pico/pico-sdk/src/rp2_common/pico_thread_local/thread_local.c.o
 .debug_abbrev  0x00006dd1      0x107 CMakeFiles/pio_dma_test.dir/home/user/src/pico/pico-sdk/src/rp2_common/cmsis/stub/CMSIS/Device/RP2040/Source/system_RP2040.c.o
 .debug_abbrev  0x00006ed8      0x651 CMakeFiles/pio_dma_test.dir/home/user/src/pico/pico-sdk/src/rp2_common/pico_multicore/multicore.c.o
 .debug_abbrev  0x00007529      0x53e CMakeFiles/pio_dma_test.dir/home/user/src/pico/pico-sdk/src/rp2_common/hardware_pio/pio.c.o
 .debug_abbrev  0x00007a67       0x26 /usr/lib/gcc/arm-none-eabi/14.2.1/thumb/v6-m/nofp/libgcc.a(_dvmd_tls.o)