Archive member included to satisfy reference by file (symbol)

/usr/lib/gcc/arm-none-eabi/14.2.1/thumb/v6-m/nofp/libgcc.a(_dvmd_tls.o)
                              CMakeFiles/pio_dma_test.dir/home/user/src/pico/pico-sdk/src/rp2_common/pico_divider/divider_hardware.S.o (__aeabi_idiv0)
/usr/lib/gcc/arm-none-eabi/14.2.1/../../../arm-none-eabi/lib/thumb/v6-m/nofp/libg.a(libc_a-strlen-stub.o)
                              CMakeFiles/pio_dma_test.dir/CherryUSB/core/usbd_core.c.o (strlen)
/usr/lib/gcc/arm-none-eabi/14.2.1/../../../arm-none-eabi/lib/thumb/v6-m/nofp/libg.a(libc_a-calloc.o)
                              CMakeFiles/pio_dma_test.dir/home/user/src/pico/pico-sdk/src/rp2_common/pico_malloc/malloc.c.o (calloc)
/usr/lib/gcc/arm-none-eabi/14.2.1/../../../arm-none-eabi/lib/thumb/v6-m/nofp/libg.a(libc_a-callocr.o)
                              /usr/lib/gcc/arm-none-eabi/14.2.1/../../../arm-none-eabi/lib/thumb/v6-m/nofp/libg.a(libc_a-calloc.o) (_calloc_r)
/usr/lib/gcc/arm-none-eabi/14.2.1/../../../arm-none-eabi/lib/thumb/v6-m/nofp/libg.a(libc_a-realloc.o)
                              CMakeFiles/pio_dma_test.dir/home/user/src/pico/pico-sdk/src/rp2_common/pico_malloc/malloc.c.o (realloc)
/usr/lib/gcc/arm-none-eabi/14.2.1/../../../arm-none-eabi/lib/thumb/v6-m/nofp/libg.a(libc_a-mallocr.o)
                              /usr/lib/gcc/arm-none-eabi/14.2.1/../../../arm-none-eabi/lib/thumb/v6-m/nofp/libg.a(libc_a-callocr.o) (_malloc_r)
/usr/lib/gcc/arm-none-eabi/14.2.1/../../../arm-none-eabi/lib/thumb/v6-m/nofp/libg.a(libc_a-freer.o)
                              /usr/lib/gcc/arm-none-eabi/14.2.1/../../../arm-none-eabi/lib/thumb/v6-m/nofp/libg.a(libc_a-mallocr.o) (_free_r)
/usr/lib/gcc/arm-none-eabi/14.2.1/../../../arm-none-eabi/lib/thumb/v6-m/nofp/libg.a(libc_a-memcmp.o)
                              CMakeFiles/pio_dma_test.dir/home/user/src/pico/pico-sdk/src/rp2_common/pico_atomic/atomic.c.o (memcmp)
/usr/lib/gcc/arm-none-eabi/14.2.1/../../../arm-none-eabi/lib/thumb/v6-m/nofp/libg.a(libc_a-errno.o)
                              /usr/lib/gcc/arm-none-eabi/14.2.1/../../../arm-none-eabi/lib/thumb/v6-m/nofp/libg.a(libc_a-callocr.o) (__errno)
/usr/lib/gcc/arm-none-eabi/14.2.1/../../../arm-none-eabi/lib/thumb/v6-m/nofp/libg.a(libc_a-malloc.o)
                              CMakeFiles/pio_dma_test.dir/home/user/src/pico/pico-sdk/src/rp2_common/pico_malloc/malloc.c.o (malloc)
/usr/lib/gcc/arm-none-eabi/14.2.1/../../../arm-none-eabi/lib/thumb/v6-m/nofp/libg.a(libc_a-reallocr.o)
                              /usr/lib/gcc/arm-none-eabi/14.2.1/../../../arm-none-eabi/lib/thumb/v6-m/nofp/libg.a(libc_a-realloc.o) (_realloc_r)
/usr/lib/gcc/arm-none-eabi/14.2.1/../../../arm-none-eabi/lib/thumb/v6-m/nofp/libg.a(libc_a-mktime.o)
                              CMakeFiles/pio_dma_test.dir/home/user/src/pico/pico-sdk/src/common/pico_util/datetime.c.o (mktime)
/usr/lib/gcc/arm-none-eabi/14.2.1/../../../arm-none-eabi/lib/thumb/v6-m/nofp/libg.a(libc_a-mlock.o)
                              /usr/lib/gcc/arm-none-eabi/14.2.1/../../../arm-none-eabi/lib/thumb/v6-m/nofp/libg.a(libc_a-mallocr.o) (__malloc_lock)
/usr/lib/gcc/arm-none-eabi/14.2.1/../../../arm-none-eabi/lib/thumb/v6-m/nofp/libg.a(libc_a-tzlock.o)
                              /usr/lib/gcc/arm-none-eabi/14.2.1/../../../arm-none-eabi/lib/thumb/v6-m/nofp/libg.a(libc_a-mktime.o) (__tz_lock)
/usr/lib/gcc/arm-none-eabi/14.2.1/../../../arm-none-eabi/lib/thumb/v6-m/nofp/libg.a(libc_a-sbrkr.o)
                              /usr/lib/gcc/arm-none-eabi/14.2.1/../../../arm-none-eabi/lib/thumb/v6-m/nofp/libg.a(libc_a-mallocr.o) (_sbrk_r)
/usr/lib/gcc/arm-none-eabi/14.2.1/../../../arm-none-eabi/lib/thumb/v6-m/nofp/libg.a(libc_a-lcltime_r.o)
                              CMakeFiles/pio_dma_test.dir/home/user/src/pico/pico-sdk/src/common/pico_util/datetime.c.o (localtime_r)
/usr/lib/gcc/arm-none-eabi/14.2.1/../../../arm-none-eabi/lib/thumb/v6-m/nofp/libg.a(libc_a-impure.o)
                              /usr/lib/gcc/arm-none-eabi/14.2.1/../../../arm-none-eabi/lib/thumb/v6-m/nofp/libg.a(libc_a-calloc.o) (_impure_ptr)
/usr/lib/gcc/arm-none-eabi/14.2.1/../../../arm-none-eabi/lib/thumb/v6-m/nofp/libg.a(libc_a-div.o)
                              /usr/lib/gcc/arm-none-eabi/14.2.1/../../../arm-none-eabi/lib/thumb/v6-m/nofp/libg.a(libc_a-mktime.o) (div)
/usr/lib/gcc/arm-none-eabi/14.2.1/../../../arm-none-eabi/lib/thumb/v6-m/nofp/libg.a(libc_a-memmove.o)
                              /usr/lib/gcc/arm-none-eabi/14.2.1/../../../arm-none-eabi/lib/thumb/v6-m/nofp/libg.a(libc_a-reallocr.o) (memmove)
/usr/lib/gcc/arm-none-eabi/14.2.1/../../../arm-none-eabi/lib/thumb/v6-m/nofp/libg.a(libc_a-findfp.o)
                              /usr/lib/gcc/arm-none-eabi/14.2.1/../../../arm-none-eabi/lib/thumb/v6-m/nofp/libg.a(libc_a-impure.o) (__sf)
/usr/lib/gcc/arm-none-eabi/14.2.1/../../../arm-none-eabi/lib/thumb/v6-m/nofp/libg.a(libc_a-sysconf.o)
[...]
Memory Configuration

Name             Origin             Length             Attributes
FLASH            0x10000000         0x00200000         xr
XIP_RAM          0x15000000         0x00004000         xrw
RAM              0x20000000         0x00040000         xrw
SCRATCH_X        0x20040000         0x00001000         xrw
SCRATCH_Y        0x20041000         0x00001000         xrw
*default*        0x00000000         0xffffffff

Linker script and memory map

                0x20000000                        RAM_ORIGIN_DEFAULT = 0x20000000
                0x00040000                        RAM_LENGTH_DEFAULT = 0x40000
                0x20040000                        SCRATCH_X_ORIGIN_DEFAULT = 0x20040000
                0x00001000                        SCRATCH_X_LENGTH_DEFAULT = 0x1000
                0x20041000                        SCRATCH_Y_ORIGIN_DEFAULT = 0x20041000
                0x00001000                        SCRATCH_Y_LENGTH_DEFAULT = 0x1000
                0x15000000                        XIP_RAM_ORIGIN_DEFAULT = 0x15000000
                0x00004000                        XIP_RAM_LENGTH_DEFAULT = 0x4000
LOAD CMakeFiles/pio_dma_test.dir/src/main.c.o
LOAD CMakeFiles/pio_dma_test.dir/src/audio_v2_mic_speaker_multichan_template.c.o
LOAD CMakeFiles/pio_dma_test.dir/CherryUSB/core/usbd_core.c.o
LOAD CMakeFiles/pio_dma_test.dir/CherryUSB/class/audio/usbd_audio.c.o
LOAD CMakeFiles/pio_dma_test.dir/CherryUSB/port/rp2040/usb_dc_rp2040.c.o
LOAD CMakeFiles/pio_dma_test.dir/home/user/src/pico/pico-sdk/src/rp2_common/pico_stdlib/stdlib.c.o
LOAD CMakeFiles/pio_dma_test.dir/home/user/src/pico/pico-sdk/src/rp2_common/hardware_gpio/gpio.c.o
LOAD CMakeFiles/pio_dma_test.dir/home/user/src/pico/pico-sdk/src/rp2040/pico_platform/platform.c.o
LOAD CMakeFiles/pio_dma_test.dir/home/user/src/pico/pico-sdk/src/rp2_common/pico_platform_common/common.c.o
LOAD CMakeFiles/pio_dma_test.dir/home/user/src/pico/pico-sdk/src/rp2_common/pico_platform_panic/panic.c.o
LOAD CMakeFiles/pio_dma_test.dir/home/user/src/pico/pico-sdk/src/rp2_common/pico_platform_panic/custom_panic_function.S.o
LOAD CMakeFiles/pio_dma_test.dir/home/user/src/pico/pico-sdk/src/common/hardware_claim/claim.c.o
LOAD CMakeFiles/pio_dma_test.dir/home/user/src/pico/pico-sdk/src/rp2_common/hardware_sync/sync.c.o
LOAD CMakeFiles/pio_dma_test.dir/home/user/src/pico/pico-sdk/src/rp2_common/hardware_sync_spin_lock/sync_spin_lock.c.o
LOAD CMakeFiles/pio_dma_test.dir/home/user/src/pico/pico-sdk/src/rp2_common/hardware_irq/irq.c.o
LOAD CMakeFiles/pio_dma_test.dir/home/user/src/pico/pico-sdk/src/rp2_common/hardware_irq/irq_handler_chain.S.o
LOAD CMakeFiles/pio_dma_test.dir/home/user/src/pico/pico-sdk/src/common/pico_sync/sem.c.o
LOAD CMakeFiles/pio_dma_test.dir/home/user/src/pico/pico-sdk/src/common/pico_sync/lock_core.c.o
LOAD CMakeFiles/pio_dma_test.dir/home/user/src/pico/pico-sdk/src/common/pico_sync/mutex.c.o
LOAD CMakeFiles/pio_dma_test.dir/home/user/src/pico/pico-sdk/src/common/pico_sync/critical_section.c.o
LOAD CMakeFiles/pio_dma_test.dir/home/user/src/pico/pico-sdk/src/common/pico_time/time.c.o
LOAD CMakeFiles/pio_dma_test.dir/home/user/src/pico/pico-sdk/src/common/pico_time/timeout_helper.c.o
LOAD CMakeFiles/pio_dma_test.dir/home/user/src/pico/pico-sdk/src/rp2_common/hardware_timer/timer.c.o
LOAD CMakeFiles/pio_dma_test.dir/home/user/src/pico/pico-sdk/src/common/pico_util/datetime.c.o
LOAD CMakeFiles/pio_dma_test.dir/home/user/src/pico/pico-sdk/src/common/pico_util/fixed_bitset.c.o
LOAD CMakeFiles/pio_dma_test.dir/home/user/src/pico/pico-sdk/src/common/pico_util/pheap.c.o
LOAD CMakeFiles/pio_dma_test.dir/home/user/src/pico/pico-sdk/src/common/pico_util/queue.c.o
LOAD CMakeFiles/pio_dma_test.dir/home/user/src/pico/pico-sdk/src/rp2_common/hardware_uart/uart.c.o
LOAD CMakeFiles/pio_dma_test.dir/home/user/src/pico/pico-sdk/src/rp2_common/hardware_clocks/clocks.c.o
LOAD CMakeFiles/pio_dma_test.dir/home/user/src/pico/pico-sdk/src/rp2_common/hardware_pll/pll.c.o
LOAD CMakeFiles/pio_dma_test.dir/home/user/src/pico/pico-sdk/src/rp2_common/hardware_vreg/vreg.c.o
LOAD CMakeFiles/pio_dma_test.dir/home/user/src/pico/pico-sdk/src/rp2_common/hardware_watchdog/watchdog.c.o
LOAD CMakeFiles/pio_dma_test.dir/home/user/src/pico/pico-sdk/src/rp2_common/hardware_ticks/ticks.c.o
LOAD CMakeFiles/pio_dma_test.dir/home/user/src/pico/pico-sdk/src/rp2_common/pico_bootrom/bootrom.c.o
LOAD CMakeFiles/pio_dma_test.dir/home/user/src/pico/pico-sdk/src/rp2_common/pico_bootrom/bootrom_lock.c.o
LOAD CMakeFiles/pio_dma_test.dir/home/user/src/pico/pico-sdk/src/rp2_common/hardware_boot_lock/boot_lock.c.o
LOAD CMakeFiles/pio_dma_test.dir/home/user/src/pico/pico-sdk/src/rp2_common/pico_flash/flash.c.o
LOAD CMakeFiles/pio_dma_test.dir/home/user/src/pico/pico-sdk/src/rp2_common/hardware_xosc/xosc.c.o
LOAD CMakeFiles/pio_dma_test.dir/home/user/src/pico/pico-sdk/src/rp2_common/hardware_divider/divider.S.o
LOAD CMakeFiles/pio_dma_test.dir/home/user/src/pico/pico-sdk/src/rp2_common/pico_runtime/runtime.c.o
LOAD CMakeFiles/pio_dma_test.dir/home/user/src/pico/pico-sdk/src/rp2_common/pico_runtime_init/runtime_init.c.o
LOAD CMakeFiles/pio_dma_test.dir/home/user/src/pico/pico-sdk/src/rp2_common/pico_runtime_init/runtime_init_clocks.c.o
LOAD CMakeFiles/pio_dma_test.dir/home/user/src/pico/pico-sdk/src/rp2_common/pico_runtime_init/runtime_init_stack_guard.c.o
LOAD CMakeFiles/pio_dma_test.dir/home/user/src/pico/pico-sdk/src/rp2_common/hardware_rtc/rtc.c.o
LOAD CMakeFiles/pio_dma_test.dir/home/user/src/pico/pico-sdk/src/rp2_common/pico_bit_ops/bit_ops_aeabi.S.o
LOAD CMakeFiles/pio_dma_test.dir/home/user/src/pico/pico-sdk/src/rp2_common/pico_divider/divider_hardware.S.o
LOAD CMakeFiles/pio_dma_test.dir/home/user/src/pico/pico-sdk/src/rp2_common/pico_double/double_aeabi_rp2040.S.o
LOAD CMakeFiles/pio_dma_test.dir/home/user/src/pico/pico-sdk/src/rp2_common/pico_double/double_init_rom_rp2040.c.o
LOAD CMakeFiles/pio_dma_test.dir/home/user/src/pico/pico-sdk/src/rp2_common/pico_double/double_math.c.o
LOAD CMakeFiles/pio_dma_test.dir/home/user/src/pico/pico-sdk/src/rp2_common/pico_double/double_v1_rom_shim_rp2040.S.o
LOAD CMakeFiles/pio_dma_test.dir/home/user/src/pico/pico-sdk/src/rp2_common/pico_int64_ops/pico_int64_ops_aeabi.S.o
LOAD CMakeFiles/pio_dma_test.dir/home/user/src/pico/pico-sdk/src/rp2_common/pico_float/float_aeabi_rp2040.S.o
LOAD CMakeFiles/pio_dma_test.dir/home/user/src/pico/pico-sdk/src/rp2_common/pico_float/float_init_rom_rp2040.c.o
LOAD CMakeFiles/pio_dma_test.dir/home/user/src/pico/pico-sdk/src/rp2_common/pico_float/float_math.c.o
LOAD CMakeFiles/pio_dma_test.dir/home/user/src/pico/pico-sdk/src/rp2_common/pico_float/float_v1_rom_shim_rp2040.S.o
LOAD CMakeFiles/pio_dma_test.dir/home/user/src/pico/pico-sdk/src/rp2_common/pico_malloc/malloc.c.o
LOAD CMakeFiles/pio_dma_test.dir/home/user/src/pico/pico-sdk/src/rp2_common/pico_mem_ops/mem_ops_aeabi.S.o
LOAD CMakeFiles/pio_dma_test.dir/home/user/src/pico/pico-sdk/src/rp2_common/pico_atomic/atomic.c.o
LOAD CMakeFiles/pio_dma_test.dir/home/user/src/pico/pico-sdk/src/rp2_common/pico_cxx_options/new_delete.cpp.o
LOAD CMakeFiles/pio_dma_test.dir/home/user/src/pico/pico-sdk/src/rp2_common/pico_standard_binary_info/standard_binary_info.c.o
LOAD CMakeFiles/pio_dma_test.dir/home/user/src/pico/pico-sdk/src/rp2_common/pico_printf/printf.c.o
LOAD CMakeFiles/pio_dma_test.dir/home/user/src/pico/pico-sdk/src/rp2_common/pico_crt0/crt0.S.o
LOAD CMakeFiles/pio_dma_test.dir/home/user/src/pico/pico-sdk/src/rp2_common/pico_clib_interface/newlib_interface.c.o
LOAD CMakeFiles/pio_dma_test.dir/home/user/src/pico/pico-sdk/src/rp2_common/pico_clib_interface/cxa_guard.c.o
LOAD CMakeFiles/pio_dma_test.dir/home/user/src/pico/pico-sdk/src/rp2_common/pico_stdio/stdio.c.o
LOAD CMakeFiles/pio_dma_test.dir/home/user/src/pico/pico-sdk/src/rp2_common/pico_stdio_uart/stdio_uart.c.o
LOAD CMakeFiles/pio_dma_test.dir/home/user/src/pico/pico-sdk/src/rp2_common/pico_thread_local/thread_local.c.o
LOAD CMakeFiles/pio_dma_test.dir/home/user/src/pico/pico-sdk/src/rp2_common/cmsis/stub/CMSIS/Device/RP2040/Source/system_RP2040.c.o
LOAD CMakeFiles/pio_dma_test.dir/home/user/src/pico/pico-sdk/src/rp2_common/pico_multicore/multicore.c.o
LOAD CMakeFiles/pio_dma_test.dir/home/user/src/pico/pico-sdk/src/rp2_common/hardware_pio/pio.c.o
LOAD CMakeFiles/pio_dma_test.dir/home/user/src/pico/pico-sdk/src/rp2_common/hardware_dma/dma.c.o
LOAD pico-sdk/src/rp2040/boot_stage2/CMakeFiles/bs2_default_library.dir/bs2_default_padded_checksummed.S.o
LOAD /usr/lib/gcc/arm-none-eabi/14.2.1/../../../arm-none-eabi/lib/thumb/v6-m/nofp/libstdc++.a
LOAD /usr/lib/gcc/arm-none-eabi/14.2.1/../../../arm-none-eabi/lib/thumb/v6-m/nofp/libm.a
START GROUP
LOAD /usr/lib/gcc/arm-none-eabi/14.2.1/thumb/v6-m/nofp/libgcc.a
LOAD /usr/lib/gcc/arm-none-eabi/14.2.1/../../../arm-none-eabi/lib/thumb/v6-m/nofp/libg.a
LOAD /usr/lib/gcc/arm-none-eabi/14.2.1/../../../arm-none-eabi/lib/thumb/v6-m/nofp/libc.a
END GROUP
                0x20000000                        PROVIDE (RAM_ORIGIN = RAM_ORIGIN_DEFAULT)
                0x00040000                        PROVIDE (RAM_LENGTH = RAM_LENGTH_DEFAULT)
                0x20040000                        PROVIDE (SCRATCH_X_ORIGIN = SCRATCH_X_ORIGIN_DEFAULT)
                0x00001000                        PROVIDE (SCRATCH_X_LENGTH = SCRATCH_X_LENGTH_DEFAULT)
                0x20041000                        PROVIDE (SCRATCH_Y_ORIGIN = SCRATCH_Y_ORIGIN_DEFAULT)
                0x00001000                        PROVIDE (SCRATCH_Y_LENGTH = SCRATCH_Y_LENGTH_DEFAULT)
                0x15000000                        PROVIDE (XIP_RAM_ORIGIN = XIP_RAM_ORIGIN_DEFAULT)
                0x00004000                        PROVIDE (XIP_RAM_LENGTH = XIP_RAM_LENGTH_DEFAULT)
                0x20000000                        RAM_ORIGIN = DEFINED (RAM_ORIGIN)?RAM_ORIGIN:RAM_ORIGIN_DEFAULT
                0x00040000                        RAM_LENGTH = DEFINED (RAM_LENGTH)?RAM_LENGTH:RAM_LENGTH_DEFAULT
                0x20040000                        SCRATCH_X_ORIGIN = DEFINED (SCRATCH_X_ORIGIN)?SCRATCH_X_ORIGIN:SCRATCH_X_ORIGIN_DEFAULT
                0x00001000                        SCRATCH_X_LENGTH = DEFINED (SCRATCH_X_LENGTH)?SCRATCH_X_LENGTH:SCRATCH_X_LENGTH_DEFAULT
                0x20041000                        SCRATCH_Y_ORIGIN = DEFINED (SCRATCH_Y_ORIGIN)?SCRATCH_Y_ORIGIN:SCRATCH_Y_ORIGIN_DEFAULT
                0x00001000                        SCRATCH_Y_LENGTH = DEFINED (SCRATCH_Y_LENGTH)?SCRATCH_Y_LENGTH:SCRATCH_Y_LENGTH_DEFAULT
                0x15000000                        XIP_RAM_ORIGIN = DEFINED (XIP_RAM_ORIGIN)?XIP_RAM_ORIGIN:XIP_RAM_ORIGIN_DEFAULT
                0x00004000                        XIP_RAM_LENGTH = DEFINED (XIP_RAM_LENGTH)?XIP_RAM_LENGTH:XIP_RAM_LENGTH_DEFAULT

.flash_begin    0x10000000        0x0
                0x10000000                        __flash_binary_start = .

.boot2          0x10000000      0x100
                0x10000000                        __boot2_start__ = .
 *(.boot2)
 .boot2         0x10000000      0x100 pico-sdk/src/rp2040/boot_stage2/CMakeFiles/bs2_default_library.dir/bs2_default_padded_checksummed.S.o
                0x10000100                        __boot2_end__ = .
                0x00000001                        ASSERT (((__boot2_end__ - __boot2_start__) == 0x100), ERROR: Pico second stage bootloader must be exactly 256 bytes in size for RP2040)

.text           0x10000100     0x63dc
                0x10000100                        __logical_binary_start = .
 *(.vectors)
 .vectors       0x10000100       0xd4 CMakeFiles/pio_dma_test.dir/home/user/src/pico/pico-sdk/src/rp2_common/pico_crt0/crt0.S.o
                0x10000100                __vectors
                0x10000100                __VECTOR_TABLE
                0x100001c0                TIMER_IRQ_1_Handler
                0x100001c0                TIMER_IRQ_3_Handler
                0x100001c0                isr_irq30
                0x100001c0                UART0_IRQ_Handler
                0x100001c0                __unhandled_user_irq
                0x100001c0                IO_IRQ_BANK0_Handler
                0x100001c0                PIO0_IRQ_0_Handler
                0x100001c0                USBCTRL_IRQ_Handler
                0x100001c0                SPI1_IRQ_Handler
                0x100001c0                isr_irq27
                0x100001c0                isr_irq31
                0x100001c0                PIO1_IRQ_1_Handler
                0x100001c0                DMA_IRQ_1_Handler
                0x100001c0                I2C1_IRQ_Handler
                0x100001c0                SPI0_IRQ_Handler
                0x100001c0                isr_irq28
                0x100001c0                PIO0_IRQ_1_Handler
                0x100001c0                I2C0_IRQ_Handler
                0x100001c0                SIO_IRQ_PROC1_Handler
                0x100001c0                TIMER_IRQ_0_Handler
                0x100001c0                __vectors_end
                0x100001c0                UART1_IRQ_Handler
                0x100001c0                __default_isrs_start
                0x100001c0                DMA_IRQ_0_Handler
                0x100001c0                RTC_IRQ_Handler
                0x100001c0                TIMER_IRQ_2_Handler
                0x100001c0                CLOCKS_IRQ_Handler
                0x100001c0                PIO1_IRQ_0_Handler
                0x100001c0                ADC_IRQ_FIFO_Handler
                0x100001c0                IO_IRQ_QSPI_Handler
                0x100001c0                SIO_IRQ_PROC0_Handler
                0x100001c0                XIP_IRQ_Handler
                0x100001c0                isr_irq29
                0x100001c0                isr_irq26
                0x100001c0                PWM_IRQ_WRAP_Handler
                0x100001c6                unhandled_user_irq_num_in_r0
                0x100001c8                isr_invalid
                0x100001ca                NMI_Handler
                0x100001cc                HardFault_Handler
                0x100001ce                SVC_Handler
                0x100001d0                PendSV_Handler
                0x100001d2                SysTick_Handler
                0x100001d4                __default_isrs_end
 *(.binary_info_header)
 .binary_info_header
                0x100001d4       0x14 CMakeFiles/pio_dma_test.dir/home/user/src/pico/pico-sdk/src/rp2_common/pico_crt0/crt0.S.o
                0x100001e8                        __binary_info_header_end = .
 *(.embedded_block)
                0x100001e8                        __embedded_block_end = .
 *(.reset)
 .reset         0x100001e8       0x98 CMakeFiles/pio_dma_test.dir/home/user/src/pico/pico-sdk/src/rp2_common/pico_crt0/crt0.S.o
                0x100001e8                _entry_point
 *(.init)
 *libgcc.a:cmse_nonsecure_call.o()
 *(EXCLUDE_FILE(*libm.a: *lib*_a-mem*.o *libc.a: *libgcc.a:) .text*)
 .text.dma_test_pio_program_init
                0x10000280       0xa8 CMakeFiles/pio_dma_test.dir/src/main.c.o
 .text.init_out_pins
                0x10000328       0x34 CMakeFiles/pio_dma_test.dir/src/main.c.o
                0x10000328                init_out_pins
 .text.startup.main
                0x1000035c      0x1d8 CMakeFiles/pio_dma_test.dir/src/main.c.o
                0x1000035c                main
 .text.device_descriptor_callback
                0x10000534        0x8 CMakeFiles/pio_dma_test.dir/src/audio_v2_mic_speaker_multichan_template.c.o
 .text.config_descriptor_callback
                0x1000053c        0x8 CMakeFiles/pio_dma_test.dir/src/audio_v2_mic_speaker_multichan_template.c.o
 .text.device_quality_descriptor_callback
                0x10000544        0x8 CMakeFiles/pio_dma_test.dir/src/audio_v2_mic_speaker_multichan_template.c.o
 .text.string_descriptor_callback
                0x1000054c       0x14 CMakeFiles/pio_dma_test.dir/src/audio_v2_mic_speaker_multichan_template.c.o
 .text.usbd_event_handler
                0x10000560       0x20 CMakeFiles/pio_dma_test.dir/src/audio_v2_mic_speaker_multichan_template.c.o
 .text.usbd_audio_iso_in_callback
                0x10000580        0xc CMakeFiles/pio_dma_test.dir/src/audio_v2_mic_speaker_multichan_template.c.o
                0x10000580                usbd_audio_iso_in_callback
 .text.usbd_audio_iso_out_callback
                0x1000058c       0x20 CMakeFiles/pio_dma_test.dir/src/audio_v2_mic_speaker_multichan_template.c.o
                0x1000058c                usbd_audio_iso_out_callback
 .text.usbd_audio_iso_out_feedback_callback
                0x100005ac       0x44 CMakeFiles/pio_dma_test.dir/src/audio_v2_mic_speaker_multichan_template.c.o
                0x100005ac                usbd_audio_iso_out_feedback_callback
 .text.usbd_audio_open
                0x100005f0       0x58 CMakeFiles/pio_dma_test.dir/src/audio_v2_mic_speaker_multichan_template.c.o
                0x100005f0                usbd_audio_open
 .text.usbd_audio_close
                0x10000648       0x1c CMakeFiles/pio_dma_test.dir/src/audio_v2_mic_speaker_multichan_template.c.o
                0x10000648                usbd_audio_close
 .text.usbd_audio_set_sampling_freq
                0x10000664       0x20 CMakeFiles/pio_dma_test.dir/src/audio_v2_mic_speaker_multichan_template.c.o
                0x10000664                usbd_audio_set_sampling_freq
 .text.usbd_audio_get_sampling_freq
                0x10000684       0x20 CMakeFiles/pio_dma_test.dir/src/audio_v2_mic_speaker_multichan_template.c.o
                0x10000684                usbd_audio_get_sampling_freq
 .text.usbd_audio_get_sampling_freq_table
                0x100006a4       0x20 CMakeFiles/pio_dma_test.dir/src/audio_v2_mic_speaker_multichan_template.c.o
                0x100006a4                usbd_audio_get_sampling_freq_table
 .text.audio_v2_init
                0x100006c4       0xa4 CMakeFiles/pio_dma_test.dir/src/audio_v2_mic_speaker_multichan_template.c.o
                0x100006c4                audio_v2_init
 .text.usbd_event_ep0_in_complete_handler
                0x10000768       0x7c CMakeFiles/pio_dma_test.dir/CherryUSB/core/usbd_core.c.o
 .text.usbd_setup_request_handler
                0x100007e4      0xaf8 CMakeFiles/pio_dma_test.dir/CherryUSB/core/usbd_core.c.o
 .text.usbd_event_ep0_out_complete_handler
                0x100012dc       0x8c CMakeFiles/pio_dma_test.dir/CherryUSB/core/usbd_core.c.o
 .text.usbd_event_resume_handler
                0x10001368       0x30 CMakeFiles/pio_dma_test.dir/CherryUSB/core/usbd_core.c.o
                0x10001368                usbd_event_resume_handler
 .text.usbd_event_suspend_handler
                0x10001398       0x40 CMakeFiles/pio_dma_test.dir/CherryUSB/core/usbd_core.c.o
                0x10001398                usbd_event_suspend_handler
 .text.usbd_event_reset_handler
                0x100013d8      0x100 CMakeFiles/pio_dma_test.dir/CherryUSB/core/usbd_core.c.o
                0x100013d8                usbd_event_reset_handler
 .text.usbd_event_ep0_setup_complete_handler
                0x100014d8      0x544 CMakeFiles/pio_dma_test.dir/CherryUSB/core/usbd_core.c.o
                0x100014d8                usbd_event_ep0_setup_complete_handler
 .text.usbd_event_ep_in_complete_handler
                0x10001a1c       0x28 CMakeFiles/pio_dma_test.dir/CherryUSB/core/usbd_core.c.o
                0x10001a1c                usbd_event_ep_in_complete_handler
 .text.usbd_event_ep_out_complete_handler
                0x10001a44       0x28 CMakeFiles/pio_dma_test.dir/CherryUSB/core/usbd_core.c.o
                0x10001a44                usbd_event_ep_out_complete_handler
 .text.usbd_desc_register
                0x10001a6c       0x50 CMakeFiles/pio_dma_test.dir/CherryUSB/core/usbd_core.c.o
                0x10001a6c                usbd_desc_register
 .text.usbd_add_interface
                0x10001abc       0x34 CMakeFiles/pio_dma_test.dir/CherryUSB/core/usbd_core.c.o
                0x10001abc                usbd_add_interface
 .text.usbd_add_endpoint
                0x10001af0       0x68 CMakeFiles/pio_dma_test.dir/CherryUSB/core/usbd_core.c.o
                0x10001af0                usbd_add_endpoint
 .text.usbd_initialize
                0x10001b58       0x64 CMakeFiles/pio_dma_test.dir/CherryUSB/core/usbd_core.c.o
                0x10001b58                usbd_initialize
 .text.usbd_audio_init_intf
                0x10001bbc       0x44 CMakeFiles/pio_dma_test.dir/CherryUSB/class/audio/usbd_audio.c.o
                0x10001bbc                usbd_audio_init_intf
 .text.usbd_audio_set_volume
                0x10001c00        0x4 CMakeFiles/pio_dma_test.dir/CherryUSB/class/audio/usbd_audio.c.o
                0x10001c00                usbd_audio_set_volume
 .text.usbd_audio_get_volume
                0x10001c04        0x4 CMakeFiles/pio_dma_test.dir/CherryUSB/class/audio/usbd_audio.c.o
                0x10001c04                usbd_audio_get_volume
 .text.usbd_audio_set_mute
                0x10001c08        0x4 CMakeFiles/pio_dma_test.dir/CherryUSB/class/audio/usbd_audio.c.o
                0x10001c08                usbd_audio_set_mute
 .text.usbd_audio_get_mute
                0x10001c0c        0x4 CMakeFiles/pio_dma_test.dir/CherryUSB/class/audio/usbd_audio.c.o
                0x10001c0c                usbd_audio_get_mute
 .text.audio_class_endpoint_request_handler
                0x10001c10       0xec CMakeFiles/pio_dma_test.dir/CherryUSB/class/audio/usbd_audio.c.o
 .text.audio_class_interface_request_handler
                0x10001cfc      0x68c CMakeFiles/pio_dma_test.dir/CherryUSB/class/audio/usbd_audio.c.o
 .text.audio_notify_handler
                0x10002388       0x1c CMakeFiles/pio_dma_test.dir/CherryUSB/class/audio/usbd_audio.c.o
 .text.usb_handle_ep_buff_done
                0x100023a4      0xa50 CMakeFiles/pio_dma_test.dir/CherryUSB/port/rp2040/usb_dc_rp2040.c.o
 .text.usb_dc_init
                0x10002df4      0x4c0 CMakeFiles/pio_dma_test.dir/CherryUSB/port/rp2040/usb_dc_rp2040.c.o
                0x10002df4                usb_dc_init
 .text.usbd_set_address
                0x100032b4        0xc CMakeFiles/pio_dma_test.dir/CherryUSB/port/rp2040/usb_dc_rp2040.c.o
                0x100032b4                usbd_set_address
 .text.usbd_get_port_speed
                0x100032c0        0x4 CMakeFiles/pio_dma_test.dir/CherryUSB/port/rp2040/usb_dc_rp2040.c.o
                0x100032c0                usbd_get_port_speed
 .text.usbd_ep_open
                0x100032c4       0xbc CMakeFiles/pio_dma_test.dir/CherryUSB/port/rp2040/usb_dc_rp2040.c.o
                0x100032c4                usbd_ep_open
 .text.usbd_ep_close
                0x10003380        0x4 CMakeFiles/pio_dma_test.dir/CherryUSB/port/rp2040/usb_dc_rp2040.c.o
                0x10003380                usbd_ep_close
 .text.usbd_ep_set_stall
                0x10003384       0x54 CMakeFiles/pio_dma_test.dir/CherryUSB/port/rp2040/usb_dc_rp2040.c.o
                0x10003384                usbd_ep_set_stall
 .text.usbd_ep_clear_stall
                0x100033d8       0x58 CMakeFiles/pio_dma_test.dir/CherryUSB/port/rp2040/usb_dc_rp2040.c.o
                0x100033d8                usbd_ep_clear_stall
 .text.usbd_ep_is_stalled
                0x10003430       0x3c CMakeFiles/pio_dma_test.dir/CherryUSB/port/rp2040/usb_dc_rp2040.c.o
                0x10003430                usbd_ep_is_stalled
 .text.usbd_ep_start_write
                0x1000346c      0x400 CMakeFiles/pio_dma_test.dir/CherryUSB/port/rp2040/usb_dc_rp2040.c.o
                0x1000346c                usbd_ep_start_write
 .text.usbd_ep_start_read
                0x1000386c      0x470 CMakeFiles/pio_dma_test.dir/CherryUSB/port/rp2040/usb_dc_rp2040.c.o
                0x1000386c                usbd_ep_start_read
 .text.USBD_IRQHandler
                0x10003cdc      0x148 CMakeFiles/pio_dma_test.dir/CherryUSB/port/rp2040/usb_dc_rp2040.c.o
                0x10003cdc                USBD_IRQHandler
 .text.rp2040_usbd_irq
                0x10003e24       0x18 CMakeFiles/pio_dma_test.dir/CherryUSB/port/rp2040/usb_dc_rp2040.c.o
                0x10003e24                rp2040_usbd_irq
 .text.gpio_set_function
                0x10003e3c       0x34 CMakeFiles/pio_dma_test.dir/home/user/src/pico/pico-sdk/src/rp2_common/hardware_gpio/gpio.c.o
                0x10003e3c                gpio_set_function
 .text.gpio_init
                0x10003e70       0x40 CMakeFiles/pio_dma_test.dir/home/user/src/pico/pico-sdk/src/rp2_common/hardware_gpio/gpio.c.o
                0x10003e70                gpio_init
 .text.panic    0x10003eb0       0x30 CMakeFiles/pio_dma_test.dir/home/user/src/pico/pico-sdk/src/rp2_common/pico_platform_panic/panic.c.o
                0x10003eb0                panic
 .text.hw_claim_lock
                0x10003ee0       0x18 CMakeFiles/pio_dma_test.dir/home/user/src/pico/pico-sdk/src/common/hardware_claim/claim.c.o
                0x10003ee0                hw_claim_lock
 .text.hw_claim_unlock
                0x10003ef8       0x14 CMakeFiles/pio_dma_test.dir/home/user/src/pico/pico-sdk/src/common/hardware_claim/claim.c.o
                0x10003ef8                hw_claim_unlock
 .text.hw_claim_or_assert
                0x10003f0c       0x44 CMakeFiles/pio_dma_test.dir/home/user/src/pico/pico-sdk/src/common/hardware_claim/claim.c.o
                0x10003f0c                hw_claim_or_assert
 .text.hw_claim_unused_from_range
                0x10003f50       0x88 CMakeFiles/pio_dma_test.dir/home/user/src/pico/pico-sdk/src/common/hardware_claim/claim.c.o
                0x10003f50                hw_claim_unused_from_range
 .text.next_striped_spin_lock_num
                0x10003fd8       0x18 CMakeFiles/pio_dma_test.dir/home/user/src/pico/pico-sdk/src/rp2_common/hardware_sync/sync.c.o
                0x10003fd8                next_striped_spin_lock_num
 .text.spin_locks_reset
                0x10003ff0       0x1c CMakeFiles/pio_dma_test.dir/home/user/src/pico/pico-sdk/src/rp2_common/hardware_sync_spin_lock/sync_spin_lock.c.o
                0x10003ff0                spin_locks_reset
 .text.runtime_init_per_core_irq_priorities
                0x1000400c       0x24 CMakeFiles/pio_dma_test.dir/home/user/src/pico/pico-sdk/src/rp2_common/hardware_irq/irq.c.o
                0x1000400c                runtime_init_per_core_irq_priorities
 .text.irq_set_enabled
                0x10004030       0x24 CMakeFiles/pio_dma_test.dir/home/user/src/pico/pico-sdk/src/rp2_common/hardware_irq/irq.c.o
                0x10004030                irq_set_enabled
 .text.irq_is_enabled
                0x10004054       0x18 CMakeFiles/pio_dma_test.dir/home/user/src/pico/pico-sdk/src/rp2_common/hardware_irq/irq.c.o
                0x10004054                irq_is_enabled
 .text.irq_set_exclusive_handler
                0x1000406c       0x54 CMakeFiles/pio_dma_test.dir/home/user/src/pico/pico-sdk/src/rp2_common/hardware_irq/irq.c.o
                0x1000406c                irq_set_exclusive_handler
 .text.irq_add_shared_handler
                0x100040c0      0x1d8 CMakeFiles/pio_dma_test.dir/home/user/src/pico/pico-sdk/src/rp2_common/hardware_irq/irq.c.o
                0x100040c0                irq_add_shared_handler
 .text.irq_remove_handler
                0x10004298      0x1d0 CMakeFiles/pio_dma_test.dir/home/user/src/pico/pico-sdk/src/rp2_common/hardware_irq/irq.c.o
                0x10004298                irq_remove_handler
 .text.irq_add_tail_to_free_list
                0x10004468       0xb4 CMakeFiles/pio_dma_test.dir/home/user/src/pico/pico-sdk/src/rp2_common/hardware_irq/irq.c.o
                0x10004468                irq_add_tail_to_free_list
 .text.lock_init
                0x1000451c       0x10 CMakeFiles/pio_dma_test.dir/home/user/src/pico/pico-sdk/src/common/pico_sync/lock_core.c.o
                0x1000451c                lock_init
 .text.runtime_init_mutex
                0x1000452c       0x50 CMakeFiles/pio_dma_test.dir/home/user/src/pico/pico-sdk/src/common/pico_sync/mutex.c.o
                0x1000452c                runtime_init_mutex
 .text.sleep_until_callback
                0x1000457c       0x30 CMakeFiles/pio_dma_test.dir/home/user/src/pico/pico-sdk/src/common/pico_time/time.c.o
 .text.alarm_pool_irq_handler
                0x100045ac      0x300 CMakeFiles/pio_dma_test.dir/home/user/src/pico/pico-sdk/src/common/pico_time/time.c.o
 .text.runtime_init_default_alarm_pool
                0x100048ac       0xdc CMakeFiles/pio_dma_test.dir/home/user/src/pico/pico-sdk/src/common/pico_time/time.c.o
                0x100048ac                runtime_init_default_alarm_pool
 .text.alarm_pool_add_alarm_at_force_in_context
                0x10004988       0xb0 CMakeFiles/pio_dma_test.dir/home/user/src/pico/pico-sdk/src/common/pico_time/time.c.o
                0x10004988                alarm_pool_add_alarm_at_force_in_context
 .text.alarm_pool_cancel_alarm
                0x10004a38       0x74 CMakeFiles/pio_dma_test.dir/home/user/src/pico/pico-sdk/src/common/pico_time/time.c.o
                0x10004a38                alarm_pool_cancel_alarm
 .text.sleep_ms
                0x10004aac       0xfc CMakeFiles/pio_dma_test.dir/home/user/src/pico/pico-sdk/src/common/pico_time/time.c.o
                0x10004aac                sleep_ms
 .text.best_effort_wfe_or_timeout
                0x10004ba8      0x13c CMakeFiles/pio_dma_test.dir/home/user/src/pico/pico-sdk/src/common/pico_time/time.c.o
                0x10004ba8                best_effort_wfe_or_timeout
 .text.timer_hardware_alarm_claim
                0x10004ce4       0x14 CMakeFiles/pio_dma_test.dir/home/user/src/pico/pico-sdk/src/rp2_common/hardware_timer/timer.c.o
                0x10004ce4                timer_hardware_alarm_claim
 .text.timer_time_us_64
                0x10004cf8       0x10 CMakeFiles/pio_dma_test.dir/home/user/src/pico/pico-sdk/src/rp2_common/hardware_timer/timer.c.o
                0x10004cf8                timer_time_us_64
 .text.time_us_64
                0x10004d08       0x14 CMakeFiles/pio_dma_test.dir/home/user/src/pico/pico-sdk/src/rp2_common/hardware_timer/timer.c.o
                0x10004d08                time_us_64
 .text.busy_wait_us
                0x10004d1c       0x68 CMakeFiles/pio_dma_test.dir/home/user/src/pico/pico-sdk/src/rp2_common/hardware_timer/timer.c.o
                0x10004d1c                busy_wait_us
 .text.busy_wait_until
                0x10004d84       0x20 CMakeFiles/pio_dma_test.dir/home/user/src/pico/pico-sdk/src/rp2_common/hardware_timer/timer.c.o
                0x10004d84                busy_wait_until
 .text.uart_init
                0x10004da4      0x120 CMakeFiles/pio_dma_test.dir/home/user/src/pico/pico-sdk/src/rp2_common/hardware_uart/uart.c.o
                0x10004da4                uart_init
 .text.clock_configure_int_divider
                0x10004ec4       0xf4 CMakeFiles/pio_dma_test.dir/home/user/src/pico/pico-sdk/src/rp2_common/hardware_clocks/clocks.c.o
                0x10004ec4                clock_configure_int_divider
 .text.clock_configure_undivided
                0x10004fb8       0xe8 CMakeFiles/pio_dma_test.dir/home/user/src/pico/pico-sdk/src/rp2_common/hardware_clocks/clocks.c.o
                0x10004fb8                clock_configure_undivided
 .text.clock_get_hz
                0x100050a0        0xc CMakeFiles/pio_dma_test.dir/home/user/src/pico/pico-sdk/src/rp2_common/hardware_clocks/clocks.c.o
                0x100050a0                clock_get_hz
 .text.set_sys_clock_pll
                0x100050ac      0x1b8 CMakeFiles/pio_dma_test.dir/home/user/src/pico/pico-sdk/src/rp2_common/hardware_clocks/clocks.c.o
                0x100050ac                set_sys_clock_pll
 .text.check_sys_clock_khz
                0x10005264      0x26c CMakeFiles/pio_dma_test.dir/home/user/src/pico/pico-sdk/src/rp2_common/hardware_clocks/clocks.c.o
                0x10005264                check_sys_clock_khz
 .text.pll_init
                0x100054d0       0xa4 CMakeFiles/pio_dma_test.dir/home/user/src/pico/pico-sdk/src/rp2_common/hardware_pll/pll.c.o
                0x100054d0                pll_init
 .text.tick_start
                0x10005574       0x10 CMakeFiles/pio_dma_test.dir/home/user/src/pico/pico-sdk/src/rp2_common/hardware_ticks/ticks.c.o
                0x10005574                tick_start
 .text.rom_func_lookup
                0x10005584       0x10 CMakeFiles/pio_dma_test.dir/home/user/src/pico/pico-sdk/src/rp2_common/pico_bootrom/bootrom.c.o
                0x10005584                rom_func_lookup
 .text.rom_data_lookup
                0x10005594       0x10 CMakeFiles/pio_dma_test.dir/home/user/src/pico/pico-sdk/src/rp2_common/pico_bootrom/bootrom.c.o
                0x10005594                rom_data_lookup
 .text.rom_funcs_lookup
                0x100055a4       0x44 CMakeFiles/pio_dma_test.dir/home/user/src/pico/pico-sdk/src/rp2_common/pico_bootrom/bootrom.c.o
                0x100055a4                rom_funcs_lookup
 .text.xosc_init
                0x100055e8       0x28 CMakeFiles/pio_dma_test.dir/home/user/src/pico/pico-sdk/src/rp2_common/hardware_xosc/xosc.c.o
                0x100055e8                xosc_init
 .text.first_per_core_initializer
                0x10005610        0x4 CMakeFiles/pio_dma_test.dir/home/user/src/pico/pico-sdk/src/rp2_common/pico_runtime/runtime.c.o
 .text.hard_assertion_failure
                0x10005614        0xc CMakeFiles/pio_dma_test.dir/home/user/src/pico/pico-sdk/src/rp2_common/pico_runtime/runtime.c.o
                0x10005614                hard_assertion_failure
 .text.runtime_run_initializers
                0x10005620       0x28 CMakeFiles/pio_dma_test.dir/home/user/src/pico/pico-sdk/src/rp2_common/pico_runtime/runtime.c.o
                0x10005620                runtime_run_initializers
 .text.runtime_run_per_core_initializers
                0x10005648       0x28 CMakeFiles/pio_dma_test.dir/home/user/src/pico/pico-sdk/src/rp2_common/pico_runtime/runtime.c.o
                0x10005648                runtime_run_per_core_initializers
 .text.runtime_init_early_resets
                0x10005670       0x2c CMakeFiles/pio_dma_test.dir/home/user/src/pico/pico-sdk/src/rp2_common/pico_runtime_init/runtime_init.c.o
                0x10005670                runtime_init_early_resets
 .text.runtime_init_usb_power_down
                0x1000569c       0x1c CMakeFiles/pio_dma_test.dir/home/user/src/pico/pico-sdk/src/rp2_common/pico_runtime_init/runtime_init.c.o
                0x1000569c                runtime_init_usb_power_down
 .text.runtime_init_post_clock_resets
                0x100056b8       0x20 CMakeFiles/pio_dma_test.dir/home/user/src/pico/pico-sdk/src/rp2_common/pico_runtime_init/runtime_init.c.o
                0x100056b8                runtime_init_post_clock_resets
 .text.runtime_init_rp2040_gpio_ie_disable
                0x100056d8       0x14 CMakeFiles/pio_dma_test.dir/home/user/src/pico/pico-sdk/src/rp2_common/pico_runtime_init/runtime_init.c.o
                0x100056d8                runtime_init_rp2040_gpio_ie_disable
 .text.runtime_init_spin_locks_reset
                0x100056ec        0x8 CMakeFiles/pio_dma_test.dir/home/user/src/pico/pico-sdk/src/rp2_common/pico_runtime_init/runtime_init.c.o
                0x100056ec                runtime_init_spin_locks_reset
 .text.runtime_init_install_ram_vector_table
                0x100056f4       0xb4 CMakeFiles/pio_dma_test.dir/home/user/src/pico/pico-sdk/src/rp2_common/pico_runtime_init/runtime_init.c.o
                0x100056f4                runtime_init_install_ram_vector_table
 .text.runtime_init_clocks
                0x100057a8       0xd8 CMakeFiles/pio_dma_test.dir/home/user/src/pico/pico-sdk/src/rp2_common/pico_runtime_init/runtime_init_clocks.c.o
                0x100057a8                runtime_init_clocks
 .text          0x10005880       0x10 CMakeFiles/pio_dma_test.dir/home/user/src/pico/pico-sdk/src/rp2_common/pico_bit_ops/bit_ops_aeabi.S.o
 .text.__wrap___aeabi_idiv
                0x10005890       0x50 CMakeFiles/pio_dma_test.dir/home/user/src/pico/pico-sdk/src/rp2_common/pico_divider/divider_hardware.S.o
                0x10005890                __wrap___aeabi_idivmod
                0x10005890                divmod_s32s32
                0x10005890                div_s32s32
                0x10005890                __wrap___aeabi_idiv
                0x100058c4                divmod_s32s32_savestate
 .text.__wrap___aeabi_uidiv
                0x100058e0       0x4c CMakeFiles/pio_dma_test.dir/home/user/src/pico/pico-sdk/src/rp2_common/pico_divider/divider_hardware.S.o
                0x100058e0                __wrap___aeabi_uidiv
                0x100058e0                __wrap___aeabi_uidivmod
                0x100058e0                div_u32u32
                0x100058e0                divmod_u32u32
                0x10005910                divmod_u32u32_savestate
 .text.__aeabi_double_init
                0x1000592c       0xa4 CMakeFiles/pio_dma_test.dir/home/user/src/pico/pico-sdk/src/rp2_common/pico_double/double_init_rom_rp2040.c.o
                0x1000592c                __aeabi_double_init
 .text.double_table_shim_on_use_helper
                0x100059d0       0x2c CMakeFiles/pio_dma_test.dir/home/user/src/pico/pico-sdk/src/rp2_common/pico_double/double_v1_rom_shim_rp2040.S.o
                0x100059d0                double_table_shim_on_use_helper
 .text.__aeabi_lmul
                0x100059fc       0x32 CMakeFiles/pio_dma_test.dir/home/user/src/pico/pico-sdk/src/rp2_common/pico_int64_ops/pico_int64_ops_aeabi.S.o
                0x100059fc                __wrap___aeabi_lmul
 *fill*         0x10005a2e        0x2 
 .text.__aeabi_float_init
                0x10005a30       0x64 CMakeFiles/pio_dma_test.dir/home/user/src/pico/pico-sdk/src/rp2_common/pico_float/float_init_rom_rp2040.c.o
                0x10005a30                __aeabi_float_init
 .text.float_table_shim_on_use_helper
                0x10005a94       0x2c CMakeFiles/pio_dma_test.dir/home/user/src/pico/pico-sdk/src/rp2_common/pico_float/float_v1_rom_shim_rp2040.S.o
                0x10005a94                float_table_shim_on_use_helper
 .text          0x10005ac0       0x10 CMakeFiles/pio_dma_test.dir/home/user/src/pico/pico-sdk/src/rp2_common/pico_mem_ops/mem_ops_aeabi.S.o
                0x10005ac0                __aeabi_mem_init
 .text.memset   0x10005ad0        0xc CMakeFiles/pio_dma_test.dir/home/user/src/pico/pico-sdk/src/rp2_common/pico_mem_ops/mem_ops_aeabi.S.o
                0x10005ad0                __wrap_memset
 .text.memcpy   0x10005adc        0xc CMakeFiles/pio_dma_test.dir/home/user/src/pico/pico-sdk/src/rp2_common/pico_mem_ops/mem_ops_aeabi.S.o
                0x10005adc                __wrap___aeabi_memcpy
                0x10005adc                __wrap_memcpy
 .text._out_char
                0x10005ae8       0x10 CMakeFiles/pio_dma_test.dir/home/user/src/pico/pico-sdk/src/rp2_common/pico_printf/printf.c.o
 .text.weak_raw_vprintf
                0x10005af8       0x30 CMakeFiles/pio_dma_test.dir/home/user/src/pico/pico-sdk/src/rp2_common/pico_printf/printf.c.o
                0x10005af8                weak_raw_vprintf
 .text._exit    0x10005b28        0x4 CMakeFiles/pio_dma_test.dir/home/user/src/pico/pico-sdk/src/rp2_common/pico_clib_interface/newlib_interface.c.o
                0x10005b28                _exit
 .text._fini    0x10005b2c        0x4 CMakeFiles/pio_dma_test.dir/home/user/src/pico/pico-sdk/src/rp2_common/pico_clib_interface/newlib_interface.c.o
                0x10005b2c                _fini
 .text.exit     0x10005b30        0x8 CMakeFiles/pio_dma_test.dir/home/user/src/pico/pico-sdk/src/rp2_common/pico_clib_interface/newlib_interface.c.o
                0x10005b30                exit
 .text.runtime_init
                0x10005b38       0x2c CMakeFiles/pio_dma_test.dir/home/user/src/pico/pico-sdk/src/rp2_common/pico_clib_interface/newlib_interface.c.o
                0x10005b38                runtime_init
 .text.stdio_out_chars_no_crlf
                0x10005b64       0x10 CMakeFiles/pio_dma_test.dir/home/user/src/pico/pico-sdk/src/rp2_common/pico_stdio/stdio.c.o
 .text.stdio_out_chars_crlf
                0x10005b74       0xb0 CMakeFiles/pio_dma_test.dir/home/user/src/pico/pico-sdk/src/rp2_common/pico_stdio/stdio.c.o
 .text.stdio_put_string
                0x10005c24       0xfc CMakeFiles/pio_dma_test.dir/home/user/src/pico/pico-sdk/src/rp2_common/pico_stdio/stdio.c.o
                0x10005c24                stdio_put_string
 .text.stdio_set_driver_enabled
                0x10005d20       0x30 CMakeFiles/pio_dma_test.dir/home/user/src/pico/pico-sdk/src/rp2_common/pico_stdio/stdio.c.o
                0x10005d20                stdio_set_driver_enabled
 .text.stdio_init_all
                0x10005d50        0xc CMakeFiles/pio_dma_test.dir/home/user/src/pico/pico-sdk/src/rp2_common/pico_stdio/stdio.c.o
                0x10005d50                stdio_init_all
 .text.__wrap_putchar
                0x10005d5c       0x94 CMakeFiles/pio_dma_test.dir/home/user/src/pico/pico-sdk/src/rp2_common/pico_stdio/stdio.c.o
                0x10005d5c                stdio_putchar
                0x10005d5c                __wrap_putchar
 .text.__wrap_puts
                0x10005df0       0x3c CMakeFiles/pio_dma_test.dir/home/user/src/pico/pico-sdk/src/rp2_common/pico_stdio/stdio.c.o
                0x10005df0                __wrap_puts
                0x10005df0                stdio_puts
 .text.stdio_uart_out_chars
                0x10005e2c       0x4c CMakeFiles/pio_dma_test.dir/home/user/src/pico/pico-sdk/src/rp2_common/pico_stdio_uart/stdio_uart.c.o
 .text.stdio_uart_in_chars
                0x10005e78       0x90 CMakeFiles/pio_dma_test.dir/home/user/src/pico/pico-sdk/src/rp2_common/pico_stdio_uart/stdio_uart.c.o
                0x10005e78                stdio_uart_in_chars
 .text.on_uart_rx
                0x10005f08       0x28 CMakeFiles/pio_dma_test.dir/home/user/src/pico/pico-sdk/src/rp2_common/pico_stdio_uart/stdio_uart.c.o
 .text.stdio_uart_out_flush
                0x10005f30       0x14 CMakeFiles/pio_dma_test.dir/home/user/src/pico/pico-sdk/src/rp2_common/pico_stdio_uart/stdio_uart.c.o
 .text.stdio_uart_set_chars_available_callback
                0x10005f44       0x84 CMakeFiles/pio_dma_test.dir/home/user/src/pico/pico-sdk/src/rp2_common/pico_stdio_uart/stdio_uart.c.o
 .text.stdio_uart_init
                0x10005fc8       0x50 CMakeFiles/pio_dma_test.dir/home/user/src/pico/pico-sdk/src/rp2_common/pico_stdio_uart/stdio_uart.c.o
                0x10005fc8                stdio_uart_init
 .text.runtime_init_per_core_tls_setup
                0x10006018        0xc CMakeFiles/pio_dma_test.dir/home/user/src/pico/pico-sdk/src/rp2_common/pico_thread_local/thread_local.c.o
                0x10006018                runtime_init_per_core_tls_setup
 .text.startup.SystemInit
                0x10006024       0x14 CMakeFiles/pio_dma_test.dir/home/user/src/pico/pico-sdk/src/rp2_common/cmsis/stub/CMSIS/Device/RP2040/Source/system_RP2040.c.o
                0x10006024                SystemInit
 .text.core1_trampoline
                0x10006038        0x4 CMakeFiles/pio_dma_test.dir/home/user/src/pico/pico-sdk/src/rp2_common/pico_multicore/multicore.c.o
 .text.core1_wrapper
                0x1000603c        0xc CMakeFiles/pio_dma_test.dir/home/user/src/pico/pico-sdk/src/rp2_common/pico_multicore/multicore.c.o
                0x1000603c                core1_wrapper
 .text.multicore_reset_core1
                0x10006048       0x60 CMakeFiles/pio_dma_test.dir/home/user/src/pico/pico-sdk/src/rp2_common/pico_multicore/multicore.c.o
                0x10006048                multicore_reset_core1
 .text.multicore_launch_core1_raw
                0x100060a8       0x94 CMakeFiles/pio_dma_test.dir/home/user/src/pico/pico-sdk/src/rp2_common/pico_multicore/multicore.c.o
                0x100060a8                multicore_launch_core1_raw
 .text.multicore_launch_core1
                0x1000613c       0x58 CMakeFiles/pio_dma_test.dir/home/user/src/pico/pico-sdk/src/rp2_common/pico_multicore/multicore.c.o
                0x1000613c                multicore_launch_core1
 .text.pio_claim_unused_sm
                0x10006194       0x38 CMakeFiles/pio_dma_test.dir/home/user/src/pico/pico-sdk/src/rp2_common/hardware_pio/pio.c.o
                0x10006194                pio_claim_unused_sm
 .text.pio_add_program
                0x100061cc       0xec CMakeFiles/pio_dma_test.dir/home/user/src/pico/pico-sdk/src/rp2_common/hardware_pio/pio.c.o
                0x100061cc                pio_add_program
 .text.pio_sm_set_consecutive_pindirs
                0x100062b8       0xb4 CMakeFiles/pio_dma_test.dir/home/user/src/pico/pico-sdk/src/rp2_common/hardware_pio/pio.c.o
                0x100062b8                pio_sm_set_consecutive_pindirs
 .text.pio_sm_init
                0x1000636c       0x9c CMakeFiles/pio_dma_test.dir/home/user/src/pico/pico-sdk/src/rp2_common/hardware_pio/pio.c.o
                0x1000636c                pio_sm_init
 .text          0x10006408       0x5c /usr/lib/gcc/arm-none-eabi/14.2.1/../../../arm-none-eabi/lib/thumb/v6-m/nofp/libg.a(libc_a-strlen-stub.o)
                0x10006408                strlen
 *fill*         0x10006464        0x4 
 .text.__stub   0x10006468       0x30 linker stubs
 *(.fini)
 *crtbegin.o(.ctors)
 *crtbegin?.o(.ctors)
 *(EXCLUDE_FILE(*crtend.o *crtend?.o) .ctors)
 *(SORT_BY_NAME(.ctors.*))
 *(.ctors)
 *crtbegin.o(.dtors)
 *crtbegin?.o(.dtors)
 *(EXCLUDE_FILE(*crtend.o *crtend?.o) .dtors)
 *(SORT_BY_NAME(.dtors.*))
 *(.dtors)
                0x10006498                        . = ALIGN (0x4)
                [!provide]                        PROVIDE (__bothinit_array_start = .)
                0x10006498                        PROVIDE (__preinit_array_start = .)
 *(SORT_BY_NAME(.preinit_array.*))
 .preinit_array.00100
                0x10006498        0x4 CMakeFiles/pio_dma_test.dir/home/user/src/pico/pico-sdk/src/rp2_common/pico_runtime_init/runtime_init.c.o
                0x10006498                __pre_init_runtime_init_early_resets
 .preinit_array.00101
                0x1000649c        0x4 CMakeFiles/pio_dma_test.dir/home/user/src/pico/pico-sdk/src/rp2_common/pico_runtime_init/runtime_init.c.o
                0x1000649c                __pre_init_runtime_init_usb_power_down
 .preinit_array.00275
                0x100064a0        0x4 CMakeFiles/pio_dma_test.dir/home/user/src/pico/pico-sdk/src/rp2_common/pico_bit_ops/bit_ops_aeabi.S.o
 .preinit_array.00300
                0x100064a4        0x4 CMakeFiles/pio_dma_test.dir/home/user/src/pico/pico-sdk/src/rp2_common/pico_mem_ops/mem_ops_aeabi.S.o
 .preinit_array.00350
                0x100064a8        0x4 CMakeFiles/pio_dma_test.dir/home/user/src/pico/pico-sdk/src/rp2_common/pico_double/double_aeabi_rp2040.S.o
 .preinit_array.00350
                0x100064ac        0x4 CMakeFiles/pio_dma_test.dir/home/user/src/pico/pico-sdk/src/rp2_common/pico_float/float_aeabi_rp2040.S.o
 .preinit_array.00500
                0x100064b0        0x4 CMakeFiles/pio_dma_test.dir/home/user/src/pico/pico-sdk/src/rp2_common/pico_runtime_init/runtime_init.c.o
                0x100064b0                __pre_init_runtime_init_clocks
 .preinit_array.00600
                0x100064b4        0x4 CMakeFiles/pio_dma_test.dir/home/user/src/pico/pico-sdk/src/rp2_common/pico_runtime_init/runtime_init.c.o
                0x100064b4                __pre_init_runtime_init_post_clock_resets
 .preinit_array.00700
                0x100064b8        0x4 CMakeFiles/pio_dma_test.dir/home/user/src/pico/pico-sdk/src/rp2_common/pico_runtime_init/runtime_init.c.o
                0x100064b8                __pre_init_runtime_init_rp2040_gpio_ie_disable
 .preinit_array.01000
                0x100064bc        0x4 CMakeFiles/pio_dma_test.dir/home/user/src/pico/pico-sdk/src/rp2_common/pico_runtime_init/runtime_init.c.o
                0x100064bc                __pre_init_runtime_init_spin_locks_reset
 .preinit_array.01100
                0x100064c0        0x4 CMakeFiles/pio_dma_test.dir/home/user/src/pico/pico-sdk/src/common/pico_sync/mutex.c.o
                0x100064c0                __pre_init_runtime_init_mutex
 .preinit_array.10080
                0x100064c4        0x4 CMakeFiles/pio_dma_test.dir/home/user/src/pico/pico-sdk/src/rp2_common/pico_runtime_init/runtime_init.c.o
                0x100064c4                __pre_init_runtime_init_install_ram_vector_table
 .preinit_array.11000
                0x100064c8        0x4 CMakeFiles/pio_dma_test.dir/home/user/src/pico/pico-sdk/src/common/pico_time/time.c.o
                0x100064c8                __pre_init_runtime_init_default_alarm_pool
 .preinit_array.YYYYY
                0x100064cc        0x4 CMakeFiles/pio_dma_test.dir/home/user/src/pico/pico-sdk/src/rp2_common/pico_runtime/runtime.c.o
                0x100064cc                __pre_init_first_per_core_initializer
 .preinit_array.ZZZZZ.01200
                0x100064d0        0x4 CMakeFiles/pio_dma_test.dir/home/user/src/pico/pico-sdk/src/rp2_common/hardware_irq/irq.c.o
                0x100064d0                __pre_init_runtime_init_per_core_irq_priorities
 .preinit_array.ZZZZZ.10060
                0x100064d4        0x4 CMakeFiles/pio_dma_test.dir/home/user/src/pico/pico-sdk/src/rp2_common/pico_thread_local/thread_local.c.o
                0x100064d4                __pre_init_runtime_init_per_core_tls_setup
 *(.preinit_array)
                0x100064d8                        PROVIDE (__preinit_array_end = .)
                0x100064d8                        . = ALIGN (0x4)
                0x100064d8                        PROVIDE (__init_array_start = .)
 *(SORT_BY_NAME(.init_array.*))
 *(.init_array)
 .init_array    0x100064d8        0x4 CMakeFiles/pio_dma_test.dir/home/user/src/pico/pico-sdk/src/rp2_common/cmsis/stub/CMSIS/Device/RP2040/Source/system_RP2040.c.o
                0x100064dc                        PROVIDE (__init_array_end = .)
                [!provide]                        PROVIDE (__bothinit_array_end = .)
                0x100064dc                        . = ALIGN (0x4)
                [!provide]                        PROVIDE (__fini_array_start = .)
 *(SORT_BY_NAME(.fini_array.*))
 *(.fini_array)
                [!provide]                        PROVIDE (__fini_array_end = .)
                [!provide]                        PROVIDE (__dso_handle = 0x0)
 *(.eh_frame*)
                0x100064dc                        . = ALIGN (0x4)

.glue_7         0x100064dc        0x0
 .glue_7        0x100064dc        0x0 linker stubs

.glue_7t        0x100064dc        0x0
 .glue_7t       0x100064dc        0x0 linker stubs

.vfp11_veneer   0x100064dc        0x0
 .vfp11_veneer  0x100064dc        0x0 linker stubs

.v4_bx          0x100064dc        0x0
 .v4_bx         0x100064dc        0x0 linker stubs

.iplt           0x100064dc        0x0
 .iplt          0x100064dc        0x0 CMakeFiles/pio_dma_test.dir/src/main.c.o

.rodata         0x100064dc      0x424
 *(EXCLUDE_FILE(*libm.a: *lib*_a-mem*.o *libc.a: *libgcc.a:) .rodata*)
 .rodata.main.str1.4
                0x100064dc      0x140 CMakeFiles/pio_dma_test.dir/src/main.c.o
                                 0x32 (size before relaxing)
 .rodata.dma_test_pio_program
                0x1000661c        0x8 CMakeFiles/pio_dma_test.dir/src/main.c.o
 .rodata.dma_test_pio_program_instructions
                0x10006624        0x2 CMakeFiles/pio_dma_test.dir/src/main.c.o
 *fill*         0x10006626        0x2 
 .rodata        0x10006628       0x18 CMakeFiles/pio_dma_test.dir/src/main.c.o
 .rodata.sampling_freq_table_96K
                0x10006640       0x3e CMakeFiles/pio_dma_test.dir/src/audio_v2_mic_speaker_multichan_template.c.o
 *fill*         0x1000667e        0x2 
 .rodata.sampling_freq_table_48K
                0x10006680       0x32 CMakeFiles/pio_dma_test.dir/src/audio_v2_mic_speaker_multichan_template.c.o
 *fill*         0x100066b2        0x2 
 .rodata.audio_v2_descriptor
                0x100066b4       0x24 CMakeFiles/pio_dma_test.dir/src/audio_v2_mic_speaker_multichan_template.c.o
                0x100066b4                audio_v2_descriptor
 .rodata.str1.4
                0x100066d8       0x37 CMakeFiles/pio_dma_test.dir/src/audio_v2_mic_speaker_multichan_template.c.o
 .rodata.string_descriptors
                0x100066d8       0x10 CMakeFiles/pio_dma_test.dir/src/audio_v2_mic_speaker_multichan_template.c.o
 .rodata.__compound_literal.0
                0x100066e8        0x2 CMakeFiles/pio_dma_test.dir/src/audio_v2_mic_speaker_multichan_template.c.o
 *fill*         0x100066ea        0x2 
 .rodata.device_quality_descriptor
                0x100066ec        0xa CMakeFiles/pio_dma_test.dir/src/audio_v2_mic_speaker_multichan_template.c.o
 *fill*         0x100066f6        0x2 
 .rodata.config_descriptor
                0x100066f8      0x116 CMakeFiles/pio_dma_test.dir/src/audio_v2_mic_speaker_multichan_template.c.o
 *fill*         0x1000680e        0x2 
 .rodata.device_descriptor
                0x10006810       0x12 CMakeFiles/pio_dma_test.dir/src/audio_v2_mic_speaker_multichan_template.c.o
 *fill*         0x10006822        0x2 
 .rodata.usbd_setup_request_handler
                0x10006824       0x68 CMakeFiles/pio_dma_test.dir/CherryUSB/core/usbd_core.c.o
 .rodata.panic.str1.4
                0x1000688c       0x11 CMakeFiles/pio_dma_test.dir/home/user/src/pico/pico-sdk/src/rp2_common/pico_platform_panic/panic.c.o
 .rodata.timer_hardware_alarm_claim.str1.4
                0x1000688c       0x22 CMakeFiles/pio_dma_test.dir/home/user/src/pico/pico-sdk/src/rp2_common/hardware_timer/timer.c.o
 .rodata.hard_assertion_failure.str1.4
                0x1000688c        0xc CMakeFiles/pio_dma_test.dir/home/user/src/pico/pico-sdk/src/rp2_common/pico_runtime/runtime.c.o
 .rodata.str1.4
                0x1000688c       0x44 CMakeFiles/pio_dma_test.dir/home/user/src/pico/pico-sdk/src/rp2_common/pico_standard_binary_info/standard_binary_info.c.o
 .rodata.__bi_84
                0x1000688c        0xc CMakeFiles/pio_dma_test.dir/home/user/src/pico/pico-sdk/src/rp2_common/pico_standard_binary_info/standard_binary_info.c.o
 .rodata.__bi_78
                0x10006898        0xc CMakeFiles/pio_dma_test.dir/home/user/src/pico/pico-sdk/src/rp2_common/pico_standard_binary_info/standard_binary_info.c.o
 .rodata.__bi_54
                0x100068a4        0xc CMakeFiles/pio_dma_test.dir/home/user/src/pico/pico-sdk/src/rp2_common/pico_standard_binary_info/standard_binary_info.c.o
 .rodata.__bi_48
                0x100068b0        0xc CMakeFiles/pio_dma_test.dir/home/user/src/pico/pico-sdk/src/rp2_common/pico_standard_binary_info/standard_binary_info.c.o
 .rodata.__bi_42
                0x100068bc        0xc CMakeFiles/pio_dma_test.dir/home/user/src/pico/pico-sdk/src/rp2_common/pico_standard_binary_info/standard_binary_info.c.o
 .rodata.__bi_34
                0x100068c8        0xc CMakeFiles/pio_dma_test.dir/home/user/src/pico/pico-sdk/src/rp2_common/pico_standard_binary_info/standard_binary_info.c.o
 .rodata.__bi_26
                0x100068d4        0xc CMakeFiles/pio_dma_test.dir/home/user/src/pico/pico-sdk/src/rp2_common/pico_standard_binary_info/standard_binary_info.c.o
 .rodata.crlf_str.0
                0x100068e0        0x2 CMakeFiles/pio_dma_test.dir/home/user/src/pico/pico-sdk/src/rp2_common/pico_stdio/stdio.c.o
 .rodata.str1.4
                0x100068e2       0x2c CMakeFiles/pio_dma_test.dir/home/user/src/pico/pico-sdk/src/rp2_common/pico_stdio_uart/stdio_uart.c.o
 *fill*         0x100068e2        0x2 
 .rodata.__bi_45.4
                0x100068e4        0xc CMakeFiles/pio_dma_test.dir/home/user/src/pico/pico-sdk/src/rp2_common/pico_stdio_uart/stdio_uart.c.o
 .rodata.__bi_49.5
                0x100068f0        0x8 CMakeFiles/pio_dma_test.dir/home/user/src/pico/pico-sdk/src/rp2_common/pico_stdio_uart/stdio_uart.c.o
 .rodata.__bi_50.6
                0x100068f8        0x8 CMakeFiles/pio_dma_test.dir/home/user/src/pico/pico-sdk/src/rp2_common/pico_stdio_uart/stdio_uart.c.o
 .rodata.pio_claim_unused_sm.str1.4
                0x10006900       0x24 CMakeFiles/pio_dma_test.dir/home/user/src/pico/pico-sdk/src/rp2_common/hardware_pio/pio.c.o
 *(.srodata*)
                0x10006924                        . = ALIGN (0x4)
 *(SORT_BY_ALIGNMENT(SORT_BY_NAME(.flashdata*)))
                0x10006924                        . = ALIGN (0x4)

.ARM.extab
 *(.ARM.extab* .gnu.linkonce.armextab.*)
                0x10006900                        __exidx_start = .

.ARM.exidx
 *(.ARM.exidx* .gnu.linkonce.armexidx.*)
                0x10006900                        __exidx_end = .
                0x10006924                        . = ALIGN (0x4)
                0x10006900                        __binary_info_start = .

.binary_info    0x10006900       0x28
 *(.binary_info.keep.*)
 .binary_info.keep.__bi_ptr84
                0x10006900        0x4 CMakeFiles/pio_dma_test.dir/home/user/src/pico/pico-sdk/src/rp2_common/pico_standard_binary_info/standard_binary_info.c.o
 .binary_info.keep.__bi_ptr78
                0x10006904        0x4 CMakeFiles/pio_dma_test.dir/home/user/src/pico/pico-sdk/src/rp2_common/pico_standard_binary_info/standard_binary_info.c.o
 .binary_info.keep.__bi_ptr54
                0x10006908        0x4 CMakeFiles/pio_dma_test.dir/home/user/src/pico/pico-sdk/src/rp2_common/pico_standard_binary_info/standard_binary_info.c.o
 .binary_info.keep.__bi_ptr48
                0x1000690c        0x4 CMakeFiles/pio_dma_test.dir/home/user/src/pico/pico-sdk/src/rp2_common/pico_standard_binary_info/standard_binary_info.c.o
 .binary_info.keep.__bi_ptr42
                0x10006910        0x4 CMakeFiles/pio_dma_test.dir/home/user/src/pico/pico-sdk/src/rp2_common/pico_standard_binary_info/standard_binary_info.c.o
 .binary_info.keep.__bi_ptr34
                0x10006914        0x4 CMakeFiles/pio_dma_test.dir/home/user/src/pico/pico-sdk/src/rp2_common/pico_standard_binary_info/standard_binary_info.c.o
 .binary_info.keep.__bi_ptr26
                0x10006918        0x4 CMakeFiles/pio_dma_test.dir/home/user/src/pico/pico-sdk/src/rp2_common/pico_standard_binary_info/standard_binary_info.c.o
 *(.binary_info.*)
 .binary_info.__bi_ptr50
                0x1000691c        0x4 CMakeFiles/pio_dma_test.dir/home/user/src/pico/pico-sdk/src/rp2_common/pico_stdio_uart/stdio_uart.c.o
 .binary_info.__bi_ptr49
                0x10006920        0x4 CMakeFiles/pio_dma_test.dir/home/user/src/pico/pico-sdk/src/rp2_common/pico_stdio_uart/stdio_uart.c.o
 .binary_info.__bi_ptr45
                0x10006924        0x4 CMakeFiles/pio_dma_test.dir/home/user/src/pico/pico-sdk/src/rp2_common/pico_stdio_uart/stdio_uart.c.o
                0x10006928                        __binary_info_end = .
                0x10006928                        . = ALIGN (0x4)

.xip_ram        0x15000000        0x0 load address 0x10006928
                0x15000000                        __xip_ram_start__ = .
                0x15000000                        . = ALIGN (0x4)
 *(.xip_ram*)
                0x15000000                        . = ALIGN (0x4)
                0x15000000                        __xip_ram_end__ = .
                0x10006928                        __xip_ram_source__ = LOADADDR (.xip_ram)

.ram_vector_table
                0x20000000       0xc0
 *(.ram_vector_table)
 .ram_vector_table
                0x20000000       0xc0 CMakeFiles/pio_dma_test.dir/home/user/src/pico/pico-sdk/src/rp2_common/pico_runtime_init/runtime_init.c.o
                0x20000000                ram_vector_table

.uninitialized_data
                0x200000c0        0x0
                0x200000c0                        . = ALIGN (0x4)
 *(.uninitialized_data*)

.data           0x200000c0      0x208 load address 0x10006928
                0x200000c0                        __data_start__ = .
 *(vtable)
 *(.time_critical*)
 .time_critical.mutex_try_enter
                0x200000c0       0x40 CMakeFiles/pio_dma_test.dir/home/user/src/pico/pico-sdk/src/common/pico_sync/mutex.c.o
                0x200000c0                mutex_try_enter
 .time_critical.mutex_enter_block_until
                0x20000100       0x70 CMakeFiles/pio_dma_test.dir/home/user/src/pico/pico-sdk/src/common/pico_sync/mutex.c.o
                0x20000100                mutex_enter_block_until
 .time_critical.mutex_try_enter_block_until
                0x20000170       0x34 CMakeFiles/pio_dma_test.dir/home/user/src/pico/pico-sdk/src/common/pico_sync/mutex.c.o
                0x20000170                mutex_try_enter_block_until
 .time_critical.mutex_exit
                0x200001a4       0x28 CMakeFiles/pio_dma_test.dir/home/user/src/pico/pico-sdk/src/common/pico_sync/mutex.c.o
                0x200001a4                mutex_exit
 *(.text*)
 .text          0x200001cc        0x4 /usr/lib/gcc/arm-none-eabi/14.2.1/thumb/v6-m/nofp/libgcc.a(_dvmd_tls.o)
                0x200001cc                __aeabi_ldiv0
                0x200001cc                __aeabi_idiv0
 .text.__stub   0x200001d0       0x10 linker stubs
                0x200001e0                        . = ALIGN (0x4)
 *(.rodata*)
                0x200001e0                        . = ALIGN (0x4)
                [!provide]                        PROVIDE (__emutls_array_start = .)
 *(.*.__emutls_v.*)
                [!provide]                        PROVIDE (__emutls_array_end = .)
                0x200001e0                        . = ALIGN (0x4)
 *(.data*)
 .data.dma_pio  0x200001e0        0x4 CMakeFiles/pio_dma_test.dir/src/main.c.o
                0x200001e0                dma_pio
 .data.audio_entity_table
                0x200001e4        0xc CMakeFiles/pio_dma_test.dir/src/audio_v2_mic_speaker_multichan_template.c.o
                0x200001e4                audio_entity_table
 .data.audio_out_feedback_ep
                0x200001f0        0x8 CMakeFiles/pio_dma_test.dir/src/audio_v2_mic_speaker_multichan_template.c.o
 .data.audio_in_ep
                0x200001f8        0x8 CMakeFiles/pio_dma_test.dir/src/audio_v2_mic_speaker_multichan_template.c.o
 .data.audio_out_ep
                0x20000200        0x8 CMakeFiles/pio_dma_test.dir/src/audio_v2_mic_speaker_multichan_template.c.o
 .data.striped_spin_lock_num
                0x20000208        0x1 CMakeFiles/pio_dma_test.dir/home/user/src/pico/pico-sdk/src/rp2_common/hardware_sync/sync.c.o
 *fill*         0x20000209        0x3 
 .data          0x2000020c       0x48 CMakeFiles/pio_dma_test.dir/home/user/src/pico/pico-sdk/src/rp2_common/hardware_irq/irq_handler_chain.S.o
                0x2000020c                irq_handler_chain_slots
                0x2000023c                irq_handler_chain_first_slot
                0x20000246                irq_handler_chain_remove_tail
 *fill*         0x20000254        0x4 
 .data.last_added.0
                0x20000258        0x8 CMakeFiles/pio_dma_test.dir/home/user/src/pico/pico-sdk/src/common/pico_time/time.c.o
 .data.default_alarm_pool
                0x20000260       0x18 CMakeFiles/pio_dma_test.dir/home/user/src/pico/pico-sdk/src/common/pico_time/time.c.o
 *fill*         0x20000278        0x8 
 .data.aeabi_bits_funcs
                0x20000280       0x10 CMakeFiles/pio_dma_test.dir/home/user/src/pico/pico-sdk/src/rp2_common/pico_bit_ops/bit_ops_aeabi.S.o
                0x20000280                aeabi_bits_funcs
                0x20000290                aeabi_bits_funcs_end
 .data.aeabi_mem_funcs
                0x20000290       0x10 CMakeFiles/pio_dma_test.dir/home/user/src/pico/pico-sdk/src/rp2_common/pico_mem_ops/mem_ops_aeabi.S.o
                0x20000290                aeabi_mem_funcs
                0x200002a0                aeabi_mem_funcs_end
 .data.stdio_uart
                0x200002a0       0x18 CMakeFiles/pio_dma_test.dir/home/user/src/pico/pico-sdk/src/rp2_common/pico_stdio_uart/stdio_uart.c.o
                0x200002a0                stdio_uart
 *(.sdata*)
                0x200002b8                        . = ALIGN (0x4)
 *(.after_data.*)
                0x200002b8                        . = ALIGN (0x4)
                0x200002b8                        PROVIDE (__mutex_array_start = .)
 *(SORT_BY_NAME(.mutex_array.*))
 *(.mutex_array)
 .mutex_array   0x200002b8        0x8 CMakeFiles/pio_dma_test.dir/home/user/src/pico/pico-sdk/src/rp2_common/pico_malloc/malloc.c.o
 .mutex_array   0x200002c0        0x8 CMakeFiles/pio_dma_test.dir/home/user/src/pico/pico-sdk/src/rp2_common/pico_stdio/stdio.c.o
                0x200002c8                        PROVIDE (__mutex_array_end = .)
 *(.jcr)
                0x200002c8                        . = ALIGN (0x4)

.igot.plt       0x200002c8        0x0 load address 0x10006b30
 .igot.plt      0x200002c8        0x0 CMakeFiles/pio_dma_test.dir/src/main.c.o

.tdata          0x200002c8        0x0 load address 0x10006b30
                0x200002c8                        . = ALIGN (0x4)
 *(.tdata .tdata.* .gnu.linkonce.td.*)
                0x200002c8                        __tdata_end = .
                0x200002c8                        PROVIDE (__data_end__ = .)
                0x10006928                        __etext = LOADADDR (.data)
                0x200002c8                        . = ALIGN (0x4)

.tbss           0x200002c8        0x0 load address 0x10006b30
                0x200002c8                        __bss_start__ = .
                0x200002c8                        __tls_base = .
 *(.tbss .tbss.* .gnu.linkonce.tb.*)
 *(.tcommon)
                0x200002c8                        . = ALIGN (0x4)
                0x200002c8                        __tls_end = .

.tbss_space     0x200002c8        0x0 load address 0x10006b30
                0x200002c8                        . = (__bss_start__ + SIZEOF (.tbss))

.bss            0x20000300     0x12e4 load address 0x10006b30
                0x20000300                        . = ALIGN (0x4)
                0x20000300                        __tbss_end = .
 *(SORT_BY_ALIGNMENT(SORT_BY_NAME(.bss*)))
 .bss.dma_buff_A
                0x20000300      0x100 CMakeFiles/pio_dma_test.dir/src/main.c.o
                0x20000300                dma_buff_A
 .bss.dma_buff_B
                0x20000400      0x100 CMakeFiles/pio_dma_test.dir/src/main.c.o
                0x20000400                dma_buff_B
 .bss.default_alarm_pool_entries
                0x20000500      0x180 CMakeFiles/pio_dma_test.dir/home/user/src/pico/pico-sdk/src/common/pico_time/time.c.o
 .bss.g_rp2040_udc
                0x20000680      0x48c CMakeFiles/pio_dma_test.dir/CherryUSB/port/rp2040/usb_dc_rp2040.c.o
                0x20000680                g_rp2040_udc
 *fill*         0x20000b0c        0x4 
 .bss.sd_table  0x20000b10      0x100 CMakeFiles/pio_dma_test.dir/home/user/src/pico/pico-sdk/src/rp2_common/pico_double/double_init_rom_rp2040.c.o
                0x20000b10                sd_table
 .bss.sf_table  0x20000c10      0x100 CMakeFiles/pio_dma_test.dir/home/user/src/pico/pico-sdk/src/rp2_common/pico_float/float_init_rom_rp2040.c.o
                0x20000c10                sf_table
 .bss.SystemCoreClock
                0x20000d10        0x4 CMakeFiles/pio_dma_test.dir/home/user/src/pico/pico-sdk/src/rp2_common/cmsis/stub/CMSIS/Device/RP2040/Source/system_RP2040.c.o
                0x20000d10                SystemCoreClock
 .bss.__tls_adjusted_by_core
                0x20000d14        0x8 CMakeFiles/pio_dma_test.dir/home/user/src/pico/pico-sdk/src/rp2_common/pico_thread_local/thread_local.c.o
 .bss._used_instruction_space
                0x20000d1c        0x8 CMakeFiles/pio_dma_test.dir/home/user/src/pico/pico-sdk/src/rp2_common/hardware_pio/pio.c.o
 .bss.chars_available_callback
                0x20000d24        0x4 CMakeFiles/pio_dma_test.dir/home/user/src/pico/pico-sdk/src/rp2_common/pico_stdio_uart/stdio_uart.c.o
 .bss.chars_available_param
                0x20000d28        0x4 CMakeFiles/pio_dma_test.dir/home/user/src/pico/pico-sdk/src/rp2_common/pico_stdio_uart/stdio_uart.c.o
 .bss.claimed   0x20000d2c        0x1 CMakeFiles/pio_dma_test.dir/home/user/src/pico/pico-sdk/src/rp2_common/hardware_timer/timer.c.o
 *fill*         0x20000d2d        0x3 
 .bss.claimed   0x20000d30        0x1 CMakeFiles/pio_dma_test.dir/home/user/src/pico/pico-sdk/src/rp2_common/hardware_pio/pio.c.o
 *fill*         0x20000d31        0x3 
 .bss.configured_freq
                0x20000d34       0x28 CMakeFiles/pio_dma_test.dir/home/user/src/pico/pico-sdk/src/rp2_common/hardware_clocks/clocks.c.o
 .bss.core_status
                0x20000d5c        0x2 CMakeFiles/pio_dma_test.dir/home/user/src/pico/pico-sdk/src/rp2_common/pico_multicore/multicore.c.o
 *fill*         0x20000d5e        0x2 
 .bss.drivers   0x20000d60        0x4 CMakeFiles/pio_dma_test.dir/home/user/src/pico/pico-sdk/src/rp2_common/pico_stdio/stdio.c.o
 .bss.filter    0x20000d64        0x4 CMakeFiles/pio_dma_test.dir/home/user/src/pico/pico-sdk/src/rp2_common/pico_stdio/stdio.c.o
 .bss.g_core1_rdy
                0x20000d68        0x4 CMakeFiles/pio_dma_test.dir/src/main.c.o
                0x20000d68                g_core1_rdy
 .bss.g_usbd_audio
                0x20000d6c        0x8 CMakeFiles/pio_dma_test.dir/CherryUSB/class/audio/usbd_audio.c.o
                0x20000d6c                g_usbd_audio
 .bss.g_usbd_core
                0x20000d74      0x5fc CMakeFiles/pio_dma_test.dir/CherryUSB/core/usbd_core.c.o
                0x20000d74                g_usbd_core
 .bss.g_usbdev_bus
                0x20001370        0x8 CMakeFiles/pio_dma_test.dir/CherryUSB/core/usbd_core.c.o
                0x20001370                g_usbdev_bus
 .bss.intf0     0x20001378       0x1c CMakeFiles/pio_dma_test.dir/src/audio_v2_mic_speaker_multichan_template.c.o
                0x20001378                intf0
 .bss.intf1     0x20001394       0x1c CMakeFiles/pio_dma_test.dir/src/audio_v2_mic_speaker_multichan_template.c.o
                0x20001394                intf1
 .bss.intf2     0x200013b0       0x1c CMakeFiles/pio_dma_test.dir/src/audio_v2_mic_speaker_multichan_template.c.o
                0x200013b0                intf2
 .bss.last_out_bytes
                0x200013cc        0x4 CMakeFiles/pio_dma_test.dir/src/audio_v2_mic_speaker_multichan_template.c.o
                0x200013cc                last_out_bytes
 .bss.lazy_vsnprintf
                0x200013d0        0x4 CMakeFiles/pio_dma_test.dir/home/user/src/pico/pico-sdk/src/rp2_common/pico_printf/printf.c.o
 .bss.pools     0x200013d4       0x10 CMakeFiles/pio_dma_test.dir/home/user/src/pico/pico-sdk/src/common/pico_time/time.c.o
 .bss.s_mic_sample_rate
                0x200013e4        0x4 CMakeFiles/pio_dma_test.dir/src/audio_v2_mic_speaker_multichan_template.c.o
                0x200013e4                s_mic_sample_rate
 .bss.s_speaker_feedback_buffer
                0x200013e8        0x4 CMakeFiles/pio_dma_test.dir/src/audio_v2_mic_speaker_multichan_template.c.o
                0x200013e8                s_speaker_feedback_buffer
 .bss.s_speaker_sample_rate
                0x200013ec        0x4 CMakeFiles/pio_dma_test.dir/src/audio_v2_mic_speaker_multichan_template.c.o
                0x200013ec                s_speaker_sample_rate
 .bss.sf_clz_func
                0x200013f0        0x4 CMakeFiles/pio_dma_test.dir/home/user/src/pico/pico-sdk/src/rp2_common/pico_double/double_init_rom_rp2040.c.o
                0x200013f0                sf_clz_func
 .bss.sleep_notifier
                0x200013f4        0x4 CMakeFiles/pio_dma_test.dir/home/user/src/pico/pico-sdk/src/common/pico_time/time.c.o
 .bss.uac_read_buffer
                0x200013f8      0x1e0 CMakeFiles/pio_dma_test.dir/src/audio_v2_mic_speaker_multichan_template.c.o
                0x200013f8                uac_read_buffer
 .bss.uart_char_to_line_feed
                0x200015d8        0x4 CMakeFiles/pio_dma_test.dir/home/user/src/pico/pico-sdk/src/rp2_common/hardware_uart/uart.c.o
                0x200015d8                uart_char_to_line_feed
 .bss.uart_instance
                0x200015dc        0x4 CMakeFiles/pio_dma_test.dir/home/user/src/pico/pico-sdk/src/rp2_common/pico_stdio_uart/stdio_uart.c.o
 .bss.g_USB_tx_state
                0x200015e0        0x1 CMakeFiles/pio_dma_test.dir/src/audio_v2_mic_speaker_multichan_template.c.o
                0x200015e0                g_USB_tx_state
 .bss.irq_handler_chain_free_slot_head
                0x200015e1        0x1 CMakeFiles/pio_dma_test.dir/home/user/src/pico/pico-sdk/src/rp2_common/hardware_irq/irq.c.o
 .bss.rx_flag   0x200015e2        0x1 CMakeFiles/pio_dma_test.dir/src/audio_v2_mic_speaker_multichan_template.c.o
                0x200015e2                rx_flag
 .bss.usb_is_ready
                0x200015e3        0x1 CMakeFiles/pio_dma_test.dir/src/audio_v2_mic_speaker_multichan_template.c.o
                0x200015e3                usb_is_ready
 *(COMMON)
                [!provide]                        PROVIDE (__global_pointer$ = (. + 0x800))
 *(.sbss*)
                0x200015e4                        . = ALIGN (0x4)
                0x200015e4                        __bss_end__ = .
                [!provide]                        PROVIDE (__tls_start = SIZEOF (.tdata)?ADDR (.tdata):ADDR (.tbss))
                [!provide]                        PROVIDE (__tls_size = (__tls_end - __tls_start))
                0x00000001                        PROVIDE (__tls_align = MAX (ALIGNOF (.tdata), ALIGNOF (.tbss)))
                [!provide]                        PROVIDE (__tls_size_align = ALIGN (__tls_size, __tls_align))
                0x00000008                        PROVIDE (__arm32_tls_tcb_offset = MAX (0x8, __tls_align))
                0x00000000                        PROVIDE (__tdata_size = SIZEOF (.tdata))
                0x10006b30                        PROVIDE (__tdata_source = LOADADDR (.tdata))
                0x00000000                        PROVIDE (__tbss_size = SIZEOF (.tbss))
                [!provide]                        PROVIDE (__tbss_offset = (ADDR (.tbss) - __tls_start))

.tlsX_not_needed_marker
 *(.tlsX_not_needed_marker)
                [!provide]                        PROVIDE (__tlsX_align = (SIZEOF (.tlsX_not_needed_marker) > 0x0)?0x4:__tls_align)
                [!provide]                        PROVIDE (__tlsX_size_align = (SIZEOF (.tlsX_not_needed_marker) > 0x0)?0x0:__tls_size_align)
                0x200002c8                        __tls_start = DEFINED (__tls_start)?__tls_start:SIZEOF (.tdata)?ADDR (.tdata):ADDR (.tbss)
                0x00000000                        __tls_size = DEFINED (__tls_size)?__tls_size:(__tls_end - __tls_start)
                0x00000001                        __tls_align = DEFINED (__tls_align)?__tls_align:MAX (ALIGNOF (.tdata), ALIGNOF (.tbss))
                0x00000000                        __tls_size_align = DEFINED (__tls_size_align)?__tls_size_align:ALIGN (__tls_size, __tls_align)
                0x00000008                        __arm32_tls_tcb_offset = DEFINED (__arm32_tls_tcb_offset)?__arm32_tls_tcb_offset:MAX (0x8, __tls_align)
                0x00000000                        __tdata_size = DEFINED (__tdata_size)?__tdata_size:SIZEOF (.tdata)
                0x10006b30                        __tdata_source = DEFINED (__tdata_source)?__tdata_source:LOADADDR (.tdata)
                0x00000000                        __tbss_size = DEFINED (__tbss_size)?__tbss_size:SIZEOF (.tbss)
                0x00000000                        __tbss_offset = DEFINED (__tbss_offset)?__tbss_offset:(ADDR (.tbss) - __tls_start)
                0x00000001                        __tlsX_align = DEFINED (__tlsX_align)?__tlsX_align:(SIZEOF (.tlsX_not_needed_marker) > 0x0)?0x4:__tls_align
                0x00000000                        __tlsX_size_align = DEFINED (__tlsX_size_align)?__tlsX_size_align:(SIZEOF (.tlsX_not_needed_marker) > 0x0)?0x0:__tls_size_align

.tls0           0x200015e4        0x0 load address 0x10006b30
                0x200015e4                        . = ALIGN (__tlsX_align)
                0x200015e4                        PROVIDE (__tls0_base = .)
                0x200015e4                        . = (. + __tlsX_size_align)

.tls1           0x200015e4        0x0 load address 0x10006b30
                0x200015e4                        . = ALIGN (__tlsX_align)
                0x200015e4                        PROVIDE (__tls1_base = .)
                0x200015e4                        . = (. + __tlsX_size_align)

.persistent_data
                0x200015e4        0x0 load address 0x10006b30
                0x200015e4                        __persistent_data_start__ = .
 *(.persistent_data*)
                0x200015e4                        . = ALIGN (0x4)
                [!provide]                        PROVIDE (__persistent_data_end__ = .)

.dummy_pre_heap
                0x200015e4        0x0 load address 0x10006b30
                0x200015e4                        . = .

.heap           0x200015e4      0x800
                0x200015e4                        __end__ = .
                0x200015e4                        end = __end__
 *(.heap*)
 .heap          0x200015e4      0x800 CMakeFiles/pio_dma_test.dir/home/user/src/pico/pico-sdk/src/rp2_common/pico_crt0/crt0.S.o
                0x20040000                        __HeapLimit = DEFINED (HEAP_LIMIT)?HEAP_LIMIT:(ORIGIN (RAM) + LENGTH (RAM))

.scratch_x      0x20040000       0x40 load address 0x10006b30
                0x20040000                        __scratch_x_start__ = .
 *(.scratch_x.*)
 .scratch_x.rb32_functions
                0x20040000       0x40 CMakeFiles/pio_dma_test.dir/src/main.c.o
                0x20040000                core1_routine
                0x20040040                        . = ALIGN (0x4)
                0x20040040                        __scratch_x_end__ = .
                0x10006b30                        __scratch_x_source__ = LOADADDR (.scratch_x)

.scratch_y      0x20041000        0x0 load address 0x10006b70
                0x20041000                        __scratch_y_start__ = .
 *(.scratch_y.*)
                0x20041000                        . = ALIGN (0x4)
                0x20041000                        __scratch_y_end__ = .
                0x10006b70                        __scratch_y_source__ = LOADADDR (.scratch_y)

.stack1_dummy   0x20040040      0x800
 *(.stack1*)
 .stack1        0x20040040      0x800 CMakeFiles/pio_dma_test.dir/home/user/src/pico/pico-sdk/src/rp2_common/pico_multicore/multicore.c.o

.stack_dummy    0x20041000      0x800
 *(.stack*)
 .stack         0x20041000      0x800 CMakeFiles/pio_dma_test.dir/home/user/src/pico/pico-sdk/src/rp2_common/pico_crt0/crt0.S.o

.rel.dyn        0x20041800        0x0
 .rel.iplt      0x20041800        0x0 CMakeFiles/pio_dma_test.dir/src/main.c.o

.flash_end      0x10006b70        0x0
 *(.embedded_end_block*)
                0x10006b70                        PROVIDE (__flash_binary_end = .)
                0x20040000                        __StackLimit = (ORIGIN (RAM) + LENGTH (RAM))
                0x20041000                        __StackOneTop = (ORIGIN (SCRATCH_X) + LENGTH (SCRATCH_X))
                0x20042000                        __StackTop = (ORIGIN (SCRATCH_Y) + LENGTH (SCRATCH_Y))
                0x20040800                        __StackOneBottom = (__StackOneTop - SIZEOF (.stack1_dummy))
                0x20041800                        __StackBottom = (__StackTop - SIZEOF (.stack_dummy))
                [!provide]                        PROVIDE (__stack = __StackTop)
                [!provide]                        PROVIDE (__heap_start = __end__)
                [!provide]                        PROVIDE (__heap_end = __HeapLimit)
                0x00000001                        PROVIDE (__tls_align = MAX (ALIGNOF (.tdata), ALIGNOF (.tbss)))
                [!provide]                        PROVIDE (__tls_size_align = (((__tls_size + __tls_align) - 0x1) & ~ ((__tls_align - 0x1))))
                0x00000008                        PROVIDE (__arm32_tls_tcb_offset = MAX (0x8, __tls_align))
                [!provide]                        PROVIDE (_end = __end__)
                [!provide]                        PROVIDE (__llvm_libc_heap_limit = __HeapLimit)
                0x00000001                        ASSERT ((__StackLimit >= __HeapLimit), region RAM overflowed)
                0x00000001                        ASSERT (((__binary_info_header_end - __logical_binary_start) <= 0x100), Binary info must be in first 256 bytes of the binary)
OUTPUT(../bin/pio_dma_test.elf elf32-littlearm)
LOAD linker stubs

.debug_info     0x00000000    0x2b72e
 .debug_info    0x00000000     0x2495 CMakeFiles/pio_dma_test.dir/src/main.c.o
 .debug_info    0x00002495     0x1264 CMakeFiles/pio_dma_test.dir/src/audio_v2_mic_speaker_multichan_template.c.o
 .debug_info    0x000036f9     0x25dd CMakeFiles/pio_dma_test.dir/CherryUSB/core/usbd_core.c.o
 .debug_info    0x00005cd6     0x1336 CMakeFiles/pio_dma_test.dir/CherryUSB/class/audio/usbd_audio.c.o
 .debug_info    0x0000700c     0x22e3 CMakeFiles/pio_dma_test.dir/CherryUSB/port/rp2040/usb_dc_rp2040.c.o
 .debug_info    0x000092ef     0x235c CMakeFiles/pio_dma_test.dir/home/user/src/pico/pico-sdk/src/rp2_common/hardware_gpio/gpio.c.o
 .debug_info    0x0000b64b      0x1bf CMakeFiles/pio_dma_test.dir/home/user/src/pico/pico-sdk/src/rp2_common/pico_platform_panic/panic.c.o
 .debug_info    0x0000b80a      0x986 CMakeFiles/pio_dma_test.dir/home/user/src/pico/pico-sdk/src/common/hardware_claim/claim.c.o
 .debug_info    0x0000c190      0x440 CMakeFiles/pio_dma_test.dir/home/user/src/pico/pico-sdk/src/rp2_common/hardware_sync/sync.c.o
 .debug_info    0x0000c5d0      0x237 CMakeFiles/pio_dma_test.dir/home/user/src/pico/pico-sdk/src/rp2_common/hardware_sync_spin_lock/sync_spin_lock.c.o
 .debug_info    0x0000c807     0x22a2 CMakeFiles/pio_dma_test.dir/home/user/src/pico/pico-sdk/src/rp2_common/hardware_irq/irq.c.o
 .debug_info    0x0000eaa9      0x155 CMakeFiles/pio_dma_test.dir/home/user/src/pico/pico-sdk/src/common/pico_sync/lock_core.c.o
 .debug_info    0x0000ebfe     0x1baf CMakeFiles/pio_dma_test.dir/home/user/src/pico/pico-sdk/src/common/pico_sync/mutex.c.o
 .debug_info    0x000107ad     0x5042 CMakeFiles/pio_dma_test.dir/home/user/src/pico/pico-sdk/src/common/pico_time/time.c.o
 .debug_info    0x000157ef     0x2afb CMakeFiles/pio_dma_test.dir/home/user/src/pico/pico-sdk/src/rp2_common/hardware_timer/timer.c.o
 .debug_info    0x000182ea     0x1a9e CMakeFiles/pio_dma_test.dir/home/user/src/pico/pico-sdk/src/rp2_common/hardware_uart/uart.c.o
 .debug_info    0x00019d88     0x2eca CMakeFiles/pio_dma_test.dir/home/user/src/pico/pico-sdk/src/rp2_common/hardware_clocks/clocks.c.o
 .debug_info    0x0001cc52      0x4d9 CMakeFiles/pio_dma_test.dir/home/user/src/pico/pico-sdk/src/rp2_common/hardware_pll/pll.c.o
 .debug_info    0x0001d12b      0x230 CMakeFiles/pio_dma_test.dir/home/user/src/pico/pico-sdk/src/rp2_common/hardware_ticks/ticks.c.o
 .debug_info    0x0001d35b      0x654 CMakeFiles/pio_dma_test.dir/home/user/src/pico/pico-sdk/src/rp2_common/pico_bootrom/bootrom.c.o
 .debug_info    0x0001d9af      0x1b8 CMakeFiles/pio_dma_test.dir/home/user/src/pico/pico-sdk/src/rp2_common/hardware_xosc/xosc.c.o
 .debug_info    0x0001db67      0x20e CMakeFiles/pio_dma_test.dir/home/user/src/pico/pico-sdk/src/rp2_common/pico_runtime/runtime.c.o
 .debug_info    0x0001dd75      0x7d2 CMakeFiles/pio_dma_test.dir/home/user/src/pico/pico-sdk/src/rp2_common/pico_runtime_init/runtime_init.c.o
 .debug_info    0x0001e547      0x769 CMakeFiles/pio_dma_test.dir/home/user/src/pico/pico-sdk/src/rp2_common/pico_runtime_init/runtime_init_clocks.c.o
 .debug_info    0x0001ecb0       0x23 CMakeFiles/pio_dma_test.dir/home/user/src/pico/pico-sdk/src/rp2_common/pico_bit_ops/bit_ops_aeabi.S.o
 .debug_info    0x0001ecd3       0x23 CMakeFiles/pio_dma_test.dir/home/user/src/pico/pico-sdk/src/rp2_common/pico_divider/divider_hardware.S.o
 .debug_info    0x0001ecf6       0x23 CMakeFiles/pio_dma_test.dir/home/user/src/pico/pico-sdk/src/rp2_common/pico_double/double_aeabi_rp2040.S.o
 .debug_info    0x0001ed19      0x268 CMakeFiles/pio_dma_test.dir/home/user/src/pico/pico-sdk/src/rp2_common/pico_double/double_init_rom_rp2040.c.o
 .debug_info    0x0001ef81       0x23 CMakeFiles/pio_dma_test.dir/home/user/src/pico/pico-sdk/src/rp2_common/pico_double/double_v1_rom_shim_rp2040.S.o
 .debug_info    0x0001efa4       0x24 CMakeFiles/pio_dma_test.dir/home/user/src/pico/pico-sdk/src/rp2_common/pico_int64_ops/pico_int64_ops_aeabi.S.o
 .debug_info    0x0001efc8       0x23 CMakeFiles/pio_dma_test.dir/home/user/src/pico/pico-sdk/src/rp2_common/pico_float/float_aeabi_rp2040.S.o
 .debug_info    0x0001efeb      0x268 CMakeFiles/pio_dma_test.dir/home/user/src/pico/pico-sdk/src/rp2_common/pico_float/float_init_rom_rp2040.c.o
 .debug_info    0x0001f253       0x23 CMakeFiles/pio_dma_test.dir/home/user/src/pico/pico-sdk/src/rp2_common/pico_float/float_v1_rom_shim_rp2040.S.o
 .debug_info    0x0001f276      0x625 CMakeFiles/pio_dma_test.dir/home/user/src/pico/pico-sdk/src/rp2_common/pico_malloc/malloc.c.o
 .debug_info    0x0001f89b       0x23 CMakeFiles/pio_dma_test.dir/home/user/src/pico/pico-sdk/src/rp2_common/pico_mem_ops/mem_ops_aeabi.S.o
 .debug_info    0x0001f8be      0x278 CMakeFiles/pio_dma_test.dir/home/user/src/pico/pico-sdk/src/rp2_common/pico_standard_binary_info/standard_binary_info.c.o
 .debug_info    0x0001fb36     0x22da CMakeFiles/pio_dma_test.dir/home/user/src/pico/pico-sdk/src/rp2_common/pico_printf/printf.c.o
 .debug_info    0x00021e10       0x23 CMakeFiles/pio_dma_test.dir/home/user/src/pico/pico-sdk/src/rp2_common/pico_crt0/crt0.S.o
 .debug_info    0x00021e33      0xbd0 CMakeFiles/pio_dma_test.dir/home/user/src/pico/pico-sdk/src/rp2_common/pico_clib_interface/newlib_interface.c.o
 .debug_info    0x00022a03     0x1e03 CMakeFiles/pio_dma_test.dir/home/user/src/pico/pico-sdk/src/rp2_common/pico_stdio/stdio.c.o
 .debug_info    0x00024806     0x1592 CMakeFiles/pio_dma_test.dir/home/user/src/pico/pico-sdk/src/rp2_common/pico_stdio_uart/stdio_uart.c.o
 .debug_info    0x00025d98      0x49f CMakeFiles/pio_dma_test.dir/home/user/src/pico/pico-sdk/src/rp2_common/pico_thread_local/thread_local.c.o
 .debug_info    0x00026237      0x2a7 CMakeFiles/pio_dma_test.dir/home/user/src/pico/pico-sdk/src/rp2_common/cmsis/stub/CMSIS/Device/RP2040/Source/system_RP2040.c.o
 .debug_info    0x000264de     0x20ab CMakeFiles/pio_dma_test.dir/home/user/src/pico/pico-sdk/src/rp2_common/pico_multicore/multicore.c.o
 .debug_info    0x00028589     0x307e CMakeFiles/pio_dma_test.dir/home/user/src/pico/pico-sdk/src/rp2_common/hardware_pio/pio.c.o
 .debug_info    0x0002b607       0x3c /usr/lib/gcc/arm-none-eabi/14.2.1/thumb/v6-m/nofp/libgcc.a(_dvmd_tls.o)
 .debug_info    0x0002b643       0xeb /usr/lib/gcc/arm-none-eabi/14.2.1/../../../arm-none-eabi/lib/thumb/v6-m/nofp/libg.a(libc_a-strlen-stub.o)

.debug_abbrev   0x00000000     0x7a2f
 .debug_abbrev  0x00000000      0x54a CMakeFiles/pio_dma_test.dir/src/main.c.o
 .debug_abbrev  0x0000054a      0x426 CMakeFiles/pio_dma_test.dir/src/audio_v2_mic_speaker_multichan_template.c.o
 .debug_abbrev  0x00000970      0x50a CMakeFiles/pio_dma_test.dir/CherryUSB/core/usbd_core.c.o
 .debug_abbrev  0x00000e7a      0x425 CMakeFiles/pio_dma_test.dir/CherryUSB/class/audio/usbd_audio.c.o
 .debug_abbrev  0x0000129f      0x55e CMakeFiles/pio_dma_test.dir/CherryUSB/port/rp2040/usb_dc_rp2040.c.o
 .debug_abbrev  0x000017fd      0x4d9 CMakeFiles/pio_dma_test.dir/home/user/src/pico/pico-sdk/src/rp2_common/hardware_gpio/gpio.c.o
 .debug_abbrev  0x00001cd6      0x12b CMakeFiles/pio_dma_test.dir/home/user/src/pico/pico-sdk/src/rp2_common/pico_platform_panic/panic.c.o
 .debug_abbrev  0x00001e01      0x32a CMakeFiles/pio_dma_test.dir/home/user/src/pico/pico-sdk/src/common/hardware_claim/claim.c.o
 .debug_abbrev  0x0000212b      0x212 CMakeFiles/pio_dma_test.dir/home/user/src/pico/pico-sdk/src/rp2_common/hardware_sync/sync.c.o
 .debug_abbrev  0x0000233d      0x1ae CMakeFiles/pio_dma_test.dir/home/user/src/pico/pico-sdk/src/rp2_common/hardware_sync_spin_lock/sync_spin_lock.c.o
 .debug_abbrev  0x000024eb      0x5ed CMakeFiles/pio_dma_test.dir/home/user/src/pico/pico-sdk/src/rp2_common/hardware_irq/irq.c.o
 .debug_abbrev  0x00002ad8       0xee CMakeFiles/pio_dma_test.dir/home/user/src/pico/pico-sdk/src/common/pico_sync/lock_core.c.o
 .debug_abbrev  0x00002bc6      0x454 CMakeFiles/pio_dma_test.dir/home/user/src/pico/pico-sdk/src/common/pico_sync/mutex.c.o
 .debug_abbrev  0x0000301a      0x67d CMakeFiles/pio_dma_test.dir/home/user/src/pico/pico-sdk/src/common/pico_time/time.c.o
 .debug_abbrev  0x00003697      0x4f3 CMakeFiles/pio_dma_test.dir/home/user/src/pico/pico-sdk/src/rp2_common/hardware_timer/timer.c.o
 .debug_abbrev  0x00003b8a      0x364 CMakeFiles/pio_dma_test.dir/home/user/src/pico/pico-sdk/src/rp2_common/hardware_uart/uart.c.o
 .debug_abbrev  0x00003eee      0x56e CMakeFiles/pio_dma_test.dir/home/user/src/pico/pico-sdk/src/rp2_common/hardware_clocks/clocks.c.o
 .debug_abbrev  0x0000445c      0x1d2 CMakeFiles/pio_dma_test.dir/home/user/src/pico/pico-sdk/src/rp2_common/hardware_pll/pll.c.o
 .debug_abbrev  0x0000462e      0x145 CMakeFiles/pio_dma_test.dir/home/user/src/pico/pico-sdk/src/rp2_common/hardware_ticks/ticks.c.o
 .debug_abbrev  0x00004773      0x1bc CMakeFiles/pio_dma_test.dir/home/user/src/pico/pico-sdk/src/rp2_common/pico_bootrom/bootrom.c.o
 .debug_abbrev  0x0000492f      0x11d CMakeFiles/pio_dma_test.dir/home/user/src/pico/pico-sdk/src/rp2_common/hardware_xosc/xosc.c.o
 .debug_abbrev  0x00004a4c      0x185 CMakeFiles/pio_dma_test.dir/home/user/src/pico/pico-sdk/src/rp2_common/pico_runtime/runtime.c.o
 .debug_abbrev  0x00004bd1      0x26b CMakeFiles/pio_dma_test.dir/home/user/src/pico/pico-sdk/src/rp2_common/pico_runtime_init/runtime_init.c.o
 .debug_abbrev  0x00004e3c      0x2af CMakeFiles/pio_dma_test.dir/home/user/src/pico/pico-sdk/src/rp2_common/pico_runtime_init/runtime_init_clocks.c.o
 .debug_abbrev  0x000050eb       0x12 CMakeFiles/pio_dma_test.dir/home/user/src/pico/pico-sdk/src/rp2_common/pico_bit_ops/bit_ops_aeabi.S.o
 .debug_abbrev  0x000050fd       0x12 CMakeFiles/pio_dma_test.dir/home/user/src/pico/pico-sdk/src/rp2_common/pico_divider/divider_hardware.S.o
 .debug_abbrev  0x0000510f       0x12 CMakeFiles/pio_dma_test.dir/home/user/src/pico/pico-sdk/src/rp2_common/pico_double/double_aeabi_rp2040.S.o
 .debug_abbrev  0x00005121      0x17a CMakeFiles/pio_dma_test.dir/home/user/src/pico/pico-sdk/src/rp2_common/pico_double/double_init_rom_rp2040.c.o
 .debug_abbrev  0x0000529b       0x12 CMakeFiles/pio_dma_test.dir/home/user/src/pico/pico-sdk/src/rp2_common/pico_double/double_v1_rom_shim_rp2040.S.o
 .debug_abbrev  0x000052ad       0x14 CMakeFiles/pio_dma_test.dir/home/user/src/pico/pico-sdk/src/rp2_common/pico_int64_ops/pico_int64_ops_aeabi.S.o
 .debug_abbrev  0x000052c1       0x12 CMakeFiles/pio_dma_test.dir/home/user/src/pico/pico-sdk/src/rp2_common/pico_float/float_aeabi_rp2040.S.o
 .debug_abbrev  0x000052d3      0x173 CMakeFiles/pio_dma_test.dir/home/user/src/pico/pico-sdk/src/rp2_common/pico_float/float_init_rom_rp2040.c.o
 .debug_abbrev  0x00005446       0x12 CMakeFiles/pio_dma_test.dir/home/user/src/pico/pico-sdk/src/rp2_common/pico_float/float_v1_rom_shim_rp2040.S.o
 .debug_abbrev  0x00005458      0x211 CMakeFiles/pio_dma_test.dir/home/user/src/pico/pico-sdk/src/rp2_common/pico_malloc/malloc.c.o
 .debug_abbrev  0x00005669       0x12 CMakeFiles/pio_dma_test.dir/home/user/src/pico/pico-sdk/src/rp2_common/pico_mem_ops/mem_ops_aeabi.S.o
 .debug_abbrev  0x0000567b       0xb9 CMakeFiles/pio_dma_test.dir/home/user/src/pico/pico-sdk/src/rp2_common/pico_standard_binary_info/standard_binary_info.c.o
 .debug_abbrev  0x00005734      0x50c CMakeFiles/pio_dma_test.dir/home/user/src/pico/pico-sdk/src/rp2_common/pico_printf/printf.c.o
 .debug_abbrev  0x00005c40       0x12 CMakeFiles/pio_dma_test.dir/home/user/src/pico/pico-sdk/src/rp2_common/pico_crt0/crt0.S.o
 .debug_abbrev  0x00005c52      0x36b CMakeFiles/pio_dma_test.dir/home/user/src/pico/pico-sdk/src/rp2_common/pico_clib_interface/newlib_interface.c.o
 .debug_abbrev  0x00005fbd      0x5d9 CMakeFiles/pio_dma_test.dir/home/user/src/pico/pico-sdk/src/rp2_common/pico_stdio/stdio.c.o
 .debug_abbrev  0x00006596      0x494 CMakeFiles/pio_dma_test.dir/home/user/src/pico/pico-sdk/src/rp2_common/pico_stdio_uart/stdio_uart.c.o
 .debug_abbrev  0x00006a2a      0x2b9 CMakeFiles/pio_dma_test.dir/home/user/src/pico/pico-sdk/src/rp2_common/pico_thread_local/thread_local.c.o
 .debug_abbrev  0x00006ce3      0x107 CMakeFiles/pio_dma_test.dir/home/user/src/pico/pico-sdk/src/rp2_common/cmsis/stub/CMSIS/Device/RP2040/Source/system_RP2040.c.o
 .debug_abbrev  0x00006dea      0x651 CMakeFiles/pio_dma_test.dir/home/user/src/pico/pico-sdk/src/rp2_common/pico_multicore/multicore.c.o
 .debug_abbrev  0x0000743b      0x53e CMakeFiles/pio_dma_test.dir/home/user/src/pico/pico-sdk/src/rp2_common/hardware_pio/pio.c.o
 .debug_abbrev  0x00007979       0x26 /usr/lib/gcc/arm-none-eabi/14.2.1/thumb/v6-m/nofp/libgcc.a(_dvmd_tls.o)
 .debug_abbrev  0x0000799f       0x90 /usr/lib/gcc/arm-none-eabi/14.2.1/../../../arm-none-eabi/lib/thumb/v6-m/nofp/libg.a(libc_a-strlen-stub.o)

.debug_loclists
                0x00000000    0x1dcd8
 .debug_loclists
                0x00000000      0xa1a CMakeFiles/pio_dma_test.dir/src/main.c.o
 .debug_loclists
                0x00000a1a      0x4e3 CMakeFiles/pio_dma_test.dir/src/audio_v2_mic_speaker_multichan_template.c.o
 .debug_loclists
                0x00000efd     0x3a5c CMakeFiles/pio_dma_test.dir/CherryUSB/core/usbd_core.c.o
 .debug_loclists
                0x00004959     0x1d6d CMakeFiles/pio_dma_test.dir/CherryUSB/class/audio/usbd_audio.c.o
 .debug_loclists
                0x000066c6     0x379c CMakeFiles/pio_dma_test.dir/CherryUSB/port/rp2040/usb_dc_rp2040.c.o
 .debug_loclists
                0x00009e62     0x1b58 CMakeFiles/pio_dma_test.dir/home/user/src/pico/pico-sdk/src/rp2_common/hardware_gpio/gpio.c.o
 .debug_loclists
                0x0000b9ba      0x349 CMakeFiles/pio_dma_test.dir/home/user/src/pico/pico-sdk/src/common/hardware_claim/claim.c.o
 .debug_loclists
                0x0000bd03      0x108 CMakeFiles/pio_dma_test.dir/home/user/src/pico/pico-sdk/src/rp2_common/hardware_sync/sync.c.o
 .debug_loclists
                0x0000be0b       0x7d CMakeFiles/pio_dma_test.dir/home/user/src/pico/pico-sdk/src/rp2_common/hardware_sync_spin_lock/sync_spin_lock.c.o
 .debug_loclists
                0x0000be88     0x12ed CMakeFiles/pio_dma_test.dir/home/user/src/pico/pico-sdk/src/rp2_common/hardware_irq/irq.c.o
 .debug_loclists
                0x0000d175       0x41 CMakeFiles/pio_dma_test.dir/home/user/src/pico/pico-sdk/src/common/pico_sync/lock_core.c.o
 .debug_loclists